Archive member included to satisfy reference by file (symbol)

c:/program files (x86)/atollic/truestudio for arm 8.0.0/armtools/bin/../lib/gcc/arm-atollic-eabi/6.3.1/../../../../arm-atollic-eabi/lib/armv7-m\libc_nano.a(lib_a-atoi.o)
                              src\main.o (atoi)
c:/program files (x86)/atollic/truestudio for arm 8.0.0/armtools/bin/../lib/gcc/arm-atollic-eabi/6.3.1/../../../../arm-atollic-eabi/lib/armv7-m\libc_nano.a(lib_a-init.o)
                              src\startup_stm32f2xx.o (__libc_init_array)
c:/program files (x86)/atollic/truestudio for arm 8.0.0/armtools/bin/../lib/gcc/arm-atollic-eabi/6.3.1/../../../../arm-atollic-eabi/lib/armv7-m\libc_nano.a(lib_a-memcpy-stub.o)
                              src\position.o (memcpy)
c:/program files (x86)/atollic/truestudio for arm 8.0.0/armtools/bin/../lib/gcc/arm-atollic-eabi/6.3.1/../../../../arm-atollic-eabi/lib/armv7-m\libc_nano.a(lib_a-memset.o)
                              src\fatfs\stm32_ub_sdcard.o (memset)
c:/program files (x86)/atollic/truestudio for arm 8.0.0/armtools/bin/../lib/gcc/arm-atollic-eabi/6.3.1/../../../../arm-atollic-eabi/lib/armv7-m\libc_nano.a(lib_a-snprintf.o)
                              src\main.o (snprintf)
c:/program files (x86)/atollic/truestudio for arm 8.0.0/armtools/bin/../lib/gcc/arm-atollic-eabi/6.3.1/../../../../arm-atollic-eabi/lib/armv7-m\libc_nano.a(lib_a-strcpy.o)
                              src\main.o (strcpy)
c:/program files (x86)/atollic/truestudio for arm 8.0.0/armtools/bin/../lib/gcc/arm-atollic-eabi/6.3.1/../../../../arm-atollic-eabi/lib/armv7-m\libc_nano.a(lib_a-strlen.o)
                              src\AF.o (strlen)
c:/program files (x86)/atollic/truestudio for arm 8.0.0/armtools/bin/../lib/gcc/arm-atollic-eabi/6.3.1/../../../../arm-atollic-eabi/lib/armv7-m\libc_nano.a(lib_a-strncat.o)
                              src\main.o (strncat)
c:/program files (x86)/atollic/truestudio for arm 8.0.0/armtools/bin/../lib/gcc/arm-atollic-eabi/6.3.1/../../../../arm-atollic-eabi/lib/armv7-m\libc_nano.a(lib_a-strncmp.o)
                              src\position.o (strncmp)
c:/program files (x86)/atollic/truestudio for arm 8.0.0/armtools/bin/../lib/gcc/arm-atollic-eabi/6.3.1/../../../../arm-atollic-eabi/lib/armv7-m\libc_nano.a(lib_a-strtol.o)
                              c:/program files (x86)/atollic/truestudio for arm 8.0.0/armtools/bin/../lib/gcc/arm-atollic-eabi/6.3.1/../../../../arm-atollic-eabi/lib/armv7-m\libc_nano.a(lib_a-atoi.o) (_strtol_r)
c:/program files (x86)/atollic/truestudio for arm 8.0.0/armtools/bin/../lib/gcc/arm-atollic-eabi/6.3.1/../../../../arm-atollic-eabi/lib/armv7-m\libc_nano.a(lib_a-impure.o)
                              c:/program files (x86)/atollic/truestudio for arm 8.0.0/armtools/bin/../lib/gcc/arm-atollic-eabi/6.3.1/../../../../arm-atollic-eabi/lib/armv7-m\libc_nano.a(lib_a-snprintf.o) (_impure_ptr)
c:/program files (x86)/atollic/truestudio for arm 8.0.0/armtools/bin/../lib/gcc/arm-atollic-eabi/6.3.1/../../../../arm-atollic-eabi/lib/armv7-m\libc_nano.a(lib_a-locale.o)
                              c:/program files (x86)/atollic/truestudio for arm 8.0.0/armtools/bin/../lib/gcc/arm-atollic-eabi/6.3.1/../../../../arm-atollic-eabi/lib/armv7-m\libc_nano.a(lib_a-strtol.o) (__locale_ctype_ptr_l)
c:/program files (x86)/atollic/truestudio for arm 8.0.0/armtools/bin/../lib/gcc/arm-atollic-eabi/6.3.1/../../../../arm-atollic-eabi/lib/armv7-m\libc_nano.a(lib_a-mbtowc_r.o)
                              c:/program files (x86)/atollic/truestudio for arm 8.0.0/armtools/bin/../lib/gcc/arm-atollic-eabi/6.3.1/../../../../arm-atollic-eabi/lib/armv7-m\libc_nano.a(lib_a-locale.o) (__ascii_mbtowc)
c:/program files (x86)/atollic/truestudio for arm 8.0.0/armtools/bin/../lib/gcc/arm-atollic-eabi/6.3.1/../../../../arm-atollic-eabi/lib/armv7-m\libc_nano.a(lib_a-nano-svfprintf.o)
                              c:/program files (x86)/atollic/truestudio for arm 8.0.0/armtools/bin/../lib/gcc/arm-atollic-eabi/6.3.1/../../../../arm-atollic-eabi/lib/armv7-m\libc_nano.a(lib_a-snprintf.o) (_svfprintf_r)
c:/program files (x86)/atollic/truestudio for arm 8.0.0/armtools/bin/../lib/gcc/arm-atollic-eabi/6.3.1/../../../../arm-atollic-eabi/lib/armv7-m\libc_nano.a(lib_a-nano-vfprintf_i.o)
                              c:/program files (x86)/atollic/truestudio for arm 8.0.0/armtools/bin/../lib/gcc/arm-atollic-eabi/6.3.1/../../../../arm-atollic-eabi/lib/armv7-m\libc_nano.a(lib_a-nano-svfprintf.o) (_printf_i)
c:/program files (x86)/atollic/truestudio for arm 8.0.0/armtools/bin/../lib/gcc/arm-atollic-eabi/6.3.1/../../../../arm-atollic-eabi/lib/armv7-m\libc_nano.a(lib_a-strcmp.o)
                              c:/program files (x86)/atollic/truestudio for arm 8.0.0/armtools/bin/../lib/gcc/arm-atollic-eabi/6.3.1/../../../../arm-atollic-eabi/lib/armv7-m\libc_nano.a(lib_a-locale.o) (strcmp)
[...]
Memory Configuration

Name             Origin             Length             Attributes
FLASH            0x08000000         0x00040000         xr
RAM              0x20000000         0x00014000         xrw
MEMORY_B1        0x60000000         0x00000000         xr
*default*        0x00000000         0xffffffff

Linker script and memory map

LOAD c:/program files (x86)/atollic/truestudio for arm 8.0.0/armtools/bin/../lib/gcc/arm-atollic-eabi/6.3.1/armv7-m/crti.o
LOAD c:/program files (x86)/atollic/truestudio for arm 8.0.0/armtools/bin/../lib/gcc/arm-atollic-eabi/6.3.1/armv7-m/crtbegin.o
LOAD SPL\src\misc.o
LOAD SPL\src\stm32f2xx_adc.o
LOAD SPL\src\stm32f2xx_dac.o
LOAD SPL\src\stm32f2xx_dma.o
LOAD SPL\src\stm32f2xx_exti.o
LOAD SPL\src\stm32f2xx_flash.o
LOAD SPL\src\stm32f2xx_gpio.o
LOAD SPL\src\stm32f2xx_i2c.o
LOAD SPL\src\stm32f2xx_iwdg.o
LOAD SPL\src\stm32f2xx_pwr.o
LOAD SPL\src\stm32f2xx_rcc.o
LOAD SPL\src\stm32f2xx_rng.o
LOAD SPL\src\stm32f2xx_rtc.o
LOAD SPL\src\stm32f2xx_sdio.o
LOAD SPL\src\stm32f2xx_spi.o
LOAD SPL\src\stm32f2xx_syscfg.o
LOAD SPL\src\stm32f2xx_tim.o
LOAD SPL\src\stm32f2xx_usart.o
LOAD SPL\src\stm32f2xx_wwdg.o
LOAD src\ADC.o
LOAD src\AF.o
LOAD src\DAC.o
LOAD src\LIS302.o
LOAD src\MCP9800.o
LOAD src\MS5607.o
LOAD src\RRC_Bat.o
LOAD src\RTC.o
LOAD src\RingBuffer.o
LOAD src\Sine_table.o
LOAD src\fatfs\diskio.o
LOAD src\fatfs\ff.o
LOAD src\fatfs\stm32_ub_atadrive.o
LOAD src\fatfs\stm32_ub_sdcard.o
LOAD src\fatfs\stm32_ub_usbdisk.o
LOAD src\heating.o
LOAD src\i2c.o
LOAD src\main.o
LOAD src\position.o
LOAD src\sdio.o
LOAD src\spi.o
LOAD src\startup_stm32f2xx.o
LOAD src\stm32_ub_fatfs.o
LOAD src\system_stm32f2xx.o
LOAD src\usart.o
LOAD src\watchdog.o
                0x00000080                malloc_getpagesize_P = 0x80
START GROUP
LOAD c:/program files (x86)/atollic/truestudio for arm 8.0.0/armtools/bin/../lib/gcc/arm-atollic-eabi/6.3.1/../../../../arm-atollic-eabi/lib/armv7-m\libc_nano.a
LOAD c:/program files (x86)/atollic/truestudio for arm 8.0.0/armtools/bin/../lib/gcc/arm-atollic-eabi/6.3.1/../../../../arm-atollic-eabi/lib/armv7-m\libm.a
END GROUP
START GROUP
LOAD c:/program files (x86)/atollic/truestudio for arm 8.0.0/armtools/bin/../lib/gcc/arm-atollic-eabi/6.3.1/armv7-m\libgcc.a
LOAD c:/program files (x86)/atollic/truestudio for arm 8.0.0/armtools/bin/../lib/gcc/arm-atollic-eabi/6.3.1/../../../../arm-atollic-eabi/lib/armv7-m\libc_nano.a
END GROUP
START GROUP
LOAD c:/program files (x86)/atollic/truestudio for arm 8.0.0/armtools/bin/../lib/gcc/arm-atollic-eabi/6.3.1/armv7-m\libgcc.a
LOAD c:/program files (x86)/atollic/truestudio for arm 8.0.0/armtools/bin/../lib/gcc/arm-atollic-eabi/6.3.1/../../../../arm-atollic-eabi/lib/armv7-m\libc_nano.a
LOAD c:/program files (x86)/atollic/truestudio for arm 8.0.0/armtools/bin/../lib/gcc/arm-atollic-eabi/6.3.1/../../../../arm-atollic-eabi/lib/armv7-m\libnosys.a
END GROUP
START GROUP
LOAD c:/program files (x86)/atollic/truestudio for arm 8.0.0/armtools/bin/../lib/gcc/arm-atollic-eabi/6.3.1/armv7-m\libgcc.a
LOAD c:/program files (x86)/atollic/truestudio for arm 8.0.0/armtools/bin/../lib/gcc/arm-atollic-eabi/6.3.1/../../../../arm-atollic-eabi/lib/armv7-m\libc_nano.a
LOAD c:/program files (x86)/atollic/truestudio for arm 8.0.0/armtools/bin/../lib/gcc/arm-atollic-eabi/6.3.1/../../../../arm-atollic-eabi/lib/armv7-m\libnosys.a
END GROUP
LOAD c:/program files (x86)/atollic/truestudio for arm 8.0.0/armtools/bin/../lib/gcc/arm-atollic-eabi/6.3.1/armv7-m/crtend.o
LOAD c:/program files (x86)/atollic/truestudio for arm 8.0.0/armtools/bin/../lib/gcc/arm-atollic-eabi/6.3.1/armv7-m/crtn.o
                0x20014000                _estack = 0x20014000
                0x00000000                _Min_Heap_Size = 0x0
                0x00000400                _Min_Stack_Size = 0x400

.isr_vector     0x08000000      0x184
                0x08000000                . = ALIGN (0x4)
 *(.isr_vector)
 .isr_vector    0x08000000      0x184 src\startup_stm32f2xx.o
                0x08000000                g_pfnVectors
                0x08000184                . = ALIGN (0x4)

.text           0x08000184     0x5228
                0x08000184                . = ALIGN (0x4)
 *(.text)
 .text          0x08000184       0x40 c:/program files (x86)/atollic/truestudio for arm 8.0.0/armtools/bin/../lib/gcc/arm-atollic-eabi/6.3.1/armv7-m/crtbegin.o
 .text          0x080001c4       0x10 c:/program files (x86)/atollic/truestudio for arm 8.0.0/armtools/bin/../lib/gcc/arm-atollic-eabi/6.3.1/../../../../arm-atollic-eabi/lib/armv7-m\libc_nano.a(lib_a-strlen.o)
                0x080001c4                strlen
 *(.text*)
 .text.NVIC_PriorityGroupConfig
                0x080001d4       0x14 SPL\src\misc.o
                0x080001d4                NVIC_PriorityGroupConfig
 .text.NVIC_Init
                0x080001e8       0x68 SPL\src\misc.o
                0x080001e8                NVIC_Init
 .text.ADC_Init
                0x08000250       0x4c SPL\src\stm32f2xx_adc.o
                0x08000250                ADC_Init
 .text.ADC_StructInit
                0x0800029c       0x14 SPL\src\stm32f2xx_adc.o
                0x0800029c                ADC_StructInit
 .text.ADC_CommonInit
                0x080002b0       0x28 SPL\src\stm32f2xx_adc.o
                0x080002b0                ADC_CommonInit
 .text.ADC_Cmd  0x080002d8       0x12 SPL\src\stm32f2xx_adc.o
                0x080002d8                ADC_Cmd
 .text.ADC_RegularChannelConfig
                0x080002ea       0x8c SPL\src\stm32f2xx_adc.o
                0x080002ea                ADC_RegularChannelConfig
 .text.ADC_SoftwareStartConv
                0x08000376        0xa SPL\src\stm32f2xx_adc.o
                0x08000376                ADC_SoftwareStartConv
 .text.ADC_GetConversionValue
                0x08000380        0x6 SPL\src\stm32f2xx_adc.o
                0x08000380                ADC_GetConversionValue
 .text.ADC_GetFlagStatus
                0x08000386        0xc SPL\src\stm32f2xx_adc.o
                0x08000386                ADC_GetFlagStatus
 *fill*         0x08000392        0x2 
 .text.DAC_Init
                0x08000394       0x2c SPL\src\stm32f2xx_dac.o
                0x08000394                DAC_Init
 .text.DAC_Cmd  0x080003c0       0x20 SPL\src\stm32f2xx_dac.o
                0x080003c0                DAC_Cmd
 .text.DAC_DMACmd
                0x080003e0       0x20 SPL\src\stm32f2xx_dac.o
                0x080003e0                DAC_DMACmd
 .text.DMA_DeInit
                0x08000400      0x110 SPL\src\stm32f2xx_dma.o
                0x08000400                DMA_DeInit
 .text.DMA_Init
                0x08000510       0x54 SPL\src\stm32f2xx_dma.o
                0x08000510                DMA_Init
 .text.DMA_Cmd  0x08000564       0x12 SPL\src\stm32f2xx_dma.o
                0x08000564                DMA_Cmd
 .text.DMA_FlowControllerConfig
                0x08000576       0x12 SPL\src\stm32f2xx_dma.o
                0x08000576                DMA_FlowControllerConfig
 .text.DMA_ITConfig
                0x08000588       0x3e SPL\src\stm32f2xx_dma.o
                0x08000588                DMA_ITConfig
 *fill*         0x080005c6        0x2 
 .text.DMA_ClearITPendingBit
                0x080005c8       0x30 SPL\src\stm32f2xx_dma.o
                0x080005c8                DMA_ClearITPendingBit
 .text.DMA_ClearFlag
                0x080005f8        0x4 SPL\src\stm32f2xx_dma.o
                0x080005f8                DMA_ClearFlag
 .text.GPIO_Init
                0x080005fc       0x9c SPL\src\stm32f2xx_gpio.o
                0x080005fc                GPIO_Init
 .text.GPIO_ReadInputDataBit
                0x08000698        0xc SPL\src\stm32f2xx_gpio.o
                0x08000698                GPIO_ReadInputDataBit
 .text.GPIO_SetBits
                0x080006a4        0x4 SPL\src\stm32f2xx_gpio.o
                0x080006a4                GPIO_SetBits
 .text.GPIO_ResetBits
                0x080006a8        0x4 SPL\src\stm32f2xx_gpio.o
                0x080006a8                GPIO_ResetBits
 .text.GPIO_PinAFConfig
                0x080006ac       0x24 SPL\src\stm32f2xx_gpio.o
                0x080006ac                GPIO_PinAFConfig
 .text.I2C_DeInit
                0x080006d0       0x60 SPL\src\stm32f2xx_i2c.o
                0x080006d0                I2C_DeInit
 .text.I2C_Init
                0x08000730       0xd0 SPL\src\stm32f2xx_i2c.o
                0x08000730                I2C_Init
 .text.I2C_Cmd  0x08000800       0x18 SPL\src\stm32f2xx_i2c.o
                0x08000800                I2C_Cmd
 .text.I2C_GenerateSTART
                0x08000818       0x18 SPL\src\stm32f2xx_i2c.o
                0x08000818                I2C_GenerateSTART
 .text.I2C_GenerateSTOP
                0x08000830       0x18 SPL\src\stm32f2xx_i2c.o
                0x08000830                I2C_GenerateSTOP
 .text.I2C_Send7bitAddress
                0x08000848       0x12 SPL\src\stm32f2xx_i2c.o
                0x08000848                I2C_Send7bitAddress
 .text.I2C_AcknowledgeConfig
                0x0800085a       0x18 SPL\src\stm32f2xx_i2c.o
                0x0800085a                I2C_AcknowledgeConfig
 .text.I2C_SendData
                0x08000872        0x4 SPL\src\stm32f2xx_i2c.o
                0x08000872                I2C_SendData
 .text.I2C_ReceiveData
                0x08000876        0x6 SPL\src\stm32f2xx_i2c.o
                0x08000876                I2C_ReceiveData
 .text.I2C_GetFlagStatus
                0x0800087c       0x34 SPL\src\stm32f2xx_i2c.o
                0x0800087c                I2C_GetFlagStatus
 .text.IWDG_WriteAccessCmd
                0x080008b0        0xc SPL\src\stm32f2xx_iwdg.o
                0x080008b0                IWDG_WriteAccessCmd
 .text.IWDG_SetPrescaler
                0x080008bc        0xc SPL\src\stm32f2xx_iwdg.o
                0x080008bc                IWDG_SetPrescaler
 .text.IWDG_SetReload
                0x080008c8        0xc SPL\src\stm32f2xx_iwdg.o
                0x080008c8                IWDG_SetReload
 .text.IWDG_ReloadCounter
                0x080008d4       0x10 SPL\src\stm32f2xx_iwdg.o
                0x080008d4                IWDG_ReloadCounter
 .text.IWDG_Enable
                0x080008e4       0x10 SPL\src\stm32f2xx_iwdg.o
                0x080008e4                IWDG_Enable
 .text.RCC_GetClocksFreq
                0x080008f4       0x88 SPL\src\stm32f2xx_rcc.o
                0x080008f4                RCC_GetClocksFreq
 .text.RCC_AHB1PeriphClockCmd
                0x0800097c       0x18 SPL\src\stm32f2xx_rcc.o
                0x0800097c                RCC_AHB1PeriphClockCmd
 .text.RCC_APB1PeriphClockCmd
                0x08000994       0x18 SPL\src\stm32f2xx_rcc.o
                0x08000994                RCC_APB1PeriphClockCmd
 .text.RCC_APB2PeriphClockCmd
                0x080009ac       0x18 SPL\src\stm32f2xx_rcc.o
                0x080009ac                RCC_APB2PeriphClockCmd
 .text.RCC_APB1PeriphResetCmd
                0x080009c4       0x18 SPL\src\stm32f2xx_rcc.o
                0x080009c4                RCC_APB1PeriphResetCmd
 .text.RCC_APB2PeriphResetCmd
                0x080009dc       0x18 SPL\src\stm32f2xx_rcc.o
                0x080009dc                RCC_APB2PeriphResetCmd
 .text.RCC_GetFlagStatus
                0x080009f4       0x28 SPL\src\stm32f2xx_rcc.o
                0x080009f4                RCC_GetFlagStatus
 .text.RCC_ClearFlag
                0x08000a1c       0x10 SPL\src\stm32f2xx_rcc.o
                0x08000a1c                RCC_ClearFlag
 .text.SDIO_DeInit
                0x08000a2c       0x1a SPL\src\stm32f2xx_sdio.o
                0x08000a2c                SDIO_DeInit
 *fill*         0x08000a46        0x2 
 .text.SDIO_Init
                0x08000a48       0x30 SPL\src\stm32f2xx_sdio.o
                0x08000a48                SDIO_Init
 .text.SDIO_ClockCmd
                0x08000a78        0xc SPL\src\stm32f2xx_sdio.o
                0x08000a78                SDIO_ClockCmd
 .text.SDIO_SetPowerState
                0x08000a84        0xc SPL\src\stm32f2xx_sdio.o
                0x08000a84                SDIO_SetPowerState
 .text.SDIO_GetPowerState
                0x08000a90       0x10 SPL\src\stm32f2xx_sdio.o
                0x08000a90                SDIO_GetPowerState
 .text.SDIO_SendCommand
                0x08000aa0       0x2c SPL\src\stm32f2xx_sdio.o
                0x08000aa0                SDIO_SendCommand
 .text.SDIO_GetCommandResponse
                0x08000acc        0xc SPL\src\stm32f2xx_sdio.o
                0x08000acc                SDIO_GetCommandResponse
 .text.SDIO_GetResponse
                0x08000ad8       0x18 SPL\src\stm32f2xx_sdio.o
                0x08000ad8                SDIO_GetResponse
 .text.SDIO_DataConfig
                0x08000af0       0x2c SPL\src\stm32f2xx_sdio.o
                0x08000af0                SDIO_DataConfig
 .text.SDIO_ReadData
                0x08000b1c        0xc SPL\src\stm32f2xx_sdio.o
                0x08000b1c                SDIO_ReadData
 .text.SDIO_DMACmd
                0x08000b28        0xc SPL\src\stm32f2xx_sdio.o
                0x08000b28                SDIO_DMACmd
 .text.SDIO_ITConfig
                0x08000b34       0x18 SPL\src\stm32f2xx_sdio.o
                0x08000b34                SDIO_ITConfig
 .text.SDIO_ClearFlag
                0x08000b4c        0xc SPL\src\stm32f2xx_sdio.o
                0x08000b4c                SDIO_ClearFlag
 .text.SDIO_GetITStatus
                0x08000b58       0x14 SPL\src\stm32f2xx_sdio.o
                0x08000b58                SDIO_GetITStatus
 .text.SDIO_GetFlagStatus
                0x08000b6c        0x4 SPL\src\stm32f2xx_sdio.o
                0x08000b6c                SDIO_GetFlagStatus
 .text.SDIO_ClearITPendingBit
                0x08000b70        0xc SPL\src\stm32f2xx_sdio.o
                0x08000b70                SDIO_ClearITPendingBit
 .text.TIM_TimeBaseInit
                0x08000b7c       0x7c SPL\src\stm32f2xx_tim.o
                0x08000b7c                TIM_TimeBaseInit
 .text.TIM_TimeBaseStructInit
                0x08000bf8       0x12 SPL\src\stm32f2xx_tim.o
                0x08000bf8                TIM_TimeBaseStructInit
 .text.TIM_SetAutoreload
                0x08000c0a        0x4 SPL\src\stm32f2xx_tim.o
                0x08000c0a                TIM_SetAutoreload
 .text.TIM_ARRPreloadConfig
                0x08000c0e       0x18 SPL\src\stm32f2xx_tim.o
                0x08000c0e                TIM_ARRPreloadConfig
 .text.TIM_Cmd  0x08000c26       0x18 SPL\src\stm32f2xx_tim.o
                0x08000c26                TIM_Cmd
 .text.TIM_GetITStatus
                0x08000c3e       0x16 SPL\src\stm32f2xx_tim.o
                0x08000c3e                TIM_GetITStatus
 .text.TIM_ClearITPendingBit
                0x08000c54        0x8 SPL\src\stm32f2xx_tim.o
                0x08000c54                TIM_ClearITPendingBit
 .text.TIM_DMACmd
                0x08000c5c       0x12 SPL\src\stm32f2xx_tim.o
                0x08000c5c                TIM_DMACmd
 .text.TIM_ITConfig
                0x08000c6e        0x4 SPL\src\stm32f2xx_tim.o
                0x08000c6e                TIM_ITConfig
 .text.TIM_SelectOutputTrigger
                0x08000c72       0x16 SPL\src\stm32f2xx_tim.o
                0x08000c72                TIM_SelectOutputTrigger
 .text.USART_Init
                0x08000c88       0xb4 SPL\src\stm32f2xx_usart.o
                0x08000c88                USART_Init
 .text.USART_Cmd
                0x08000d3c       0x18 SPL\src\stm32f2xx_usart.o
                0x08000d3c                USART_Cmd
 .text.USART_SendData
                0x08000d54        0x8 SPL\src\stm32f2xx_usart.o
                0x08000d54                USART_SendData
 .text.USART_ReceiveData
                0x08000d5c        0x8 SPL\src\stm32f2xx_usart.o
                0x08000d5c                USART_ReceiveData
 .text.USART_ITConfig
                0x08000d64       0x30 SPL\src\stm32f2xx_usart.o
                0x08000d64                USART_ITConfig
 .text.USART_GetFlagStatus
                0x08000d94        0xc SPL\src\stm32f2xx_usart.o
                0x08000d94                USART_GetFlagStatus
 .text.USART_GetITStatus
                0x08000da0       0x40 SPL\src\stm32f2xx_usart.o
                0x08000da0                USART_GetITStatus
 .text.USART_ClearITPendingBit
                0x08000de0        0xe SPL\src\stm32f2xx_usart.o
                0x08000de0                USART_ClearITPendingBit
 *fill*         0x08000dee        0x2 
 .text.my_ADC_Init
                0x08000df0       0x7c src\ADC.o
                0x08000df0                my_ADC_Init
 .text.UB_ADC1_SINGLE_Read
                0x08000e6c       0x30 src\ADC.o
                0x08000e6c                UB_ADC1_SINGLE_Read
 .text.UB_ADC1_AV_Read
                0x08000e9c       0x22 src\ADC.o
                0x08000e9c                UB_ADC1_AV_Read
 *fill*         0x08000ebe        0x2 
 .text.af_init  0x08000ec0       0x68 src\AF.o
                0x08000ec0                af_init
 .text.TIM7_IRQHandler
                0x08000f28       0xa4 src\AF.o
                0x08000f28                TIM7_IRQHandler
 .text.rf_send_string
                0x08000fcc       0x90 src\AF.o
                0x08000fcc                rf_send_string
 .text.my_DAC_Init
                0x0800105c       0xc8 src\DAC.o
                0x0800105c                my_DAC_Init
 .text.startSine
                0x08001124       0x8c src\DAC.o
                0x08001124                startSine
 .text.stopSine
                0x080011b0       0x1c src\DAC.o
                0x080011b0                stopSine
 .text.transmit
                0x080011cc       0x14 src\DAC.o
                0x080011cc                transmit
 .text.MCP_9800_init
                0x080011e0        0x2 src\MCP9800.o
                0x080011e0                MCP_9800_init
 *fill*         0x080011e2        0x2 
 .text.MCP9800_get_tmp
                0x080011e4       0x38 src\MCP9800.o
                0x080011e4                MCP9800_get_tmp
 .text.MS5607_init
                0x0800121c       0xec src\MS5607.o
                0x0800121c                MS5607_init
 .text.MS5607_get_pressure
                0x08001308      0x1fc src\MS5607.o
                0x08001308                MS5607_get_pressure
 .text.InitRingBuffer
                0x08001504        0xc src\RingBuffer.o
                0x08001504                InitRingBuffer
 .text.RingBufferRead
                0x08001510       0x20 src\RingBuffer.o
                0x08001510                RingBufferRead
 .text.RingBufferWrite
                0x08001530       0x20 src\RingBuffer.o
                0x08001530                RingBufferWrite
 .text.disk_initialize
                0x08001550       0x28 src\fatfs\diskio.o
                0x08001550                disk_initialize
 .text.disk_status
                0x08001578       0x2a src\fatfs\diskio.o
                0x08001578                disk_status
 .text.disk_read
                0x080015a2       0x30 src\fatfs\diskio.o
                0x080015a2                disk_read
 .text.disk_write
                0x080015d2       0x30 src\fatfs\diskio.o
                0x080015d2                disk_write
 *fill*         0x08001602        0x2 
 .text.get_fattime
                0x08001604        0x8 src\fatfs\diskio.o
                0x08001604                get_fattime
 .text.disk_ioctl
                0x0800160c       0x2e src\fatfs\diskio.o
                0x0800160c                disk_ioctl
 .text.mem_cpy  0x0800163a       0x14 src\fatfs\ff.o
 .text.validate
                0x0800164e       0x2a src\fatfs\ff.o
 .text.ld_clust.isra.0
                0x08001678       0x1c src\fatfs\ff.o
 .text.check_fs
                0x08001694       0x54 src\fatfs\ff.o
 .text.chk_mounted
                0x080016e8      0x220 src\fatfs\ff.o
 .text.sync_window.part.3
                0x08001908       0x4a src\fatfs\ff.o
 .text.sync_window
                0x08001952        0xc src\fatfs\ff.o
 .text.move_window
                0x0800195e       0x34 src\fatfs\ff.o
 .text.sync_fs  0x08001992       0xb8 src\fatfs\ff.o
 .text.clust2sect
                0x08001a4a       0x16 src\fatfs\ff.o
                0x08001a4a                clust2sect
 .text.get_fat  0x08001a60       0xca src\fatfs\ff.o
                0x08001a60                get_fat
 .text.dir_sdi  0x08001b2a       0x84 src\fatfs\ff.o
 .text.put_fat  0x08001bae       0xf6 src\fatfs\ff.o
                0x08001bae                put_fat
 .text.create_chain
                0x08001ca4       0x98 src\fatfs\ff.o
 .text.dir_next
                0x08001d3c       0xfa src\fatfs\ff.o
 *fill*         0x08001e36        0x2 
 .text.follow_path
                0x08001e38      0x198 src\fatfs\ff.o
 .text.dir_register
                0x08001fd0       0x60 src\fatfs\ff.o
 .text.remove_chain
                0x08002030       0x54 src\fatfs\ff.o
 .text.f_mount  0x08002084       0x20 src\fatfs\ff.o
                0x08002084                f_mount
 .text.f_open   0x080020a4      0x11c src\fatfs\ff.o
                0x080020a4                f_open
 .text.f_write  0x080021c0      0x196 src\fatfs\ff.o
                0x080021c0                f_write
 .text.f_sync   0x08002356       0x9e src\fatfs\ff.o
                0x08002356                f_sync
 .text.f_close  0x080023f4        0xe src\fatfs\ff.o
                0x080023f4                f_close
 .text.f_lseek  0x08002402      0x13c src\fatfs\ff.o
                0x08002402                f_lseek
 .text.f_getfree
                0x0800253e       0xcc src\fatfs\ff.o
                0x0800253e                f_getfree
 .text.f_putc   0x0800260a       0x30 src\fatfs\ff.o
                0x0800260a                f_putc
 .text.f_puts   0x0800263a       0x1e src\fatfs\ff.o
                0x0800263a                f_puts
 .text.UB_ATADrive_Init
                0x08002658        0x2 src\fatfs\stm32_ub_atadrive.o
                0x08002658                UB_ATADrive_Init
 .text.ATA_disk_initialize
                0x0800265a        0x6 src\fatfs\stm32_ub_atadrive.o
                0x0800265a                ATA_disk_initialize
 .text.ATA_disk_status
                0x08002660        0x6 src\fatfs\stm32_ub_atadrive.o
                0x08002660                ATA_disk_status
 .text.ATA_disk_read
                0x08002666        0x6 src\fatfs\stm32_ub_atadrive.o
                0x08002666                ATA_disk_read
 .text.ATA_disk_write
                0x0800266c        0x6 src\fatfs\stm32_ub_atadrive.o
                0x0800266c                ATA_disk_write
 .text.ATA_disk_ioctl
                0x08002672        0x6 src\fatfs\stm32_ub_atadrive.o
                0x08002672                ATA_disk_ioctl
 .text.CmdResp2Error
                0x08002678       0x3c src\fatfs\stm32_ub_sdcard.o
 .text.CmdResp1Error
                0x080026b4       0xf0 src\fatfs\stm32_ub_sdcard.o
 .text.FindSCR.isra.1
                0x080027a4      0x144 src\fatfs\stm32_ub_sdcard.o
 .text.SDEnWideBus
                0x080028e8       0xac src\fatfs\stm32_ub_sdcard.o
 .text.SD_SendStatus.part.3
                0x08002994       0x40 src\fatfs\stm32_ub_sdcard.o
 .text.MMC_disk_ioctl
                0x080029d4       0x22 src\fatfs\stm32_ub_sdcard.o
                0x080029d4                MMC_disk_ioctl
 *fill*         0x080029f6        0x2 
 .text.SD_Detect
                0x080029f8       0x28 src\fatfs\stm32_ub_sdcard.o
                0x080029f8                SD_Detect
 .text.UB_SDCard_CheckMedia
                0x08002a20       0x1a src\fatfs\stm32_ub_sdcard.o
                0x08002a20                UB_SDCard_CheckMedia
 .text.MMC_disk_status
                0x08002a3a       0x12 src\fatfs\stm32_ub_sdcard.o
                0x08002a3a                MMC_disk_status
 .text.SD_GetState
                0x08002a4c       0x28 src\fatfs\stm32_ub_sdcard.o
                0x08002a4c                SD_GetState
 .text.SD_GetStatus
                0x08002a74       0x18 src\fatfs\stm32_ub_sdcard.o
                0x08002a74                SD_GetStatus
 .text.SD_PowerON
                0x08002a8c      0x200 src\fatfs\stm32_ub_sdcard.o
                0x08002a8c                SD_PowerON
 .text.SD_InitializeCards
                0x08002c8c      0x150 src\fatfs\stm32_ub_sdcard.o
                0x08002c8c                SD_InitializeCards
 .text.SD_GetCardInfo
                0x08002ddc      0x2a4 src\fatfs\stm32_ub_sdcard.o
                0x08002ddc                SD_GetCardInfo
 .text.SD_EnableWideBusOperation
                0x08003080       0x68 src\fatfs\stm32_ub_sdcard.o
                0x08003080                SD_EnableWideBusOperation
 .text.SD_SelectDeselect
                0x080030e8       0x2c src\fatfs\stm32_ub_sdcard.o
                0x080030e8                SD_SelectDeselect
 .text.SD_Init  0x08003114       0x8c src\fatfs\stm32_ub_sdcard.o
                0x08003114                SD_Init
 .text.MMC_disk_initialize
                0x080031a0       0x10 src\fatfs\stm32_ub_sdcard.o
                0x080031a0                MMC_disk_initialize
 .text.SD_StopTransfer
                0x080031b0       0x2c src\fatfs\stm32_ub_sdcard.o
                0x080031b0                SD_StopTransfer
 .text.SD_WaitReadOperation
                0x080031dc       0x80 src\fatfs\stm32_ub_sdcard.o
                0x080031dc                SD_WaitReadOperation
 .text.SD_WaitWriteOperation
                0x0800325c       0x80 src\fatfs\stm32_ub_sdcard.o
                0x0800325c                SD_WaitWriteOperation
 .text.SD_ProcessIRQSrc
                0x080032dc       0x98 src\fatfs\stm32_ub_sdcard.o
                0x080032dc                SD_ProcessIRQSrc
 .text.SD_ProcessDMAIRQ
                0x08003374       0x28 src\fatfs\stm32_ub_sdcard.o
                0x08003374                SD_ProcessDMAIRQ
 .text.SD_LowLevel_Init
                0x0800339c       0xc8 src\fatfs\stm32_ub_sdcard.o
                0x0800339c                SD_LowLevel_Init
 .text.UB_SDCard_Init
                0x08003464       0x3e src\fatfs\stm32_ub_sdcard.o
                0x08003464                UB_SDCard_Init
 *fill*         0x080034a2        0x2 
 .text.SD_LowLevel_DMA_TxConfig
                0x080034a4       0x94 src\fatfs\stm32_ub_sdcard.o
                0x080034a4                SD_LowLevel_DMA_TxConfig
 .text.SD_WriteMultiBlocks
                0x08003538      0x134 src\fatfs\stm32_ub_sdcard.o
                0x08003538                SD_WriteMultiBlocks
 .text.MMC_disk_write
                0x0800366c       0x2e src\fatfs\stm32_ub_sdcard.o
                0x0800366c                MMC_disk_write
 *fill*         0x0800369a        0x2 
 .text.SD_LowLevel_DMA_RxConfig
                0x0800369c       0x94 src\fatfs\stm32_ub_sdcard.o
                0x0800369c                SD_LowLevel_DMA_RxConfig
 .text.SD_ReadMultiBlocks
                0x08003730       0xe4 src\fatfs\stm32_ub_sdcard.o
                0x08003730                SD_ReadMultiBlocks
 .text.MMC_disk_read
                0x08003814       0x2e src\fatfs\stm32_ub_sdcard.o
                0x08003814                MMC_disk_read
 .text.SDIO_IRQHandler
                0x08003842        0x4 src\fatfs\stm32_ub_sdcard.o
                0x08003842                SDIO_IRQHandler
 .text.DMA2_Stream3_IRQHandler
                0x08003846        0x4 src\fatfs\stm32_ub_sdcard.o
                0x08003846                DMA2_Stream3_IRQHandler
 .text.UB_USBDisk_Init
                0x0800384a        0x2 src\fatfs\stm32_ub_usbdisk.o
                0x0800384a                UB_USBDisk_Init
 .text.USB_disk_initialize
                0x0800384c        0x6 src\fatfs\stm32_ub_usbdisk.o
                0x0800384c                USB_disk_initialize
 .text.USB_disk_status
                0x08003852        0x6 src\fatfs\stm32_ub_usbdisk.o
                0x08003852                USB_disk_status
 .text.USB_disk_read
                0x08003858        0x6 src\fatfs\stm32_ub_usbdisk.o
                0x08003858                USB_disk_read
 .text.USB_disk_write
                0x0800385e        0x6 src\fatfs\stm32_ub_usbdisk.o
                0x0800385e                USB_disk_write
 .text.USB_disk_ioctl
                0x08003864        0x6 src\fatfs\stm32_ub_usbdisk.o
                0x08003864                USB_disk_ioctl
 *fill*         0x0800386a        0x2 
 .text.i2c_init_tmp
                0x0800386c       0xa0 src\i2c.o
                0x0800386c                i2c_init_tmp
 .text.P_I2C_timeout
                0x0800390c       0x14 src\i2c.o
                0x0800390c                P_I2C_timeout
 .text.UB_I2C_Read
                0x08003920       0xb8 src\i2c.o
                0x08003920                UB_I2C_Read
 .text.UB_I2C_ReadWord
                0x080039d8      0x140 src\i2c.o
                0x080039d8                UB_I2C_ReadWord
 .text.UB_I2C_Read24b
                0x08003b18       0xd8 src\i2c.o
                0x08003b18                UB_I2C_Read24b
 .text.UB_I2C_WriteCommand
                0x08003bf0       0xb0 src\i2c.o
                0x08003bf0                UB_I2C_WriteCommand
 .text.SD_add_string.part.0
                0x08003ca0       0x44 src\main.o
 .text.SysTick_Handler
                0x08003ce4       0x10 src\main.o
                0x08003ce4                SysTick_Handler
 .text.Default_Handler
                0x08003cf4        0x2 src\main.o
                0x08003cf4                Default_Handler
 .text.HardFault_Handler
                0x08003cf6        0x2 src\main.o
                0x08003cf6                HardFault_Handler
 .text.RTC_Alarm_IRQHandler
                0x08003cf8        0x2 src\main.o
                0x08003cf8                RTC_Alarm_IRQHandler
 .text.SD_add_string
                0x08003cfa       0x1a src\main.o
                0x08003cfa                SD_add_string
 .text.startup.main
                0x08003d14      0x520 src\main.o
                0x08003d14                main
 .text.position_message_init_struct
                0x08004234       0x62 src\position.o
                0x08004234                position_message_init_struct
 *fill*         0x08004296        0x2 
 .text.position_message_init
                0x08004298        0xc src\position.o
                0x08004298                position_message_init
 .text.Position_Init
                0x080042a4       0xb8 src\position.o
                0x080042a4                Position_Init
 .text.Position_SendConfig
                0x0800435c        0x2 src\position.o
                0x0800435c                Position_SendConfig
 *fill*         0x0800435e        0x2 
 .text.USART6_IRQHandler
                0x08004360       0x34 src\position.o
                0x08004360                USART6_IRQHandler
 .text.getNumToDelim
                0x08004394       0x18 src\position.o
                0x08004394                getNumToDelim
 .text.copyString
                0x080043ac       0x2e src\position.o
                0x080043ac                copyString
 *fill*         0x080043da        0x2 
 .text.string_Decode
                0x080043dc      0x1dc src\position.o
                0x080043dc                string_Decode
 .text.Position_UART_Capture
                0x080045b8       0x54 src\position.o
                0x080045b8                Position_UART_Capture
 .text.PositionCopy
                0x0800460c        0x6 src\position.o
                0x0800460c                PositionCopy
 *fill*         0x08004612        0x2 
 .text.Position_Get
                0x08004614        0xc src\position.o
                0x08004614                Position_Get
 .text.Reset_Handler
                0x08004620       0x50 src\startup_stm32f2xx.o
                0x08004620                Reset_Handler
 .text.UB_Fatfs_Init
                0x08004670       0x12 src\stm32_ub_fatfs.o
                0x08004670                UB_Fatfs_Init
 .text.UB_Fatfs_CheckMedia
                0x08004682       0x16 src\stm32_ub_fatfs.o
                0x08004682                UB_Fatfs_CheckMedia
 .text.UB_Fatfs_Mount
                0x08004698       0x34 src\stm32_ub_fatfs.o
                0x08004698                UB_Fatfs_Mount
 .text.UB_Fatfs_UnMount
                0x080046cc       0x10 src\stm32_ub_fatfs.o
                0x080046cc                UB_Fatfs_UnMount
 .text.UB_Fatfs_OpenFile
                0x080046dc       0x42 src\stm32_ub_fatfs.o
                0x080046dc                UB_Fatfs_OpenFile
 .text.UB_Fatfs_CloseFile
                0x0800471e       0x10 src\stm32_ub_fatfs.o
                0x0800471e                UB_Fatfs_CloseFile
 .text.UB_Fatfs_WriteString
                0x0800472e       0x20 src\stm32_ub_fatfs.o
                0x0800472e                UB_Fatfs_WriteString
 *fill*         0x0800474e        0x2 
 .text.SystemInit
                0x08004750       0x6c src\system_stm32f2xx.o
                0x08004750                SystemInit
 .text.usart_init
                0x080047bc       0x8c src\usart.o
                0x080047bc                usart_init
 .text.usart_send_char
                0x08004848       0x20 src\usart.o
                0x08004848                usart_send_char
 .text.usart_send_string
                0x08004868       0x12 src\usart.o
                0x08004868                usart_send_string
 *fill*         0x0800487a        0x2 
 .text.USART1_IRQHandler
                0x0800487c       0x2c src\usart.o
                0x0800487c                USART1_IRQHandler
 .text.watchdog_init
                0x080048a8       0x36 src\watchdog.o
                0x080048a8                watchdog_init
 .text.watchdog_trigger
                0x080048de        0x4 src\watchdog.o
                0x080048de                watchdog_trigger
 .text.atoi     0x080048e2        0x8 c:/program files (x86)/atollic/truestudio for arm 8.0.0/armtools/bin/../lib/gcc/arm-atollic-eabi/6.3.1/../../../../arm-atollic-eabi/lib/armv7-m\libc_nano.a(lib_a-atoi.o)
                0x080048e2                atoi
 *fill*         0x080048ea        0x2 
 .text.__libc_init_array
                0x080048ec       0x48 c:/program files (x86)/atollic/truestudio for arm 8.0.0/armtools/bin/../lib/gcc/arm-atollic-eabi/6.3.1/../../../../arm-atollic-eabi/lib/armv7-m\libc_nano.a(lib_a-init.o)
                0x080048ec                __libc_init_array
 .text.memcpy   0x08004934       0x16 c:/program files (x86)/atollic/truestudio for arm 8.0.0/armtools/bin/../lib/gcc/arm-atollic-eabi/6.3.1/../../../../arm-atollic-eabi/lib/armv7-m\libc_nano.a(lib_a-memcpy-stub.o)
                0x08004934                memcpy
 *fill*         0x0800494a        0x2 
 .text.snprintf
                0x0800494c       0x68 c:/program files (x86)/atollic/truestudio for arm 8.0.0/armtools/bin/../lib/gcc/arm-atollic-eabi/6.3.1/../../../../arm-atollic-eabi/lib/armv7-m\libc_nano.a(lib_a-snprintf.o)
                0x0800494c                sniprintf
                0x0800494c                snprintf
 .text.strcpy   0x080049b4       0x10 c:/program files (x86)/atollic/truestudio for arm 8.0.0/armtools/bin/../lib/gcc/arm-atollic-eabi/6.3.1/../../../../arm-atollic-eabi/lib/armv7-m\libc_nano.a(lib_a-strcpy.o)
                0x080049b4                strcpy
 .text.strncat  0x080049c4       0x28 c:/program files (x86)/atollic/truestudio for arm 8.0.0/armtools/bin/../lib/gcc/arm-atollic-eabi/6.3.1/../../../../arm-atollic-eabi/lib/armv7-m\libc_nano.a(lib_a-strncat.o)
                0x080049c4                strncat
 .text.strncmp  0x080049ec       0x24 c:/program files (x86)/atollic/truestudio for arm 8.0.0/armtools/bin/../lib/gcc/arm-atollic-eabi/6.3.1/../../../../arm-atollic-eabi/lib/armv7-m\libc_nano.a(lib_a-strncmp.o)
                0x080049ec                strncmp
 .text._strtol_l.isra.0
                0x08004a10      0x100 c:/program files (x86)/atollic/truestudio for arm 8.0.0/armtools/bin/../lib/gcc/arm-atollic-eabi/6.3.1/../../../../arm-atollic-eabi/lib/armv7-m\libc_nano.a(lib_a-strtol.o)
 .text.strtol   0x08004b10       0x2c c:/program files (x86)/atollic/truestudio for arm 8.0.0/armtools/bin/../lib/gcc/arm-atollic-eabi/6.3.1/../../../../arm-atollic-eabi/lib/armv7-m\libc_nano.a(lib_a-strtol.o)
                0x08004b10                strtol
 .text.__locale_ctype_ptr_l
                0x08004b3c        0x6 c:/program files (x86)/atollic/truestudio for arm 8.0.0/armtools/bin/../lib/gcc/arm-atollic-eabi/6.3.1/../../../../arm-atollic-eabi/lib/armv7-m\libc_nano.a(lib_a-locale.o)
                0x08004b3c                __locale_ctype_ptr_l
 .text.__ascii_mbtowc
                0x08004b42       0x24 c:/program files (x86)/atollic/truestudio for arm 8.0.0/armtools/bin/../lib/gcc/arm-atollic-eabi/6.3.1/../../../../arm-atollic-eabi/lib/armv7-m\libc_nano.a(lib_a-mbtowc_r.o)
                0x08004b42                __ascii_mbtowc
 .text.__ssputs_r
                0x08004b66       0xb6 c:/program files (x86)/atollic/truestudio for arm 8.0.0/armtools/bin/../lib/gcc/arm-atollic-eabi/6.3.1/../../../../arm-atollic-eabi/lib/armv7-m\libc_nano.a(lib_a-nano-svfprintf.o)
                0x08004b66                __ssputs_r
 .text._svfprintf_r
                0x08004c1c      0x1e8 c:/program files (x86)/atollic/truestudio for arm 8.0.0/armtools/bin/../lib/gcc/arm-atollic-eabi/6.3.1/../../../../arm-atollic-eabi/lib/armv7-m\libc_nano.a(lib_a-nano-svfprintf.o)
                0x08004c1c                _svfiprintf_r
                0x08004c1c                _svfprintf_r
 .text._printf_common
                0x08004e04       0xee c:/program files (x86)/atollic/truestudio for arm 8.0.0/armtools/bin/../lib/gcc/arm-atollic-eabi/6.3.1/../../../../arm-atollic-eabi/lib/armv7-m\libc_nano.a(lib_a-nano-vfprintf_i.o)
                0x08004e04                _printf_common
 *fill*         0x08004ef2        0x2 
 .text._printf_i
                0x08004ef4      0x240 c:/program files (x86)/atollic/truestudio for arm 8.0.0/armtools/bin/../lib/gcc/arm-atollic-eabi/6.3.1/../../../../arm-atollic-eabi/lib/armv7-m\libc_nano.a(lib_a-nano-vfprintf_i.o)
                0x08004ef4                _printf_i
 .text.__ascii_wctomb
                0x08005134       0x1a c:/program files (x86)/atollic/truestudio for arm 8.0.0/armtools/bin/../lib/gcc/arm-atollic-eabi/6.3.1/../../../../arm-atollic-eabi/lib/armv7-m\libc_nano.a(lib_a-wctomb_r.o)
                0x08005134                __ascii_wctomb
 .text.memchr   0x0800514e       0x1c c:/program files (x86)/atollic/truestudio for arm 8.0.0/armtools/bin/../lib/gcc/arm-atollic-eabi/6.3.1/../../../../arm-atollic-eabi/lib/armv7-m\libc_nano.a(lib_a-memchr-stub.o)
                0x0800514e                memchr
 .text.memmove  0x0800516a       0x34 c:/program files (x86)/atollic/truestudio for arm 8.0.0/armtools/bin/../lib/gcc/arm-atollic-eabi/6.3.1/../../../../arm-atollic-eabi/lib/armv7-m\libc_nano.a(lib_a-memmove.o)
                0x0800516a                memmove
 *fill*         0x0800519e        0x2 
 .text._free_r  0x080051a0       0x98 c:/program files (x86)/atollic/truestudio for arm 8.0.0/armtools/bin/../lib/gcc/arm-atollic-eabi/6.3.1/../../../../arm-atollic-eabi/lib/armv7-m\libc_nano.a(lib_a-nano-freer.o)
                0x080051a0                _free_r
 .text._malloc_r
                0x08005238       0xbc c:/program files (x86)/atollic/truestudio for arm 8.0.0/armtools/bin/../lib/gcc/arm-atollic-eabi/6.3.1/../../../../arm-atollic-eabi/lib/armv7-m\libc_nano.a(lib_a-nano-mallocr.o)
                0x08005238                _malloc_r
 .text._realloc_r
                0x080052f4       0x4c c:/program files (x86)/atollic/truestudio for arm 8.0.0/armtools/bin/../lib/gcc/arm-atollic-eabi/6.3.1/../../../../arm-atollic-eabi/lib/armv7-m\libc_nano.a(lib_a-nano-reallocr.o)
                0x080052f4                _realloc_r
 .text._sbrk_r  0x08005340       0x20 c:/program files (x86)/atollic/truestudio for arm 8.0.0/armtools/bin/../lib/gcc/arm-atollic-eabi/6.3.1/../../../../arm-atollic-eabi/lib/armv7-m\libc_nano.a(lib_a-sbrkr.o)
                0x08005340                _sbrk_r
 .text.__malloc_lock
                0x08005360        0x2 c:/program files (x86)/atollic/truestudio for arm 8.0.0/armtools/bin/../lib/gcc/arm-atollic-eabi/6.3.1/../../../../arm-atollic-eabi/lib/armv7-m\libc_nano.a(lib_a-mlock.o)
                0x08005360                __malloc_lock
 .text.__malloc_unlock
                0x08005362        0x2 c:/program files (x86)/atollic/truestudio for arm 8.0.0/armtools/bin/../lib/gcc/arm-atollic-eabi/6.3.1/../../../../arm-atollic-eabi/lib/armv7-m\libc_nano.a(lib_a-mlock.o)
                0x08005362                __malloc_unlock
 .text._malloc_usable_size_r
                0x08005364       0x12 c:/program files (x86)/atollic/truestudio for arm 8.0.0/armtools/bin/../lib/gcc/arm-atollic-eabi/6.3.1/../../../../arm-atollic-eabi/lib/armv7-m\libc_nano.a(lib_a-nano-msizer.o)
                0x08005364                _malloc_usable_size_r
 *fill*         0x08005376        0x2 
 .text._sbrk    0x08005378       0x1c c:/program files (x86)/atollic/truestudio for arm 8.0.0/armtools/bin/../lib/gcc/arm-atollic-eabi/6.3.1/../../../../arm-atollic-eabi/lib/armv7-m\libnosys.a(sbrk.o)
                0x08005378                _sbrk
 *(.glue_7)
 .glue_7        0x08005394        0x0 linker stubs
 *(.glue_7t)
 .glue_7t       0x08005394        0x0 linker stubs
 *(.eh_frame)
 .eh_frame      0x08005394        0x0 c:/program files (x86)/atollic/truestudio for arm 8.0.0/armtools/bin/../lib/gcc/arm-atollic-eabi/6.3.1/armv7-m/crtbegin.o
 *(.init)
 .init          0x08005394        0x4 c:/program files (x86)/atollic/truestudio for arm 8.0.0/armtools/bin/../lib/gcc/arm-atollic-eabi/6.3.1/armv7-m/crti.o
                0x08005394                _init
 .init          0x08005398        0x8 c:/program files (x86)/atollic/truestudio for arm 8.0.0/armtools/bin/../lib/gcc/arm-atollic-eabi/6.3.1/armv7-m/crtn.o
 *(.fini)
 .fini          0x080053a0        0x4 c:/program files (x86)/atollic/truestudio for arm 8.0.0/armtools/bin/../lib/gcc/arm-atollic-eabi/6.3.1/armv7-m/crti.o
                0x080053a0                _fini
 .fini          0x080053a4        0x8 c:/program files (x86)/atollic/truestudio for arm 8.0.0/armtools/bin/../lib/gcc/arm-atollic-eabi/6.3.1/armv7-m/crtn.o
                0x080053ac                . = ALIGN (0x4)
                0x080053ac                _etext = .

.vfp11_veneer   0x080053ac        0x0
 .vfp11_veneer  0x080053ac        0x0 linker stubs

.v4_bx          0x080053ac        0x0
 .v4_bx         0x080053ac        0x0 linker stubs

.iplt           0x080053ac        0x0
 .iplt          0x080053ac        0x0 c:/program files (x86)/atollic/truestudio for arm 8.0.0/armtools/bin/../lib/gcc/arm-atollic-eabi/6.3.1/armv7-m/crtbegin.o

.rodata         0x080053ac      0x804
                0x080053ac                . = ALIGN (0x4)
 *(.rodata)
 *(.rodata*)
 .rodata.sine_table
                0x080053ac      0x5c4 src\Sine_table.o
                0x080053ac                sine_table
 .rodata.ExCvt  0x08005970       0x80 src\fatfs\ff.o
 .rodata.follow_path.str1.1
                0x080059f0        0xf src\fatfs\ff.o
 .rodata.SD_add_string.part.0.str1.1
                0x080059ff        0xe src\main.o
 .rodata.main.str1.1
                0x08005a0d       0x5b src\main.o
 .rodata.string_Decode.str1.1
                0x08005a68        0x8 src\position.o
 .rodata.UB_Fatfs_Mount.str1.1
                0x08005a70        0x3 src\stm32_ub_fatfs.o
 .rodata._setlocale_r.str1.1
                0x08005a73        0x8 c:/program files (x86)/atollic/truestudio for arm 8.0.0/armtools/bin/../lib/gcc/arm-atollic-eabi/6.3.1/../../../../arm-atollic-eabi/lib/armv7-m\libc_nano.a(lib_a-locale.o)
                                  0x9 (size before relaxing)
 .rodata.str1.1
                0x08005a7b        0x2 c:/program files (x86)/atollic/truestudio for arm 8.0.0/armtools/bin/../lib/gcc/arm-atollic-eabi/6.3.1/../../../../arm-atollic-eabi/lib/armv7-m\libc_nano.a(lib_a-locale.o)
 .rodata._svfprintf_r.str1.1
                0x08005a7b       0x11 c:/program files (x86)/atollic/truestudio for arm 8.0.0/armtools/bin/../lib/gcc/arm-atollic-eabi/6.3.1/../../../../arm-atollic-eabi/lib/armv7-m\libc_nano.a(lib_a-nano-svfprintf.o)
 .rodata._printf_i.str1.1
                0x08005a8c       0x22 c:/program files (x86)/atollic/truestudio for arm 8.0.0/armtools/bin/../lib/gcc/arm-atollic-eabi/6.3.1/../../../../arm-atollic-eabi/lib/armv7-m\libc_nano.a(lib_a-nano-vfprintf_i.o)
 .rodata._ctype_
                0x08005aae      0x101 c:/program files (x86)/atollic/truestudio for arm 8.0.0/armtools/bin/../lib/gcc/arm-atollic-eabi/6.3.1/../../../../arm-atollic-eabi/lib/armv7-m\libc_nano.a(lib_a-ctype_.o)
                0x08005aae                _ctype_
                0x08005bb0                . = ALIGN (0x4)
 *fill*         0x08005baf        0x1 

.rel.dyn        0x08005bb0        0x0
 .rel.iplt      0x08005bb0        0x0 c:/program files (x86)/atollic/truestudio for arm 8.0.0/armtools/bin/../lib/gcc/arm-atollic-eabi/6.3.1/armv7-m/crtbegin.o

.ARM.extab
 *(.ARM.extab* .gnu.linkonce.armextab.*)

.ARM            0x08005bb0        0x0
                0x08005bb0                __exidx_start = .
 *(.ARM.exidx*)
                0x08005bb0                __exidx_end = .

.preinit_array  0x08005bb0        0x0
                0x08005bb0                PROVIDE (__preinit_array_start, .)
 *(.preinit_array*)
                0x08005bb0                PROVIDE (__preinit_array_end, .)

.init_array     0x08005bb0        0x4
                0x08005bb0                PROVIDE (__init_array_start, .)
 *(SORT(.init_array.*))
 *(.init_array*)
 .init_array    0x08005bb0        0x4 c:/program files (x86)/atollic/truestudio for arm 8.0.0/armtools/bin/../lib/gcc/arm-atollic-eabi/6.3.1/armv7-m/crtbegin.o
                0x08005bb4                PROVIDE (__init_array_end, .)

.fini_array     0x08005bb4        0x4
                [!provide]                PROVIDE (__fini_array_start, .)
 *(SORT(.fini_array.*))
 *(.fini_array*)
 .fini_array    0x08005bb4        0x4 c:/program files (x86)/atollic/truestudio for arm 8.0.0/armtools/bin/../lib/gcc/arm-atollic-eabi/6.3.1/armv7-m/crtbegin.o
                [!provide]                PROVIDE (__fini_array_end, .)
                0x08005bb8                _sidata = LOADADDR (.data)

.data           0x20000000      0x3e4 load address 0x08005bb8
                0x20000000                . = ALIGN (0x4)
                0x20000000                _sdata = .
 *(.data)
 *(.data*)
 .data.APBAHBPrescTable
                0x20000000       0x10 SPL\src\stm32f2xx_rcc.o
 .data.txString
                0x20000010      0x200 src\AF.o
 .data.txString_length
                0x20000210        0x2 src\AF.o
 *fill*         0x20000212        0x2 
 .data._impure_ptr
                0x20000214        0x4 c:/program files (x86)/atollic/truestudio for arm 8.0.0/armtools/bin/../lib/gcc/arm-atollic-eabi/6.3.1/../../../../arm-atollic-eabi/lib/armv7-m\libc_nano.a(lib_a-impure.o)
                0x20000214                _impure_ptr
 .data.impure_data
                0x20000218       0x60 c:/program files (x86)/atollic/truestudio for arm 8.0.0/armtools/bin/../lib/gcc/arm-atollic-eabi/6.3.1/../../../../arm-atollic-eabi/lib/armv7-m\libc_nano.a(lib_a-impure.o)
 .data.__global_locale
                0x20000278      0x16c c:/program files (x86)/atollic/truestudio for arm 8.0.0/armtools/bin/../lib/gcc/arm-atollic-eabi/6.3.1/../../../../arm-atollic-eabi/lib/armv7-m\libc_nano.a(lib_a-locale.o)
                0x20000278                __global_locale
                0x200003e4                . = ALIGN (0x4)
                0x200003e4                _edata = .

.igot.plt       0x200003e4        0x0 load address 0x08005f9c
 .igot.plt      0x200003e4        0x0 c:/program files (x86)/atollic/truestudio for arm 8.0.0/armtools/bin/../lib/gcc/arm-atollic-eabi/6.3.1/armv7-m/crtbegin.o
                0x200003e4                . = ALIGN (0x4)

.bss            0x200003e8      0x654 load address 0x08005f9c
                0x200003e8                _sbss = .
                0x200003e8                __bss_start__ = _sbss
 *(.bss)
 .bss           0x200003e8       0x1c c:/program files (x86)/atollic/truestudio for arm 8.0.0/armtools/bin/../lib/gcc/arm-atollic-eabi/6.3.1/armv7-m/crtbegin.o
 *(.bss*)
 .bss.BitPosition.6943
                0x20000404        0x1 src\AF.o
 *fill*         0x20000405        0x1 
 .bss.BytePosition.6942
                0x20000406        0x2 src\AF.o
 .bss.rf_on     0x20000408        0x1 src\AF.o
 *fill*         0x20000409        0x3 
 .bss.calibration
                0x2000040c       0x1c src\MS5607.o
 .bss.FatFs     0x20000428        0x4 src\fatfs\ff.o
 .bss.Fsid      0x2000042c        0x2 src\fatfs\ff.o
 *fill*         0x2000042e        0x2 
 .bss.CID_Tab   0x20000430       0x10 src\fatfs\stm32_ub_sdcard.o
 .bss.CSD_Tab   0x20000440       0x10 src\fatfs\stm32_ub_sdcard.o
 .bss.CardType  0x20000450        0x4 src\fatfs\stm32_ub_sdcard.o
 .bss.DMAEndOfTransfer
                0x20000454        0x4 src\fatfs\stm32_ub_sdcard.o
                0x20000454                DMAEndOfTransfer
 .bss.RCA       0x20000458        0x4 src\fatfs\stm32_ub_sdcard.o
 .bss.StopCondition
                0x2000045c        0x4 src\fatfs\stm32_ub_sdcard.o
                0x2000045c                StopCondition
 .bss.TransferEnd
                0x20000460        0x4 src\fatfs\stm32_ub_sdcard.o
                0x20000460                TransferEnd
 .bss.TransferError
                0x20000464        0x1 src\fatfs\stm32_ub_sdcard.o
                0x20000464                TransferError
 .bss.ret_wert  0x20000465        0x4 src\i2c.o
 *fill*         0x20000469        0x3 
 .bss.timeout   0x2000046c        0x4 src\main.o
 .bss.GP_temp   0x20000470       0x46 src\position.o
 .bss.rxString.6984
                0x200004b6       0x80 src\position.o
 .bss.rxStringWritePos.6985
                0x20000536        0x1 src\position.o
 *fill*         0x20000537        0x1 
 .bss.FileSystemObject
                0x20000538      0x234 src\stm32_ub_fatfs.o
 .bss.__malloc_free_list
                0x2000076c        0x4 c:/program files (x86)/atollic/truestudio for arm 8.0.0/armtools/bin/../lib/gcc/arm-atollic-eabi/6.3.1/../../../../arm-atollic-eabi/lib/armv7-m\libc_nano.a(lib_a-nano-mallocr.o)
                0x2000076c                __malloc_free_list
 .bss.__malloc_sbrk_start
                0x20000770        0x4 c:/program files (x86)/atollic/truestudio for arm 8.0.0/armtools/bin/../lib/gcc/arm-atollic-eabi/6.3.1/../../../../arm-atollic-eabi/lib/armv7-m\libc_nano.a(lib_a-nano-mallocr.o)
                0x20000770                __malloc_sbrk_start
 .bss.heap_end.4116
                0x20000774        0x4 c:/program files (x86)/atollic/truestudio for arm 8.0.0/armtools/bin/../lib/gcc/arm-atollic-eabi/6.3.1/../../../../arm-atollic-eabi/lib/armv7-m\libnosys.a(sbrk.o)
 *(COMMON)
 COMMON         0x20000778       0x10 src\DAC.o
                0x20000778                DAC_InitStruct
 COMMON         0x20000788       0xa0 src\fatfs\stm32_ub_sdcard.o
                0x20000788                SDIO_CmdInitStructure
                0x200007a0                SDCardInfo
                0x200007f8                SDIO_InitStructure
                0x20000810                SDIO_DataInitStructure
 COMMON         0x20000828      0x108 src\position.o
                0x20000828                GPS_USART_RxRingBuffer
 COMMON         0x20000930      0x108 src\usart.o
                0x20000930                USART_RX_Buffer
 COMMON         0x20000a38        0x4 c:/program files (x86)/atollic/truestudio for arm 8.0.0/armtools/bin/../lib/gcc/arm-atollic-eabi/6.3.1/../../../../arm-atollic-eabi/lib/armv7-m\libc_nano.a(lib_a-reent.o)
                0x20000a38                errno
                0x20000a3c                . = ALIGN (0x4)
                0x20000a3c                _ebss = .
                0x20000a3c                __bss_end__ = _ebss

._user_heap_stack
                0x20000a3c      0x400 load address 0x08005f9c
                0x20000a3c                . = ALIGN (0x4)
                0x20000a3c                PROVIDE (end, .)
                [!provide]                PROVIDE (_end, .)
                0x20000a3c                . = (. + _Min_Heap_Size)
                0x20000e3c                . = (. + _Min_Stack_Size)
 *fill*         0x20000a3c      0x400 
                0x20000e3c                . = ALIGN (0x4)

.memory_b1_text
 *(.mb1text)
 *(.mb1text*)
 *(.mb1rodata)
 *(.mb1rodata*)

/DISCARD/
 libc.a(*)
 libm.a(*)
 libgcc.a(*)

.ARM.attributes
                0x00000000       0x29
 *(.ARM.attributes)
 .ARM.attributes
                0x00000000       0x1d c:/program files (x86)/atollic/truestudio for arm 8.0.0/armtools/bin/../lib/gcc/arm-atollic-eabi/6.3.1/armv7-m/crti.o
 .ARM.attributes
                0x0000001d       0x2d c:/program files (x86)/atollic/truestudio for arm 8.0.0/armtools/bin/../lib/gcc/arm-atollic-eabi/6.3.1/armv7-m/crtbegin.o
 .ARM.attributes
                0x0000004a       0x33 SPL\src\misc.o
 .ARM.attributes
                0x0000007d       0x33 SPL\src\stm32f2xx_adc.o
 .ARM.attributes
                0x000000b0       0x33 SPL\src\stm32f2xx_dac.o
 .ARM.attributes
                0x000000e3       0x33 SPL\src\stm32f2xx_dma.o
 .ARM.attributes
                0x00000116       0x33 SPL\src\stm32f2xx_gpio.o
 .ARM.attributes
                0x00000149       0x33 SPL\src\stm32f2xx_i2c.o
 .ARM.attributes
                0x0000017c       0x33 SPL\src\stm32f2xx_iwdg.o
 .ARM.attributes
                0x000001af       0x33 SPL\src\stm32f2xx_rcc.o
 .ARM.attributes
                0x000001e2       0x33 SPL\src\stm32f2xx_sdio.o
 .ARM.attributes
                0x00000215       0x33 SPL\src\stm32f2xx_tim.o
 .ARM.attributes
                0x00000248       0x33 SPL\src\stm32f2xx_usart.o
 .ARM.attributes
                0x0000027b       0x33 src\ADC.o
 .ARM.attributes
                0x000002ae       0x33 src\AF.o
 .ARM.attributes
                0x000002e1       0x33 src\DAC.o
 .ARM.attributes
                0x00000314       0x33 src\MCP9800.o
 .ARM.attributes
                0x00000347       0x33 src\MS5607.o
 .ARM.attributes
                0x0000037a       0x33 src\RingBuffer.o
 .ARM.attributes
                0x000003ad       0x33 src\Sine_table.o
 .ARM.attributes
                0x000003e0       0x33 src\fatfs\diskio.o
 .ARM.attributes
                0x00000413       0x33 src\fatfs\ff.o
 .ARM.attributes
                0x00000446       0x33 src\fatfs\stm32_ub_atadrive.o
 .ARM.attributes
                0x00000479       0x33 src\fatfs\stm32_ub_sdcard.o
 .ARM.attributes
                0x000004ac       0x33 src\fatfs\stm32_ub_usbdisk.o
 .ARM.attributes
                0x000004df       0x33 src\i2c.o
 .ARM.attributes
                0x00000512       0x33 src\main.o
 .ARM.attributes
                0x00000545       0x33 src\position.o
 .ARM.attributes
                0x00000578       0x21 src\startup_stm32f2xx.o
 .ARM.attributes
                0x00000599       0x33 src\stm32_ub_fatfs.o
 .ARM.attributes
                0x000005cc       0x33 src\system_stm32f2xx.o
 .ARM.attributes
                0x000005ff       0x33 src\usart.o
 .ARM.attributes
                0x00000632       0x33 src\watchdog.o
 .ARM.attributes
                0x00000665       0x2d c:/program files (x86)/atollic/truestudio for arm 8.0.0/armtools/bin/../lib/gcc/arm-atollic-eabi/6.3.1/../../../../arm-atollic-eabi/lib/armv7-m\libc_nano.a(lib_a-atoi.o)
 .ARM.attributes
                0x00000692       0x2d c:/program files (x86)/atollic/truestudio for arm 8.0.0/armtools/bin/../lib/gcc/arm-atollic-eabi/6.3.1/../../../../arm-atollic-eabi/lib/armv7-m\libc_nano.a(lib_a-init.o)
 .ARM.attributes
                0x000006bf       0x2d c:/program files (x86)/atollic/truestudio for arm 8.0.0/armtools/bin/../lib/gcc/arm-atollic-eabi/6.3.1/../../../../arm-atollic-eabi/lib/armv7-m\libc_nano.a(lib_a-memcpy-stub.o)
 .ARM.attributes
                0x000006ec       0x2d c:/program files (x86)/atollic/truestudio for arm 8.0.0/armtools/bin/../lib/gcc/arm-atollic-eabi/6.3.1/../../../../arm-atollic-eabi/lib/armv7-m\libc_nano.a(lib_a-snprintf.o)
 .ARM.attributes
                0x00000719       0x2d c:/program files (x86)/atollic/truestudio for arm 8.0.0/armtools/bin/../lib/gcc/arm-atollic-eabi/6.3.1/../../../../arm-atollic-eabi/lib/armv7-m\libc_nano.a(lib_a-strcpy.o)
 .ARM.attributes
                0x00000746       0x17 c:/program files (x86)/atollic/truestudio for arm 8.0.0/armtools/bin/../lib/gcc/arm-atollic-eabi/6.3.1/../../../../arm-atollic-eabi/lib/armv7-m\libc_nano.a(lib_a-strlen.o)
 .ARM.attributes
                0x0000075d       0x2d c:/program files (x86)/atollic/truestudio for arm 8.0.0/armtools/bin/../lib/gcc/arm-atollic-eabi/6.3.1/../../../../arm-atollic-eabi/lib/armv7-m\libc_nano.a(lib_a-strncat.o)
 .ARM.attributes
                0x0000078a       0x2d c:/program files (x86)/atollic/truestudio for arm 8.0.0/armtools/bin/../lib/gcc/arm-atollic-eabi/6.3.1/../../../../arm-atollic-eabi/lib/armv7-m\libc_nano.a(lib_a-strncmp.o)
 .ARM.attributes
                0x000007b7       0x2d c:/program files (x86)/atollic/truestudio for arm 8.0.0/armtools/bin/../lib/gcc/arm-atollic-eabi/6.3.1/../../../../arm-atollic-eabi/lib/armv7-m\libc_nano.a(lib_a-strtol.o)
 .ARM.attributes
                0x000007e4       0x2d c:/program files (x86)/atollic/truestudio for arm 8.0.0/armtools/bin/../lib/gcc/arm-atollic-eabi/6.3.1/../../../../arm-atollic-eabi/lib/armv7-m\libc_nano.a(lib_a-impure.o)
 .ARM.attributes
                0x00000811       0x2d c:/program files (x86)/atollic/truestudio for arm 8.0.0/armtools/bin/../lib/gcc/arm-atollic-eabi/6.3.1/../../../../arm-atollic-eabi/lib/armv7-m\libc_nano.a(lib_a-locale.o)
 .ARM.attributes
                0x0000083e       0x2d c:/program files (x86)/atollic/truestudio for arm 8.0.0/armtools/bin/../lib/gcc/arm-atollic-eabi/6.3.1/../../../../arm-atollic-eabi/lib/armv7-m\libc_nano.a(lib_a-mbtowc_r.o)
 .ARM.attributes
                0x0000086b       0x2d c:/program files (x86)/atollic/truestudio for arm 8.0.0/armtools/bin/../lib/gcc/arm-atollic-eabi/6.3.1/../../../../arm-atollic-eabi/lib/armv7-m\libc_nano.a(lib_a-nano-svfprintf.o)
 .ARM.attributes
                0x00000898       0x2d c:/program files (x86)/atollic/truestudio for arm 8.0.0/armtools/bin/../lib/gcc/arm-atollic-eabi/6.3.1/../../../../arm-atollic-eabi/lib/armv7-m\libc_nano.a(lib_a-nano-vfprintf_i.o)
 .ARM.attributes
                0x000008c5       0x2d c:/program files (x86)/atollic/truestudio for arm 8.0.0/armtools/bin/../lib/gcc/arm-atollic-eabi/6.3.1/../../../../arm-atollic-eabi/lib/armv7-m\libc_nano.a(lib_a-wctomb_r.o)
 .ARM.attributes
                0x000008f2       0x2d c:/program files (x86)/atollic/truestudio for arm 8.0.0/armtools/bin/../lib/gcc/arm-atollic-eabi/6.3.1/../../../../arm-atollic-eabi/lib/armv7-m\libc_nano.a(lib_a-ctype_.o)
 .ARM.attributes
                0x0000091f       0x2d c:/program files (x86)/atollic/truestudio for arm 8.0.0/armtools/bin/../lib/gcc/arm-atollic-eabi/6.3.1/../../../../arm-atollic-eabi/lib/armv7-m\libc_nano.a(lib_a-memchr-stub.o)
 .ARM.attributes
                0x0000094c       0x2d c:/program files (x86)/atollic/truestudio for arm 8.0.0/armtools/bin/../lib/gcc/arm-atollic-eabi/6.3.1/../../../../arm-atollic-eabi/lib/armv7-m\libc_nano.a(lib_a-memmove.o)
 .ARM.attributes
                0x00000979       0x2d c:/program files (x86)/atollic/truestudio for arm 8.0.0/armtools/bin/../lib/gcc/arm-atollic-eabi/6.3.1/../../../../arm-atollic-eabi/lib/armv7-m\libc_nano.a(lib_a-nano-freer.o)
 .ARM.attributes
                0x000009a6       0x2d c:/program files (x86)/atollic/truestudio for arm 8.0.0/armtools/bin/../lib/gcc/arm-atollic-eabi/6.3.1/../../../../arm-atollic-eabi/lib/armv7-m\libc_nano.a(lib_a-nano-mallocr.o)
 .ARM.attributes
                0x000009d3       0x2d c:/program files (x86)/atollic/truestudio for arm 8.0.0/armtools/bin/../lib/gcc/arm-atollic-eabi/6.3.1/../../../../arm-atollic-eabi/lib/armv7-m\libc_nano.a(lib_a-nano-reallocr.o)
 .ARM.attributes
                0x00000a00       0x2d c:/program files (x86)/atollic/truestudio for arm 8.0.0/armtools/bin/../lib/gcc/arm-atollic-eabi/6.3.1/../../../../arm-atollic-eabi/lib/armv7-m\libc_nano.a(lib_a-sbrkr.o)
 .ARM.attributes
                0x00000a2d       0x2d c:/program files (x86)/atollic/truestudio for arm 8.0.0/armtools/bin/../lib/gcc/arm-atollic-eabi/6.3.1/../../../../arm-atollic-eabi/lib/armv7-m\libc_nano.a(lib_a-mlock.o)
 .ARM.attributes
                0x00000a5a       0x2d c:/program files (x86)/atollic/truestudio for arm 8.0.0/armtools/bin/../lib/gcc/arm-atollic-eabi/6.3.1/../../../../arm-atollic-eabi/lib/armv7-m\libc_nano.a(lib_a-nano-msizer.o)
 .ARM.attributes
                0x00000a87       0x2d c:/program files (x86)/atollic/truestudio for arm 8.0.0/armtools/bin/../lib/gcc/arm-atollic-eabi/6.3.1/../../../../arm-atollic-eabi/lib/armv7-m\libc_nano.a(lib_a-reent.o)
 .ARM.attributes
                0x00000ab4       0x2d c:/program files (x86)/atollic/truestudio for arm 8.0.0/armtools/bin/../lib/gcc/arm-atollic-eabi/6.3.1/../../../../arm-atollic-eabi/lib/armv7-m\libnosys.a(sbrk.o)
 .ARM.attributes
                0x00000ae1       0x1d c:/program files (x86)/atollic/truestudio for arm 8.0.0/armtools/bin/../lib/gcc/arm-atollic-eabi/6.3.1/armv7-m/crtn.o
OUTPUT(Stratos_V2_Backup_True.elf elf32-littlearm)

.debug_info     0x00000000    0x175ee
 .debug_info    0x00000000      0x551 SPL\src\misc.o
 .debug_info    0x00000551      0xc82 SPL\src\stm32f2xx_adc.o
 .debug_info    0x000011d3      0x695 SPL\src\stm32f2xx_dac.o
 .debug_info    0x00001868      0x736 SPL\src\stm32f2xx_dma.o
 .debug_info    0x00001f9e      0x719 SPL\src\stm32f2xx_gpio.o
 .debug_info    0x000026b7      0xb78 SPL\src\stm32f2xx_i2c.o
 .debug_info    0x0000322f      0x218 SPL\src\stm32f2xx_iwdg.o
 .debug_info    0x00003447      0xca7 SPL\src\stm32f2xx_rcc.o
 .debug_info    0x000040ee      0x835 SPL\src\stm32f2xx_sdio.o
 .debug_info    0x00004923     0x2011 SPL\src\stm32f2xx_tim.o
 .debug_info    0x00006934      0xab3 SPL\src\stm32f2xx_usart.o
 .debug_info    0x000073e7      0x71c src\ADC.o
 .debug_info    0x00007b03     0x1185 src\AF.o
 .debug_info    0x00008c88      0xa1b src\DAC.o
 .debug_info    0x000096a3      0x29e src\MCP9800.o
 .debug_info    0x00009941      0x610 src\MS5607.o
 .debug_info    0x00009f51      0x242 src\RingBuffer.o
 .debug_info    0x0000a193       0xad src\Sine_table.o
 .debug_info    0x0000a240      0x476 src\fatfs\diskio.o
 .debug_info    0x0000a6b6     0x2ea6 src\fatfs\ff.o
 .debug_info    0x0000d55c      0x271 src\fatfs\stm32_ub_atadrive.o
 .debug_info    0x0000d7cd     0x33a0 src\fatfs\stm32_ub_sdcard.o
 .debug_info    0x00010b6d      0x271 src\fatfs\stm32_ub_usbdisk.o
 .debug_info    0x00010dde     0x111c src\i2c.o
 .debug_info    0x00011efa     0x2329 src\main.o
 .debug_info    0x00014223     0x1ac9 src\position.o
 .debug_info    0x00015cec       0xa9 src\startup_stm32f2xx.o
 .debug_info    0x00015d95      0xa22 src\stm32_ub_fatfs.o
 .debug_info    0x000167b7      0x55a src\system_stm32f2xx.o
 .debug_info    0x00016d11      0x6cb src\usart.o
 .debug_info    0x000173dc      0x212 src\watchdog.o

.debug_abbrev   0x00000000     0x3b74
 .debug_abbrev  0x00000000      0x181 SPL\src\misc.o
 .debug_abbrev  0x00000181      0x207 SPL\src\stm32f2xx_adc.o
 .debug_abbrev  0x00000388      0x233 SPL\src\stm32f2xx_dac.o
 .debug_abbrev  0x000005bb      0x1b1 SPL\src\stm32f2xx_dma.o
 .debug_abbrev  0x0000076c      0x201 SPL\src\stm32f2xx_gpio.o
 .debug_abbrev  0x0000096d      0x254 SPL\src\stm32f2xx_i2c.o
 .debug_abbrev  0x00000bc1      0x13d SPL\src\stm32f2xx_iwdg.o
 .debug_abbrev  0x00000cfe      0x21e SPL\src\stm32f2xx_rcc.o
 .debug_abbrev  0x00000f1c      0x227 SPL\src\stm32f2xx_sdio.o
 .debug_abbrev  0x00001143      0x2c7 SPL\src\stm32f2xx_tim.o
 .debug_abbrev  0x0000140a      0x1da SPL\src\stm32f2xx_usart.o
 .debug_abbrev  0x000015e4      0x1b0 src\ADC.o
 .debug_abbrev  0x00001794      0x296 src\AF.o
 .debug_abbrev  0x00001a2a      0x185 src\DAC.o
 .debug_abbrev  0x00001baf      0x133 src\MCP9800.o
 .debug_abbrev  0x00001ce2      0x156 src\MS5607.o
 .debug_abbrev  0x00001e38      0x12d src\RingBuffer.o
 .debug_abbrev  0x00001f65       0x5d src\Sine_table.o
 .debug_abbrev  0x00001fc2      0x199 src\fatfs\diskio.o
 .debug_abbrev  0x0000215b      0x329 src\fatfs\ff.o
 .debug_abbrev  0x00002484      0x166 src\fatfs\stm32_ub_atadrive.o
 .debug_abbrev  0x000025ea      0x432 src\fatfs\stm32_ub_sdcard.o
 .debug_abbrev  0x00002a1c      0x166 src\fatfs\stm32_ub_usbdisk.o
 .debug_abbrev  0x00002b82      0x22c src\i2c.o
 .debug_abbrev  0x00002dae      0x39c src\main.o
 .debug_abbrev  0x0000314a      0x3b1 src\position.o
 .debug_abbrev  0x000034fb       0x14 src\startup_stm32f2xx.o
 .debug_abbrev  0x0000350f      0x219 src\stm32_ub_fatfs.o
 .debug_abbrev  0x00003728      0x13d src\system_stm32f2xx.o
 .debug_abbrev  0x00003865      0x1e8 src\usart.o
 .debug_abbrev  0x00003a4d      0x127 src\watchdog.o

.debug_loc      0x00000000     0xbf40
 .debug_loc     0x00000000      0x169 SPL\src\misc.o
 .debug_loc     0x00000169      0x9fe SPL\src\stm32f2xx_adc.o
 .debug_loc     0x00000b67      0x38b SPL\src\stm32f2xx_dac.o
 .debug_loc     0x00000ef2      0x415 SPL\src\stm32f2xx_dma.o
 .debug_loc     0x00001307      0x30c SPL\src\stm32f2xx_gpio.o
 .debug_loc     0x00001613      0x66a SPL\src\stm32f2xx_i2c.o
 .debug_loc     0x00001c7d       0x62 SPL\src\stm32f2xx_iwdg.o
 .debug_loc     0x00001cdf      0x9c7 SPL\src\stm32f2xx_rcc.o
 .debug_loc     0x000026a6      0x171 SPL\src\stm32f2xx_sdio.o
 .debug_loc     0x00002817     0x1908 SPL\src\stm32f2xx_tim.o
 .debug_loc     0x0000411f      0x7d0 SPL\src\stm32f2xx_usart.o
 .debug_loc     0x000048ef       0xb6 src\ADC.o
 .debug_loc     0x000049a5       0xf1 src\AF.o
 .debug_loc     0x00004a96       0x2c src\DAC.o
 .debug_loc     0x00004ac2       0x93 src\MCP9800.o
 .debug_loc     0x00004b55      0x2a0 src\MS5607.o
 .debug_loc     0x00004df5       0x89 src\RingBuffer.o
 .debug_loc     0x00004e7e      0x4b4 src\fatfs\diskio.o
 .debug_loc     0x00005332     0x3c08 src\fatfs\ff.o
 .debug_loc     0x00008f3a       0x42 src\fatfs\stm32_ub_atadrive.o
 .debug_loc     0x00008f7c     0x16ae src\fatfs\stm32_ub_sdcard.o
 .debug_loc     0x0000a62a       0x42 src\fatfs\stm32_ub_usbdisk.o
 .debug_loc     0x0000a66c      0x8ea src\i2c.o
 .debug_loc     0x0000af56      0x18e src\main.o
 .debug_loc     0x0000b0e4      0x466 src\position.o
 .debug_loc     0x0000b54a      0x806 src\stm32_ub_fatfs.o
 .debug_loc     0x0000bd50      0x10b src\system_stm32f2xx.o
 .debug_loc     0x0000be5b       0x8d src\usart.o
 .debug_loc     0x0000bee8       0x58 src\watchdog.o

.debug_aranges  0x00000000     0x1230
 .debug_aranges
                0x00000000       0x40 SPL\src\misc.o
 .debug_aranges
                0x00000040      0x140 SPL\src\stm32f2xx_adc.o
 .debug_aranges
                0x00000180       0x90 SPL\src\stm32f2xx_dac.o
 .debug_aranges
                0x00000210       0xa8 SPL\src\stm32f2xx_dma.o
 .debug_aranges
                0x000002b8       0x88 SPL\src\stm32f2xx_gpio.o
 .debug_aranges
                0x00000340      0x110 SPL\src\stm32f2xx_i2c.o
 .debug_aranges
                0x00000450       0x48 SPL\src\stm32f2xx_iwdg.o
 .debug_aranges
                0x00000498      0x178 SPL\src\stm32f2xx_rcc.o
 .debug_aranges
                0x00000610       0xf8 SPL\src\stm32f2xx_sdio.o
 .debug_aranges
                0x00000708      0x2d8 SPL\src\stm32f2xx_tim.o
 .debug_aranges
                0x000009e0      0x100 SPL\src\stm32f2xx_usart.o
 .debug_aranges
                0x00000ae0       0x30 src\ADC.o
 .debug_aranges
                0x00000b10       0x30 src\AF.o
 .debug_aranges
                0x00000b40       0x38 src\DAC.o
 .debug_aranges
                0x00000b78       0x28 src\MCP9800.o
 .debug_aranges
                0x00000ba0       0x28 src\MS5607.o
 .debug_aranges
                0x00000bc8       0x38 src\RingBuffer.o
 .debug_aranges
                0x00000c00       0x18 src\Sine_table.o
 .debug_aranges
                0x00000c18       0x48 src\fatfs\diskio.o
 .debug_aranges
                0x00000c60      0x168 src\fatfs\ff.o
 .debug_aranges
                0x00000dc8       0x40 src\fatfs\stm32_ub_atadrive.o
 .debug_aranges
                0x00000e08      0x188 src\fatfs\stm32_ub_sdcard.o
 .debug_aranges
                0x00000f90       0x40 src\fatfs\stm32_ub_usbdisk.o
 .debug_aranges
                0x00000fd0       0x60 src\i2c.o
 .debug_aranges
                0x00001030       0x50 src\main.o
 .debug_aranges
                0x00001080       0x90 src\position.o
 .debug_aranges
                0x00001110       0x20 src\startup_stm32f2xx.o
 .debug_aranges
                0x00001130       0x78 src\stm32_ub_fatfs.o
 .debug_aranges
                0x000011a8       0x28 src\system_stm32f2xx.o
 .debug_aranges
                0x000011d0       0x38 src\usart.o
 .debug_aranges
                0x00001208       0x28 src\watchdog.o

.debug_ranges   0x00000000     0x13d8
 .debug_ranges  0x00000000       0x30 SPL\src\misc.o
 .debug_ranges  0x00000030      0x130 SPL\src\stm32f2xx_adc.o
 .debug_ranges  0x00000160       0x80 SPL\src\stm32f2xx_dac.o
 .debug_ranges  0x000001e0       0x98 SPL\src\stm32f2xx_dma.o
 .debug_ranges  0x00000278       0x78 SPL\src\stm32f2xx_gpio.o
 .debug_ranges  0x000002f0      0x100 SPL\src\stm32f2xx_i2c.o
 .debug_ranges  0x000003f0       0x38 SPL\src\stm32f2xx_iwdg.o
 .debug_ranges  0x00000428      0x168 SPL\src\stm32f2xx_rcc.o
 .debug_ranges  0x00000590       0xe8 SPL\src\stm32f2xx_sdio.o
 .debug_ranges  0x00000678      0x300 SPL\src\stm32f2xx_tim.o
 .debug_ranges  0x00000978       0xf0 SPL\src\stm32f2xx_usart.o
 .debug_ranges  0x00000a68       0x40 src\ADC.o
 .debug_ranges  0x00000aa8       0x50 src\AF.o
 .debug_ranges  0x00000af8       0x28 src\DAC.o
 .debug_ranges  0x00000b20       0x18 src\MCP9800.o
 .debug_ranges  0x00000b38       0x48 src\MS5607.o
 .debug_ranges  0x00000b80       0x28 src\RingBuffer.o
 .debug_ranges  0x00000ba8       0x38 src\fatfs\diskio.o
 .debug_ranges  0x00000be0      0x3a0 src\fatfs\ff.o
 .debug_ranges  0x00000f80       0x30 src\fatfs\stm32_ub_atadrive.o
 .debug_ranges  0x00000fb0      0x1e0 src\fatfs\stm32_ub_sdcard.o
 .debug_ranges  0x00001190       0x30 src\fatfs\stm32_ub_usbdisk.o
 .debug_ranges  0x000011c0       0x50 src\i2c.o
 .debug_ranges  0x00001210       0x58 src\main.o
 .debug_ranges  0x00001268       0xb0 src\position.o
 .debug_ranges  0x00001318       0x68 src\stm32_ub_fatfs.o
 .debug_ranges  0x00001380       0x18 src\system_stm32f2xx.o
 .debug_ranges  0x00001398       0x28 src\usart.o
 .debug_ranges  0x000013c0       0x18 src\watchdog.o

.debug_line     0x00000000     0x80b6
 .debug_line    0x00000000      0x273 SPL\src\misc.o
 .debug_line    0x00000273      0x58b SPL\src\stm32f2xx_adc.o
 .debug_line    0x000007fe      0x372 SPL\src\stm32f2xx_dac.o
 .debug_line    0x00000b70      0x416 SPL\src\stm32f2xx_dma.o
 .debug_line    0x00000f86      0x375 SPL\src\stm32f2xx_gpio.o
 .debug_line    0x000012fb      0x514 SPL\src\stm32f2xx_i2c.o
 .debug_line    0x0000180f      0x203 SPL\src\stm32f2xx_iwdg.o
 .debug_line    0x00001a12      0x5b4 SPL\src\stm32f2xx_rcc.o
 .debug_line    0x00001fc6      0x44a SPL\src\stm32f2xx_sdio.o
 .debug_line    0x00002410      0xb04 SPL\src\stm32f2xx_tim.o
 .debug_line    0x00002f14      0x514 SPL\src\stm32f2xx_usart.o
 .debug_line    0x00003428      0x306 src\ADC.o
 .debug_line    0x0000372e      0x454 src\AF.o
 .debug_line    0x00003b82      0x2e9 src\DAC.o
 .debug_line    0x00003e6b      0x225 src\MCP9800.o
 .debug_line    0x00004090      0x292 src\MS5607.o
 .debug_line    0x00004322      0x1e1 src\RingBuffer.o
 .debug_line    0x00004503      0x115 src\Sine_table.o
 .debug_line    0x00004618      0x286 src\fatfs\diskio.o
 .debug_line    0x0000489e      0xc31 src\fatfs\ff.o
 .debug_line    0x000054cf      0x1ef src\fatfs\stm32_ub_atadrive.o
 .debug_line    0x000056be      0xcf2 src\fatfs\stm32_ub_sdcard.o
 .debug_line    0x000063b0      0x1ee src\fatfs\stm32_ub_usbdisk.o
 .debug_line    0x0000659e      0x44b src\i2c.o
 .debug_line    0x000069e9      0x5c6 src\main.o
 .debug_line    0x00006faf      0x589 src\position.o
 .debug_line    0x00007538       0x69 src\startup_stm32f2xx.o
 .debug_line    0x000075a1      0x3d6 src\stm32_ub_fatfs.o
 .debug_line    0x00007977      0x1e8 src\system_stm32f2xx.o
 .debug_line    0x00007b5f      0x30f src\usart.o
 .debug_line    0x00007e6e      0x248 src\watchdog.o

.debug_str      0x00000000     0x569c
 .debug_str     0x00000000      0x3e5 SPL\src\misc.o
                                0x43e (size before relaxing)
 .debug_str     0x000003e5      0x63d SPL\src\stm32f2xx_adc.o
                                0x88b (size before relaxing)
 .debug_str     0x00000a22      0x25e SPL\src\stm32f2xx_dac.o
                                0x4da (size before relaxing)
 .debug_str     0x00000c80      0x356 SPL\src\stm32f2xx_dma.o
                                0x5b2 (size before relaxing)
 .debug_str     0x00000fd6      0x30c SPL\src\stm32f2xx_gpio.o
                                0x52a (size before relaxing)
 .debug_str     0x000012e2      0x434 SPL\src\stm32f2xx_i2c.o
                                0x6fe (size before relaxing)
 .debug_str     0x00001716       0xba SPL\src\stm32f2xx_iwdg.o
                                0x2dc (size before relaxing)
 .debug_str     0x000017d0      0x544 SPL\src\stm32f2xx_rcc.o
                                0x8c0 (size before relaxing)
 .debug_str     0x00001d14      0x458 SPL\src\stm32f2xx_sdio.o
                                0x6c7 (size before relaxing)
 .debug_str     0x0000216c      0xb47 SPL\src\stm32f2xx_tim.o
                                0xe6e (size before relaxing)
 .debug_str     0x00002cb3      0x402 SPL\src\stm32f2xx_usart.o
                                0x73f (size before relaxing)
 .debug_str     0x000030b5       0x61 src\ADC.o
                                0x64d (size before relaxing)
 .debug_str     0x00003116      0x99f src\AF.o
                                0xec4 (size before relaxing)
 .debug_str     0x00003ab5       0x24 src\DAC.o
                                0x7da (size before relaxing)
 .debug_str     0x00003ad9       0x51 src\MCP9800.o
                                0x2dc (size before relaxing)
 .debug_str     0x00003b2a       0x96 src\MS5607.o
                                0x32f (size before relaxing)
 .debug_str     0x00003bc0       0xdf src\RingBuffer.o
                                0x299 (size before relaxing)
 .debug_str     0x00003c9f       0x14 src\Sine_table.o
                                0x1ca (size before relaxing)
 .debug_str     0x00003cb3      0x163 src\fatfs\diskio.o
                                0x39c (size before relaxing)
 .debug_str     0x00003e16      0x488 src\fatfs\ff.o
                                0x6e1 (size before relaxing)
 .debug_str     0x0000429e       0x52 src\fatfs\stm32_ub_atadrive.o
                                0x2b0 (size before relaxing)
 .debug_str     0x000042f0      0xbff src\fatfs\stm32_ub_sdcard.o
                               0x1aeb (size before relaxing)
 .debug_str     0x00004eef       0x47 src\fatfs\stm32_ub_usbdisk.o
                                0x2ae (size before relaxing)
 .debug_str     0x00004f36       0x75 src\i2c.o
                                0x642 (size before relaxing)
 .debug_str     0x00004fab      0x416 src\main.o
                               0x12a2 (size before relaxing)
 .debug_str     0x000053c1      0x156 src\position.o
                               0x1206 (size before relaxing)
 .debug_str     0x00005517       0xcf src\stm32_ub_fatfs.o
                                0x6ef (size before relaxing)
 .debug_str     0x000055e6       0x63 src\system_stm32f2xx.o
                                0x3cd (size before relaxing)
 .debug_str     0x00005649       0x31 src\usart.o
                                0x5d5 (size before relaxing)
 .debug_str     0x0000567a       0x22 src\watchdog.o
                                0x2bb (size before relaxing)

.comment        0x00000000       0x7c
 .comment       0x00000000       0x7c SPL\src\misc.o
                                 0x7d (size before relaxing)
 .comment       0x0000007c       0x7d SPL\src\stm32f2xx_adc.o
 .comment       0x0000007c       0x7d SPL\src\stm32f2xx_dac.o
 .comment       0x0000007c       0x7d SPL\src\stm32f2xx_dma.o
 .comment       0x0000007c       0x7d SPL\src\stm32f2xx_gpio.o
 .comment       0x0000007c       0x7d SPL\src\stm32f2xx_i2c.o
 .comment       0x0000007c       0x7d SPL\src\stm32f2xx_iwdg.o
 .comment       0x0000007c       0x7d SPL\src\stm32f2xx_rcc.o
 .comment       0x0000007c       0x7d SPL\src\stm32f2xx_sdio.o
 .comment       0x0000007c       0x7d SPL\src\stm32f2xx_tim.o
 .comment       0x0000007c       0x7d SPL\src\stm32f2xx_usart.o
 .comment       0x0000007c       0x7d src\ADC.o
 .comment       0x0000007c       0x7d src\AF.o
 .comment       0x0000007c       0x7d src\DAC.o
 .comment       0x0000007c       0x7d src\MCP9800.o
 .comment       0x0000007c       0x7d src\MS5607.o
 .comment       0x0000007c       0x7d src\RingBuffer.o
 .comment       0x0000007c       0x7d src\Sine_table.o
 .comment       0x0000007c       0x7d src\fatfs\diskio.o
 .comment       0x0000007c       0x7d src\fatfs\ff.o
 .comment       0x0000007c       0x7d src\fatfs\stm32_ub_atadrive.o
 .comment       0x0000007c       0x7d src\fatfs\stm32_ub_sdcard.o
 .comment       0x0000007c       0x7d src\fatfs\stm32_ub_usbdisk.o
 .comment       0x0000007c       0x7d src\i2c.o
 .comment       0x0000007c       0x7d src\main.o
 .comment       0x0000007c       0x7d src\position.o
 .comment       0x0000007c       0x7d src\stm32_ub_fatfs.o
 .comment       0x0000007c       0x7d src\system_stm32f2xx.o
 .comment       0x0000007c       0x7d src\usart.o
 .comment       0x0000007c       0x7d src\watchdog.o

.debug_frame    0x00000000     0x3170
 .debug_frame   0x00000000       0x68 SPL\src\misc.o
 .debug_frame   0x00000068      0x2b4 SPL\src\stm32f2xx_adc.o
 .debug_frame   0x0000031c      0x150 SPL\src\stm32f2xx_dac.o
 .debug_frame   0x0000046c      0x160 SPL\src\stm32f2xx_dma.o
 .debug_frame   0x000005cc      0x124 SPL\src\stm32f2xx_gpio.o
 .debug_frame   0x000006f0      0x258 SPL\src\stm32f2xx_i2c.o
 .debug_frame   0x00000948       0x70 SPL\src\stm32f2xx_iwdg.o
 .debug_frame   0x000009b8      0x2e8 SPL\src\stm32f2xx_rcc.o
 .debug_frame   0x00000ca0      0x21c SPL\src\stm32f2xx_sdio.o
 .debug_frame   0x00000ebc      0x6bc SPL\src\stm32f2xx_tim.o
 .debug_frame   0x00001578      0x224 SPL\src\stm32f2xx_usart.o
 .debug_frame   0x0000179c       0x6c src\ADC.o
 .debug_frame   0x00001808       0x80 src\AF.o
 .debug_frame   0x00001888       0x84 src\DAC.o
 .debug_frame   0x0000190c       0x3c src\MCP9800.o
 .debug_frame   0x00001948       0x54 src\MS5607.o
 .debug_frame   0x0000199c       0x50 src\RingBuffer.o
 .debug_frame   0x000019ec       0x98 src\fatfs\diskio.o
 .debug_frame   0x00001a84      0x548 src\fatfs\ff.o
 .debug_frame   0x00001fcc       0x80 src\fatfs\stm32_ub_atadrive.o
 .debug_frame   0x0000204c      0x554 src\fatfs\stm32_ub_sdcard.o
 .debug_frame   0x000025a0       0x80 src\fatfs\stm32_ub_usbdisk.o
 .debug_frame   0x00002620      0x12c src\i2c.o
 .debug_frame   0x0000274c       0xb8 src\main.o
 .debug_frame   0x00002804      0x178 src\position.o
 .debug_frame   0x0000297c      0x140 src\stm32_ub_fatfs.o
 .debug_frame   0x00002abc       0x38 src\system_stm32f2xx.o
 .debug_frame   0x00002af4       0x80 src\usart.o
 .debug_frame   0x00002b74       0x3c src\watchdog.o
 .debug_frame   0x00002bb0       0x30 c:/program files (x86)/atollic/truestudio for arm 8.0.0/armtools/bin/../lib/gcc/arm-atollic-eabi/6.3.1/../../../../arm-atollic-eabi/lib/armv7-m\libc_nano.a(lib_a-atoi.o)
 .debug_frame   0x00002be0       0x2c c:/program files (x86)/atollic/truestudio for arm 8.0.0/armtools/bin/../lib/gcc/arm-atollic-eabi/6.3.1/../../../../arm-atollic-eabi/lib/armv7-m\libc_nano.a(lib_a-init.o)
 .debug_frame   0x00002c0c       0x28 c:/program files (x86)/atollic/truestudio for arm 8.0.0/armtools/bin/../lib/gcc/arm-atollic-eabi/6.3.1/../../../../arm-atollic-eabi/lib/armv7-m\libc_nano.a(lib_a-memcpy-stub.o)
 .debug_frame   0x00002c34       0x7c c:/program files (x86)/atollic/truestudio for arm 8.0.0/armtools/bin/../lib/gcc/arm-atollic-eabi/6.3.1/../../../../arm-atollic-eabi/lib/armv7-m\libc_nano.a(lib_a-snprintf.o)
 .debug_frame   0x00002cb0       0x20 c:/program files (x86)/atollic/truestudio for arm 8.0.0/armtools/bin/../lib/gcc/arm-atollic-eabi/6.3.1/../../../../arm-atollic-eabi/lib/armv7-m\libc_nano.a(lib_a-strcpy.o)
 .debug_frame   0x00002cd0       0x2c c:/program files (x86)/atollic/truestudio for arm 8.0.0/armtools/bin/../lib/gcc/arm-atollic-eabi/6.3.1/../../../../arm-atollic-eabi/lib/armv7-m\libc_nano.a(lib_a-strncat.o)
 .debug_frame   0x00002cfc       0x28 c:/program files (x86)/atollic/truestudio for arm 8.0.0/armtools/bin/../lib/gcc/arm-atollic-eabi/6.3.1/../../../../arm-atollic-eabi/lib/armv7-m\libc_nano.a(lib_a-strncmp.o)
 .debug_frame   0x00002d24       0x88 c:/program files (x86)/atollic/truestudio for arm 8.0.0/armtools/bin/../lib/gcc/arm-atollic-eabi/6.3.1/../../../../arm-atollic-eabi/lib/armv7-m\libc_nano.a(lib_a-strtol.o)
 .debug_frame   0x00002dac       0x68 c:/program files (x86)/atollic/truestudio for arm 8.0.0/armtools/bin/../lib/gcc/arm-atollic-eabi/6.3.1/../../../../arm-atollic-eabi/lib/armv7-m\libc_nano.a(lib_a-locale.o)
 .debug_frame   0x00002e14       0x48 c:/program files (x86)/atollic/truestudio for arm 8.0.0/armtools/bin/../lib/gcc/arm-atollic-eabi/6.3.1/../../../../arm-atollic-eabi/lib/armv7-m\libc_nano.a(lib_a-mbtowc_r.o)
 .debug_frame   0x00002e5c       0x90 c:/program files (x86)/atollic/truestudio for arm 8.0.0/armtools/bin/../lib/gcc/arm-atollic-eabi/6.3.1/../../../../arm-atollic-eabi/lib/armv7-m\libc_nano.a(lib_a-nano-svfprintf.o)
 .debug_frame   0x00002eec       0x60 c:/program files (x86)/atollic/truestudio for arm 8.0.0/armtools/bin/../lib/gcc/arm-atollic-eabi/6.3.1/../../../../arm-atollic-eabi/lib/armv7-m\libc_nano.a(lib_a-nano-vfprintf_i.o)
 .debug_frame   0x00002f4c       0x3c c:/program files (x86)/atollic/truestudio for arm 8.0.0/armtools/bin/../lib/gcc/arm-atollic-eabi/6.3.1/../../../../arm-atollic-eabi/lib/armv7-m\libc_nano.a(lib_a-wctomb_r.o)
 .debug_frame   0x00002f88       0x28 c:/program files (x86)/atollic/truestudio for arm 8.0.0/armtools/bin/../lib/gcc/arm-atollic-eabi/6.3.1/../../../../arm-atollic-eabi/lib/armv7-m\libc_nano.a(lib_a-memchr-stub.o)
 .debug_frame   0x00002fb0       0x28 c:/program files (x86)/atollic/truestudio for arm 8.0.0/armtools/bin/../lib/gcc/arm-atollic-eabi/6.3.1/../../../../arm-atollic-eabi/lib/armv7-m\libc_nano.a(lib_a-memmove.o)
 .debug_frame   0x00002fd8       0x38 c:/program files (x86)/atollic/truestudio for arm 8.0.0/armtools/bin/../lib/gcc/arm-atollic-eabi/6.3.1/../../../../arm-atollic-eabi/lib/armv7-m\libc_nano.a(lib_a-nano-freer.o)
 .debug_frame   0x00003010       0x2c c:/program files (x86)/atollic/truestudio for arm 8.0.0/armtools/bin/../lib/gcc/arm-atollic-eabi/6.3.1/../../../../arm-atollic-eabi/lib/armv7-m\libc_nano.a(lib_a-nano-mallocr.o)
 .debug_frame   0x0000303c       0x3c c:/program files (x86)/atollic/truestudio for arm 8.0.0/armtools/bin/../lib/gcc/arm-atollic-eabi/6.3.1/../../../../arm-atollic-eabi/lib/armv7-m\libc_nano.a(lib_a-nano-reallocr.o)
 .debug_frame   0x00003078       0x2c c:/program files (x86)/atollic/truestudio for arm 8.0.0/armtools/bin/../lib/gcc/arm-atollic-eabi/6.3.1/../../../../arm-atollic-eabi/lib/armv7-m\libc_nano.a(lib_a-sbrkr.o)
 .debug_frame   0x000030a4       0x30 c:/program files (x86)/atollic/truestudio for arm 8.0.0/armtools/bin/../lib/gcc/arm-atollic-eabi/6.3.1/../../../../arm-atollic-eabi/lib/armv7-m\libc_nano.a(lib_a-mlock.o)
 .debug_frame   0x000030d4       0x20 c:/program files (x86)/atollic/truestudio for arm 8.0.0/armtools/bin/../lib/gcc/arm-atollic-eabi/6.3.1/../../../../arm-atollic-eabi/lib/armv7-m\libc_nano.a(lib_a-nano-msizer.o)
 .debug_frame   0x000030f4       0x5c c:/program files (x86)/atollic/truestudio for arm 8.0.0/armtools/bin/../lib/gcc/arm-atollic-eabi/6.3.1/../../../../arm-atollic-eabi/lib/armv7-m\libc_nano.a(lib_a-reent.o)
 .debug_frame   0x00003150       0x20 c:/program files (x86)/atollic/truestudio for arm 8.0.0/armtools/bin/../lib/gcc/arm-atollic-eabi/6.3.1/../../../../arm-atollic-eabi/lib/armv7-m\libnosys.a(sbrk.o)

Cross Reference Table

Symbol                                            File
ADC_AnalogWatchdogCmd                             SPL\src\stm32f2xx_adc.o
ADC_AnalogWatchdogSingleChannelConfig             SPL\src\stm32f2xx_adc.o
ADC_AnalogWatchdogThresholdsConfig                SPL\src\stm32f2xx_adc.o
ADC_AutoInjectedConvCmd                           SPL\src\stm32f2xx_adc.o
ADC_ClearFlag                                     SPL\src\stm32f2xx_adc.o
ADC_ClearITPendingBit                             SPL\src\stm32f2xx_adc.o
ADC_Cmd                                           SPL\src\stm32f2xx_adc.o
                                                  src\ADC.o
ADC_CommonInit                                    SPL\src\stm32f2xx_adc.o
                                                  src\ADC.o
ADC_CommonStructInit                              SPL\src\stm32f2xx_adc.o
ADC_ContinuousModeCmd                             SPL\src\stm32f2xx_adc.o
ADC_DMACmd                                        SPL\src\stm32f2xx_adc.o
ADC_DMARequestAfterLastTransferCmd                SPL\src\stm32f2xx_adc.o
ADC_DeInit                                        SPL\src\stm32f2xx_adc.o
ADC_DiscModeChannelCountConfig                    SPL\src\stm32f2xx_adc.o
ADC_DiscModeCmd                                   SPL\src\stm32f2xx_adc.o
ADC_EOCOnEachRegularChannelCmd                    SPL\src\stm32f2xx_adc.o
ADC_ExternalTrigInjectedConvConfig                SPL\src\stm32f2xx_adc.o
ADC_ExternalTrigInjectedConvEdgeConfig            SPL\src\stm32f2xx_adc.o
ADC_GetConversionValue                            SPL\src\stm32f2xx_adc.o
                                                  src\ADC.o
ADC_GetFlagStatus                                 SPL\src\stm32f2xx_adc.o
                                                  src\ADC.o
ADC_GetITStatus                                   SPL\src\stm32f2xx_adc.o
ADC_GetInjectedConversionValue                    SPL\src\stm32f2xx_adc.o
ADC_GetMultiModeConversionValue                   SPL\src\stm32f2xx_adc.o
ADC_GetSoftwareStartConvStatus                    SPL\src\stm32f2xx_adc.o
ADC_GetSoftwareStartInjectedConvCmdStatus         SPL\src\stm32f2xx_adc.o
ADC_ITConfig                                      SPL\src\stm32f2xx_adc.o
ADC_Init                                          SPL\src\stm32f2xx_adc.o
                                                  src\ADC.o
ADC_InjectedChannelConfig                         SPL\src\stm32f2xx_adc.o
ADC_InjectedDiscModeCmd                           SPL\src\stm32f2xx_adc.o
ADC_InjectedSequencerLengthConfig                 SPL\src\stm32f2xx_adc.o
ADC_MultiModeDMARequestAfterLastTransferCmd       SPL\src\stm32f2xx_adc.o
ADC_RegularChannelConfig                          SPL\src\stm32f2xx_adc.o
                                                  src\ADC.o
ADC_SetInjectedOffset                             SPL\src\stm32f2xx_adc.o
ADC_SoftwareStartConv                             SPL\src\stm32f2xx_adc.o
                                                  src\ADC.o
ADC_SoftwareStartInjectedConv                     SPL\src\stm32f2xx_adc.o
ADC_StructInit                                    SPL\src\stm32f2xx_adc.o
                                                  src\ADC.o
ADC_TempSensorVrefintCmd                          SPL\src\stm32f2xx_adc.o
ADC_VBATCmd                                       SPL\src\stm32f2xx_adc.o
AHBPrescTable                                     src\system_stm32f2xx.o
ATA_disk_initialize                               src\fatfs\stm32_ub_atadrive.o
                                                  src\fatfs\diskio.o
ATA_disk_ioctl                                    src\fatfs\stm32_ub_atadrive.o
                                                  src\fatfs\diskio.o
ATA_disk_read                                     src\fatfs\stm32_ub_atadrive.o
                                                  src\fatfs\diskio.o
ATA_disk_status                                   src\fatfs\stm32_ub_atadrive.o
                                                  src\fatfs\diskio.o
ATA_disk_write                                    src\fatfs\stm32_ub_atadrive.o
                                                  src\fatfs\diskio.o
DAC_ClearFlag                                     SPL\src\stm32f2xx_dac.o
DAC_ClearITPendingBit                             SPL\src\stm32f2xx_dac.o
DAC_Cmd                                           SPL\src\stm32f2xx_dac.o
                                                  src\DAC.o
DAC_DMACmd                                        SPL\src\stm32f2xx_dac.o
                                                  src\DAC.o
DAC_DeInit                                        SPL\src\stm32f2xx_dac.o
DAC_DualSoftwareTriggerCmd                        SPL\src\stm32f2xx_dac.o
DAC_GetDataOutputValue                            SPL\src\stm32f2xx_dac.o
DAC_GetFlagStatus                                 SPL\src\stm32f2xx_dac.o
DAC_GetITStatus                                   SPL\src\stm32f2xx_dac.o
DAC_ITConfig                                      SPL\src\stm32f2xx_dac.o
DAC_Init                                          SPL\src\stm32f2xx_dac.o
                                                  src\DAC.o
DAC_InitStruct                                    src\DAC.o
DAC_SetChannel1Data                               SPL\src\stm32f2xx_dac.o
DAC_SetChannel2Data                               SPL\src\stm32f2xx_dac.o
DAC_SetDualChannelData                            SPL\src\stm32f2xx_dac.o
DAC_SoftwareTriggerCmd                            SPL\src\stm32f2xx_dac.o
DAC_StructInit                                    SPL\src\stm32f2xx_dac.o
DAC_WaveGenerationCmd                             SPL\src\stm32f2xx_dac.o
DMA2_Stream3_IRQHandler                           src\fatfs\stm32_ub_sdcard.o
                                                  src\startup_stm32f2xx.o
DMAEndOfTransfer                                  src\fatfs\stm32_ub_sdcard.o
DMA_ClearFlag                                     SPL\src\stm32f2xx_dma.o
                                                  src\fatfs\stm32_ub_sdcard.o
DMA_ClearITPendingBit                             SPL\src\stm32f2xx_dma.o
DMA_Cmd                                           SPL\src\stm32f2xx_dma.o
                                                  src\fatfs\stm32_ub_sdcard.o
                                                  src\DAC.o
DMA_DeInit                                        SPL\src\stm32f2xx_dma.o
                                                  src\fatfs\stm32_ub_sdcard.o
                                                  src\DAC.o
DMA_DoubleBufferModeCmd                           SPL\src\stm32f2xx_dma.o
DMA_DoubleBufferModeConfig                        SPL\src\stm32f2xx_dma.o
DMA_FlowControllerConfig                          SPL\src\stm32f2xx_dma.o
                                                  src\fatfs\stm32_ub_sdcard.o
DMA_GetCmdStatus                                  SPL\src\stm32f2xx_dma.o
DMA_GetCurrDataCounter                            SPL\src\stm32f2xx_dma.o
DMA_GetCurrentMemoryTarget                        SPL\src\stm32f2xx_dma.o
DMA_GetFIFOStatus                                 SPL\src\stm32f2xx_dma.o
DMA_GetFlagStatus                                 SPL\src\stm32f2xx_dma.o
DMA_GetITStatus                                   SPL\src\stm32f2xx_dma.o
DMA_ITConfig                                      SPL\src\stm32f2xx_dma.o
                                                  src\fatfs\stm32_ub_sdcard.o
DMA_Init                                          SPL\src\stm32f2xx_dma.o
                                                  src\fatfs\stm32_ub_sdcard.o
                                                  src\DAC.o
DMA_MemoryTargetConfig                            SPL\src\stm32f2xx_dma.o
DMA_PeriphIncOffsetSizeConfig                     SPL\src\stm32f2xx_dma.o
DMA_SetCurrDataCounter                            SPL\src\stm32f2xx_dma.o
DMA_StructInit                                    SPL\src\stm32f2xx_dma.o
Default_Handler                                   src\main.o
                                                  src\startup_stm32f2xx.o
EXTI_ClearFlag                                    SPL\src\stm32f2xx_exti.o
EXTI_ClearITPendingBit                            SPL\src\stm32f2xx_exti.o
EXTI_DeInit                                       SPL\src\stm32f2xx_exti.o
EXTI_GenerateSWInterrupt                          SPL\src\stm32f2xx_exti.o
EXTI_GetFlagStatus                                SPL\src\stm32f2xx_exti.o
EXTI_GetITStatus                                  SPL\src\stm32f2xx_exti.o
EXTI_Init                                         SPL\src\stm32f2xx_exti.o
EXTI_StructInit                                   SPL\src\stm32f2xx_exti.o
FLASH_ClearFlag                                   SPL\src\stm32f2xx_flash.o
FLASH_DataCacheCmd                                SPL\src\stm32f2xx_flash.o
FLASH_DataCacheReset                              SPL\src\stm32f2xx_flash.o
FLASH_EraseAllSectors                             SPL\src\stm32f2xx_flash.o
FLASH_EraseSector                                 SPL\src\stm32f2xx_flash.o
FLASH_GetFlagStatus                               SPL\src\stm32f2xx_flash.o
FLASH_GetStatus                                   SPL\src\stm32f2xx_flash.o
FLASH_ITConfig                                    SPL\src\stm32f2xx_flash.o
FLASH_InstructionCacheCmd                         SPL\src\stm32f2xx_flash.o
FLASH_InstructionCacheReset                       SPL\src\stm32f2xx_flash.o
FLASH_Lock                                        SPL\src\stm32f2xx_flash.o
FLASH_OB_BORConfig                                SPL\src\stm32f2xx_flash.o
FLASH_OB_GetBOR                                   SPL\src\stm32f2xx_flash.o
FLASH_OB_GetRDP                                   SPL\src\stm32f2xx_flash.o
FLASH_OB_GetUser                                  SPL\src\stm32f2xx_flash.o
FLASH_OB_GetWRP                                   SPL\src\stm32f2xx_flash.o
FLASH_OB_Launch                                   SPL\src\stm32f2xx_flash.o
FLASH_OB_Lock                                     SPL\src\stm32f2xx_flash.o
FLASH_OB_RDPConfig                                SPL\src\stm32f2xx_flash.o