Archive member included to satisfy reference by file (symbol)

c:/program files (x86)/atollic/truestudio for arm 7.0.0/armtools/bin/../lib/gcc/arm-atollic-eabi/5.3.1/../../../../arm-atollic-eabi/lib/armv7-m\libc_nano.a(lib_a-init.o)
                              src\startup_stm32f2xx.o (__libc_init_array)
c:/program files (x86)/atollic/truestudio for arm 7.0.0/armtools/bin/../lib/gcc/arm-atollic-eabi/5.3.1/../../../../arm-atollic-eabi/lib/armv7-m\libc_nano.a(lib_a-memset.o)
                              src\fatfs\stm32_ub_sdcard.o (memset)
c:/program files (x86)/atollic/truestudio for arm 7.0.0/armtools/bin/../lib/gcc/arm-atollic-eabi/5.3.1/../../../../arm-atollic-eabi/lib/armv7-m\libc_nano.a(lib_a-snprintf.o)
                              src\main.o (snprintf)
c:/program files (x86)/atollic/truestudio for arm 7.0.0/armtools/bin/../lib/gcc/arm-atollic-eabi/5.3.1/../../../../arm-atollic-eabi/lib/armv7-m\libc_nano.a(lib_a-strlen.o)
                              src\AF.o (strlen)
c:/program files (x86)/atollic/truestudio for arm 7.0.0/armtools/bin/../lib/gcc/arm-atollic-eabi/5.3.1/../../../../arm-atollic-eabi/lib/armv7-m\libc_nano.a(lib_a-strncat.o)
                              src\main.o (strncat)
c:/program files (x86)/atollic/truestudio for arm 7.0.0/armtools/bin/../lib/gcc/arm-atollic-eabi/5.3.1/../../../../arm-atollic-eabi/lib/armv7-m\libc_nano.a(lib_a-strncmp.o)
                              src\gps.o (strncmp)
c:/program files (x86)/atollic/truestudio for arm 7.0.0/armtools/bin/../lib/gcc/arm-atollic-eabi/5.3.1/../../../../arm-atollic-eabi/lib/armv7-m\libc_nano.a(lib_a-strncpy.o)
                              src\gps.o (strncpy)
c:/program files (x86)/atollic/truestudio for arm 7.0.0/armtools/bin/../lib/gcc/arm-atollic-eabi/5.3.1/../../../../arm-atollic-eabi/lib/armv7-m\libc_nano.a(lib_a-strtok.o)
                              src\gps.o (strtok)
c:/program files (x86)/atollic/truestudio for arm 7.0.0/armtools/bin/../lib/gcc/arm-atollic-eabi/5.3.1/../../../../arm-atollic-eabi/lib/armv7-m\libc_nano.a(lib_a-strtok_r.o)
                              c:/program files (x86)/atollic/truestudio for arm 7.0.0/armtools/bin/../lib/gcc/arm-atollic-eabi/5.3.1/../../../../arm-atollic-eabi/lib/armv7-m\libc_nano.a(lib_a-strtok.o) (__strtok_r)
c:/program files (x86)/atollic/truestudio for arm 7.0.0/armtools/bin/../lib/gcc/arm-atollic-eabi/5.3.1/../../../../arm-atollic-eabi/lib/armv7-m\libc_nano.a(lib_a-impure.o)
                              c:/program files (x86)/atollic/truestudio for arm 7.0.0/armtools/bin/../lib/gcc/arm-atollic-eabi/5.3.1/../../../../arm-atollic-eabi/lib/armv7-m\libc_nano.a(lib_a-snprintf.o) (_impure_ptr)
c:/program files (x86)/atollic/truestudio for arm 7.0.0/armtools/bin/../lib/gcc/arm-atollic-eabi/5.3.1/../../../../arm-atollic-eabi/lib/armv7-m\libc_nano.a(lib_a-malloc.o)
                              c:/program files (x86)/atollic/truestudio for arm 7.0.0/armtools/bin/../lib/gcc/arm-atollic-eabi/5.3.1/../../../../arm-atollic-eabi/lib/armv7-m\libc_nano.a(lib_a-strtok.o) (malloc)
c:/program files (x86)/atollic/truestudio for arm 7.0.0/armtools/bin/../lib/gcc/arm-atollic-eabi/5.3.1/../../../../arm-atollic-eabi/lib/armv7-m\libc_nano.a(lib_a-nano-freer.o)
                              c:/program files (x86)/atollic/truestudio for arm 7.0.0/armtools/bin/../lib/gcc/arm-atollic-eabi/5.3.1/../../../../arm-atollic-eabi/lib/armv7-m\libc_nano.a(lib_a-malloc.o) (_free_r)
c:/program files (x86)/atollic/truestudio for arm 7.0.0/armtools/bin/../lib/gcc/arm-atollic-eabi/5.3.1/../../../../arm-atollic-eabi/lib/armv7-m\libc_nano.a(lib_a-nano-mallocr.o)
                              c:/program files (x86)/atollic/truestudio for arm 7.0.0/armtools/bin/../lib/gcc/arm-atollic-eabi/5.3.1/../../../../arm-atollic-eabi/lib/armv7-m\libc_nano.a(lib_a-malloc.o) (_malloc_r)
c:/program files (x86)/atollic/truestudio for arm 7.0.0/armtools/bin/../lib/gcc/arm-atollic-eabi/5.3.1/../../../../arm-atollic-eabi/lib/armv7-m\libc_nano.a(lib_a-nano-svfprintf.o)
                              c:/program files (x86)/atollic/truestudio for arm 7.0.0/armtools/bin/../lib/gcc/arm-atollic-eabi/5.3.1/../../../../arm-atollic-eabi/lib/armv7-m\libc_nano.a(lib_a-snprintf.o) (_svfprintf_r)
c:/program files (x86)/atollic/truestudio for arm 7.0.0/armtools/bin/../lib/gcc/arm-atollic-eabi/5.3.1/../../../../arm-atollic-eabi/lib/armv7-m\libc_nano.a(lib_a-nano-vfprintf_i.o)
                              c:/program files (x86)/atollic/truestudio for arm 7.0.0/armtools/bin/../lib/gcc/arm-atollic-eabi/5.3.1/../../../../arm-atollic-eabi/lib/armv7-m\libc_nano.a(lib_a-nano-svfprintf.o) (_printf_i)
c:/program files (x86)/atollic/truestudio for arm 7.0.0/armtools/bin/../lib/gcc/arm-atollic-eabi/5.3.1/../../../../arm-atollic-eabi/lib/armv7-m\libc_nano.a(lib_a-sbrkr.o)
[...]
Memory Configuration

Name             Origin             Length             Attributes
FLASH            0x08000000         0x00040000         xr
RAM              0x20000000         0x00014000         xrw
MEMORY_B1        0x60000000         0x00000000         xr
*default*        0x00000000         0xffffffff

Linker script and memory map

LOAD c:/program files (x86)/atollic/truestudio for arm 7.0.0/armtools/bin/../lib/gcc/arm-atollic-eabi/5.3.1/armv7-m/crti.o
LOAD c:/program files (x86)/atollic/truestudio for arm 7.0.0/armtools/bin/../lib/gcc/arm-atollic-eabi/5.3.1/armv7-m/crtbegin.o
LOAD SPL\src\misc.o
LOAD SPL\src\stm32f2xx_adc.o
LOAD SPL\src\stm32f2xx_dac.o
LOAD SPL\src\stm32f2xx_dma.o
LOAD SPL\src\stm32f2xx_exti.o
LOAD SPL\src\stm32f2xx_flash.o
LOAD SPL\src\stm32f2xx_gpio.o
LOAD SPL\src\stm32f2xx_i2c.o
LOAD SPL\src\stm32f2xx_iwdg.o
LOAD SPL\src\stm32f2xx_pwr.o
LOAD SPL\src\stm32f2xx_rcc.o
LOAD SPL\src\stm32f2xx_rng.o
LOAD SPL\src\stm32f2xx_rtc.o
LOAD SPL\src\stm32f2xx_sdio.o
LOAD SPL\src\stm32f2xx_spi.o
LOAD SPL\src\stm32f2xx_syscfg.o
LOAD SPL\src\stm32f2xx_tim.o
LOAD SPL\src\stm32f2xx_usart.o
LOAD SPL\src\stm32f2xx_wwdg.o
LOAD src\ADC.o
LOAD src\AF.o
LOAD src\DAC.o
LOAD src\LIS302.o
LOAD src\MCP9800.o
LOAD src\MS5607.o
LOAD src\RRC_Bat.o
LOAD src\RTC.o
LOAD src\RingBuffer.o
LOAD src\Sine_table.o
LOAD src\fatfs\diskio.o
LOAD src\fatfs\ff.o
LOAD src\fatfs\stm32_ub_atadrive.o
LOAD src\fatfs\stm32_ub_sdcard.o
LOAD src\fatfs\stm32_ub_usbdisk.o
LOAD src\gps.o
LOAD src\heating.o
LOAD src\i2c.o
LOAD src\main.o
LOAD src\sdio.o
LOAD src\spi.o
LOAD src\startup_stm32f2xx.o
LOAD src\stm32_ub_fatfs.o
LOAD src\system_stm32f2xx.o
LOAD src\usart.o
LOAD src\watchdog.o
START GROUP
LOAD c:/program files (x86)/atollic/truestudio for arm 7.0.0/armtools/bin/../lib/gcc/arm-atollic-eabi/5.3.1/../../../../arm-atollic-eabi/lib/armv7-m\libc_nano.a
LOAD c:/program files (x86)/atollic/truestudio for arm 7.0.0/armtools/bin/../lib/gcc/arm-atollic-eabi/5.3.1/../../../../arm-atollic-eabi/lib/armv7-m\libm.a
END GROUP
                0x00000080                malloc_getpagesize_P = 0x80
START GROUP
LOAD c:/program files (x86)/atollic/truestudio for arm 7.0.0/armtools/bin/../lib/gcc/arm-atollic-eabi/5.3.1/armv7-m\libgcc.a
LOAD c:/program files (x86)/atollic/truestudio for arm 7.0.0/armtools/bin/../lib/gcc/arm-atollic-eabi/5.3.1/../../../../arm-atollic-eabi/lib/armv7-m\libc_nano.a
END GROUP
START GROUP
LOAD c:/program files (x86)/atollic/truestudio for arm 7.0.0/armtools/bin/../lib/gcc/arm-atollic-eabi/5.3.1/armv7-m\libgcc.a
LOAD c:/program files (x86)/atollic/truestudio for arm 7.0.0/armtools/bin/../lib/gcc/arm-atollic-eabi/5.3.1/../../../../arm-atollic-eabi/lib/armv7-m\libc_nano.a
LOAD c:/program files (x86)/atollic/truestudio for arm 7.0.0/armtools/bin/../lib/gcc/arm-atollic-eabi/5.3.1/../../../../arm-atollic-eabi/lib/armv7-m\libnosys.a
END GROUP
START GROUP
LOAD c:/program files (x86)/atollic/truestudio for arm 7.0.0/armtools/bin/../lib/gcc/arm-atollic-eabi/5.3.1/armv7-m\libgcc.a
LOAD c:/program files (x86)/atollic/truestudio for arm 7.0.0/armtools/bin/../lib/gcc/arm-atollic-eabi/5.3.1/../../../../arm-atollic-eabi/lib/armv7-m\libc_nano.a
LOAD c:/program files (x86)/atollic/truestudio for arm 7.0.0/armtools/bin/../lib/gcc/arm-atollic-eabi/5.3.1/../../../../arm-atollic-eabi/lib/armv7-m\libnosys.a
END GROUP
LOAD c:/program files (x86)/atollic/truestudio for arm 7.0.0/armtools/bin/../lib/gcc/arm-atollic-eabi/5.3.1/armv7-m/crtend.o
LOAD c:/program files (x86)/atollic/truestudio for arm 7.0.0/armtools/bin/../lib/gcc/arm-atollic-eabi/5.3.1/armv7-m/crtn.o
                0x20014000                _estack = 0x20014000
                0x00000000                _Min_Heap_Size = 0x0
                0x00000400                _Min_Stack_Size = 0x400

.isr_vector     0x08000000      0x184
                0x08000000                . = ALIGN (0x4)
 *(.isr_vector)
 .isr_vector    0x08000000      0x184 src\startup_stm32f2xx.o
                0x08000000                g_pfnVectors
                0x08000184                . = ALIGN (0x4)

.text           0x08000184     0x8db4
                0x08000184                . = ALIGN (0x4)
 *(.text)
 .text          0x08000184       0x40 c:/program files (x86)/atollic/truestudio for arm 7.0.0/armtools/bin/../lib/gcc/arm-atollic-eabi/5.3.1/armv7-m/crtbegin.o
 .text          0x080001c4       0x10 c:/program files (x86)/atollic/truestudio for arm 7.0.0/armtools/bin/../lib/gcc/arm-atollic-eabi/5.3.1/../../../../arm-atollic-eabi/lib/armv7-m\libc_nano.a(lib_a-strlen.o)
                0x080001c4                strlen
 *(.text*)
 .text.NVIC_PriorityGroupConfig
                0x080001d4       0x24 SPL\src\misc.o
                0x080001d4                NVIC_PriorityGroupConfig
 .text.NVIC_Init
                0x080001f8       0xc0 SPL\src\misc.o
                0x080001f8                NVIC_Init
 .text.ADC_Init
                0x080002b8       0xa8 SPL\src\stm32f2xx_adc.o
                0x080002b8                ADC_Init
 .text.ADC_StructInit
                0x08000360       0x3c SPL\src\stm32f2xx_adc.o
                0x08000360                ADC_StructInit
 .text.ADC_CommonInit
                0x0800039c       0x50 SPL\src\stm32f2xx_adc.o
                0x0800039c                ADC_CommonInit
 .text.ADC_Cmd  0x080003ec       0x38 SPL\src\stm32f2xx_adc.o
                0x080003ec                ADC_Cmd
 .text.ADC_RegularChannelConfig
                0x08000424      0x194 SPL\src\stm32f2xx_adc.o
                0x08000424                ADC_RegularChannelConfig
 .text.ADC_SoftwareStartConv
                0x080005b8       0x20 SPL\src\stm32f2xx_adc.o
                0x080005b8                ADC_SoftwareStartConv
 .text.ADC_GetConversionValue
                0x080005d8       0x18 SPL\src\stm32f2xx_adc.o
                0x080005d8                ADC_GetConversionValue
 .text.ADC_GetFlagStatus
                0x080005f0       0x34 SPL\src\stm32f2xx_adc.o
                0x080005f0                ADC_GetFlagStatus
 .text.DAC_Init
                0x08000624       0x64 SPL\src\stm32f2xx_dac.o
                0x08000624                DAC_Init
 .text.DAC_Cmd  0x08000688       0x48 SPL\src\stm32f2xx_dac.o
                0x08000688                DAC_Cmd
 .text.DAC_DMACmd
                0x080006d0       0x4c SPL\src\stm32f2xx_dac.o
                0x080006d0                DAC_DMACmd
 .text.DMA_DeInit
                0x0800071c      0x1a4 SPL\src\stm32f2xx_dma.o
                0x0800071c                DMA_DeInit
 .text.DMA_Init
                0x080008c0       0xac SPL\src\stm32f2xx_dma.o
                0x080008c0                DMA_Init
 .text.DMA_Cmd  0x0800096c       0x38 SPL\src\stm32f2xx_dma.o
                0x0800096c                DMA_Cmd
 .text.DMA_FlowControllerConfig
                0x080009a4       0x34 SPL\src\stm32f2xx_dma.o
                0x080009a4                DMA_FlowControllerConfig
 .text.DMA_ClearFlag
                0x080009d8       0x5c SPL\src\stm32f2xx_dma.o
                0x080009d8                DMA_ClearFlag
 .text.DMA_ITConfig
                0x08000a34       0x74 SPL\src\stm32f2xx_dma.o
                0x08000a34                DMA_ITConfig
 .text.GPIO_Init
                0x08000aa8      0x11c SPL\src\stm32f2xx_gpio.o
                0x08000aa8                GPIO_Init
 .text.GPIO_ReadInputDataBit
                0x08000bc4       0x34 SPL\src\stm32f2xx_gpio.o
                0x08000bc4                GPIO_ReadInputDataBit
 .text.GPIO_SetBits
                0x08000bf8       0x1c SPL\src\stm32f2xx_gpio.o
                0x08000bf8                GPIO_SetBits
 .text.GPIO_ResetBits
                0x08000c14       0x1c SPL\src\stm32f2xx_gpio.o
                0x08000c14                GPIO_ResetBits
 .text.GPIO_PinAFConfig
                0x08000c30       0x90 SPL\src\stm32f2xx_gpio.o
                0x08000c30                GPIO_PinAFConfig
 .text.I2C_DeInit
                0x08000cc0       0x74 SPL\src\stm32f2xx_i2c.o
                0x08000cc0                I2C_DeInit
 .text.I2C_Init
                0x08000d34      0x184 SPL\src\stm32f2xx_i2c.o
                0x08000d34                I2C_Init
 .text.I2C_Cmd  0x08000eb8       0x40 SPL\src\stm32f2xx_i2c.o
                0x08000eb8                I2C_Cmd
 .text.I2C_GenerateSTART
                0x08000ef8       0x40 SPL\src\stm32f2xx_i2c.o
                0x08000ef8                I2C_GenerateSTART
 .text.I2C_GenerateSTOP
                0x08000f38       0x40 SPL\src\stm32f2xx_i2c.o
                0x08000f38                I2C_GenerateSTOP
 .text.I2C_Send7bitAddress
                0x08000f78       0x3c SPL\src\stm32f2xx_i2c.o
                0x08000f78                I2C_Send7bitAddress
 .text.I2C_AcknowledgeConfig
                0x08000fb4       0x40 SPL\src\stm32f2xx_i2c.o
                0x08000fb4                I2C_AcknowledgeConfig
 .text.I2C_SendData
                0x08000ff4       0x20 SPL\src\stm32f2xx_i2c.o
                0x08000ff4                I2C_SendData
 .text.I2C_ReceiveData
                0x08001014       0x1c SPL\src\stm32f2xx_i2c.o
                0x08001014                I2C_ReceiveData
 .text.I2C_GetFlagStatus
                0x08001030       0x64 SPL\src\stm32f2xx_i2c.o
                0x08001030                I2C_GetFlagStatus
 .text.IWDG_WriteAccessCmd
                0x08001094       0x20 SPL\src\stm32f2xx_iwdg.o
                0x08001094                IWDG_WriteAccessCmd
 .text.IWDG_SetPrescaler
                0x080010b4       0x20 SPL\src\stm32f2xx_iwdg.o
                0x080010b4                IWDG_SetPrescaler
 .text.IWDG_SetReload
                0x080010d4       0x20 SPL\src\stm32f2xx_iwdg.o
                0x080010d4                IWDG_SetReload
 .text.IWDG_ReloadCounter
                0x080010f4       0x18 SPL\src\stm32f2xx_iwdg.o
                0x080010f4                IWDG_ReloadCounter
 .text.IWDG_Enable
                0x0800110c       0x18 SPL\src\stm32f2xx_iwdg.o
                0x0800110c                IWDG_Enable
 .text.RCC_GetClocksFreq
                0x08001124      0x154 SPL\src\stm32f2xx_rcc.o
                0x08001124                RCC_GetClocksFreq
 .text.RCC_AHB1PeriphClockCmd
                0x08001278       0x3c SPL\src\stm32f2xx_rcc.o
                0x08001278                RCC_AHB1PeriphClockCmd
 .text.RCC_APB1PeriphClockCmd
                0x080012b4       0x3c SPL\src\stm32f2xx_rcc.o
                0x080012b4                RCC_APB1PeriphClockCmd
 .text.RCC_APB2PeriphClockCmd
                0x080012f0       0x3c SPL\src\stm32f2xx_rcc.o
                0x080012f0                RCC_APB2PeriphClockCmd
 .text.RCC_APB1PeriphResetCmd
                0x0800132c       0x3c SPL\src\stm32f2xx_rcc.o
                0x0800132c                RCC_APB1PeriphResetCmd
 .text.RCC_APB2PeriphResetCmd
                0x08001368       0x3c SPL\src\stm32f2xx_rcc.o
                0x08001368                RCC_APB2PeriphResetCmd
 .text.RCC_GetFlagStatus
                0x080013a4       0x74 SPL\src\stm32f2xx_rcc.o
                0x080013a4                RCC_GetFlagStatus
 .text.RCC_ClearFlag
                0x08001418       0x1c SPL\src\stm32f2xx_rcc.o
                0x08001418                RCC_ClearFlag
 .text.SDIO_DeInit
                0x08001434       0x1c SPL\src\stm32f2xx_sdio.o
                0x08001434                SDIO_DeInit
 .text.SDIO_Init
                0x08001450       0x5c SPL\src\stm32f2xx_sdio.o
                0x08001450                SDIO_Init
 .text.SDIO_ClockCmd
                0x080014ac       0x20 SPL\src\stm32f2xx_sdio.o
                0x080014ac                SDIO_ClockCmd
 .text.SDIO_SetPowerState
                0x080014cc       0x1c SPL\src\stm32f2xx_sdio.o
                0x080014cc                SDIO_SetPowerState
 .text.SDIO_GetPowerState
                0x080014e8       0x18 SPL\src\stm32f2xx_sdio.o
                0x080014e8                SDIO_GetPowerState
 .text.SDIO_SendCommand
                0x08001500       0x58 SPL\src\stm32f2xx_sdio.o
                0x08001500                SDIO_SendCommand
 .text.SDIO_GetCommandResponse
                0x08001558       0x18 SPL\src\stm32f2xx_sdio.o
                0x08001558                SDIO_GetCommandResponse
 .text.SDIO_GetResponse
                0x08001570       0x28 SPL\src\stm32f2xx_sdio.o
                0x08001570                SDIO_GetResponse
 .text.SDIO_DataConfig
                0x08001598       0x5c SPL\src\stm32f2xx_sdio.o
                0x08001598                SDIO_DataConfig
 .text.SDIO_ReadData
                0x080015f4       0x18 SPL\src\stm32f2xx_sdio.o
                0x080015f4                SDIO_ReadData
 .text.SDIO_DMACmd
                0x0800160c       0x20 SPL\src\stm32f2xx_sdio.o
                0x0800160c                SDIO_DMACmd
 .text.SDIO_ITConfig
                0x0800162c       0x3c SPL\src\stm32f2xx_sdio.o
                0x0800162c                SDIO_ITConfig
 .text.SDIO_GetFlagStatus
                0x08001668       0x34 SPL\src\stm32f2xx_sdio.o
                0x08001668                SDIO_GetFlagStatus
 .text.SDIO_ClearFlag
                0x0800169c       0x1c SPL\src\stm32f2xx_sdio.o
                0x0800169c                SDIO_ClearFlag
 .text.SDIO_GetITStatus
                0x080016b8       0x34 SPL\src\stm32f2xx_sdio.o
                0x080016b8                SDIO_GetITStatus
 .text.SDIO_ClearITPendingBit
                0x080016ec       0x1c SPL\src\stm32f2xx_sdio.o
                0x080016ec                SDIO_ClearITPendingBit
 .text.TIM_TimeBaseInit
                0x08001708       0xd4 SPL\src\stm32f2xx_tim.o
                0x08001708                TIM_TimeBaseInit
 .text.TIM_TimeBaseStructInit
                0x080017dc       0x34 SPL\src\stm32f2xx_tim.o
                0x080017dc                TIM_TimeBaseStructInit
 .text.TIM_SetAutoreload
                0x08001810       0x1c SPL\src\stm32f2xx_tim.o
                0x08001810                TIM_SetAutoreload
 .text.TIM_ARRPreloadConfig
                0x0800182c       0x40 SPL\src\stm32f2xx_tim.o
                0x0800182c                TIM_ARRPreloadConfig
 .text.TIM_Cmd  0x0800186c       0x40 SPL\src\stm32f2xx_tim.o
                0x0800186c                TIM_Cmd
 .text.TIM_ITConfig
                0x080018ac       0x48 SPL\src\stm32f2xx_tim.o
                0x080018ac                TIM_ITConfig
 .text.TIM_GetITStatus
                0x080018f4       0x54 SPL\src\stm32f2xx_tim.o
                0x080018f4                TIM_GetITStatus
 .text.TIM_ClearITPendingBit
                0x08001948       0x20 SPL\src\stm32f2xx_tim.o
                0x08001948                TIM_ClearITPendingBit
 .text.TIM_SelectOutputTrigger
                0x08001968       0x38 SPL\src\stm32f2xx_tim.o
                0x08001968                TIM_SelectOutputTrigger
 .text.USART_Init
                0x080019a0      0x174 SPL\src\stm32f2xx_usart.o
                0x080019a0                USART_Init
 .text.USART_Cmd
                0x08001b14       0x40 SPL\src\stm32f2xx_usart.o
                0x08001b14                USART_Cmd
 .text.USART_SendData
                0x08001b54       0x24 SPL\src\stm32f2xx_usart.o
                0x08001b54                USART_SendData
 .text.USART_ReceiveData
                0x08001b78       0x20 SPL\src\stm32f2xx_usart.o
                0x08001b78                USART_ReceiveData
 .text.USART_ITConfig
                0x08001b98       0x90 SPL\src\stm32f2xx_usart.o
                0x08001b98                USART_ITConfig
 .text.USART_GetFlagStatus
                0x08001c28       0x38 SPL\src\stm32f2xx_usart.o
                0x08001c28                USART_GetFlagStatus
 .text.USART_GetITStatus
                0x08001c60       0xb4 SPL\src\stm32f2xx_usart.o
                0x08001c60                USART_GetITStatus
 .text.USART_ClearITPendingBit
                0x08001d14       0x38 SPL\src\stm32f2xx_usart.o
                0x08001d14                USART_ClearITPendingBit
 .text.my_ADC_Init
                0x08001d4c       0x98 src\ADC.o
                0x08001d4c                my_ADC_Init
 .text.UB_ADC1_AV_Read
                0x08001de4       0x48 src\ADC.o
                0x08001de4                UB_ADC1_AV_Read
 .text.UB_ADC1_SINGLE_Read
                0x08001e2c       0x48 src\ADC.o
                0x08001e2c                UB_ADC1_SINGLE_Read
 .text.af_init  0x08001e74       0x68 src\AF.o
                0x08001e74                af_init
 .text.TIM7_IRQHandler
                0x08001edc       0xf0 src\AF.o
                0x08001edc                TIM7_IRQHandler
 .text.rf_send_string
                0x08001fcc       0xc4 src\AF.o
                0x08001fcc                rf_send_string
 .text.my_DAC_Init
                0x08002090       0xd8 src\DAC.o
                0x08002090                my_DAC_Init
 .text.startSine
                0x08002168       0x98 src\DAC.o
                0x08002168                startSine
 .text.stopSine
                0x08002200       0x1c src\DAC.o
                0x08002200                stopSine
 .text.transmit
                0x0800221c       0x30 src\DAC.o
                0x0800221c                transmit
 .text.MCP_9800_init
                0x0800224c        0xc src\MCP9800.o
                0x0800224c                MCP_9800_init
 .text.MCP9800_get_tmp
                0x08002258       0x64 src\MCP9800.o
                0x08002258                MCP9800_get_tmp
 .text.MS5607_init
                0x080022bc      0x160 src\MS5607.o
                0x080022bc                MS5607_init
 .text.MS5607_get_pressure
                0x0800241c      0x3b0 src\MS5607.o
                0x0800241c                MS5607_get_pressure
 .text.FillState
                0x080027cc       0x20 src\RingBuffer.o
 .text.InitRingBuffer
                0x080027ec       0x24 src\RingBuffer.o
                0x080027ec                InitRingBuffer
 .text.RingBufferRead
                0x08002810       0x3c src\RingBuffer.o
                0x08002810                RingBufferRead
 .text.RingBufferWrite
                0x0800284c       0x3c src\RingBuffer.o
                0x0800284c                RingBufferWrite
 .text.disk_initialize
                0x08002888       0x74 src\fatfs\diskio.o
                0x08002888                disk_initialize
 .text.disk_status
                0x080028fc       0x74 src\fatfs\diskio.o
                0x080028fc                disk_status
 .text.disk_read
                0x08002970       0x94 src\fatfs\diskio.o
                0x08002970                disk_read
 .text.disk_write
                0x08002a04       0x94 src\fatfs\diskio.o
                0x08002a04                disk_write
 .text.get_fattime
                0x08002a98       0x14 src\fatfs\diskio.o
                0x08002a98                get_fattime
 .text.disk_ioctl
                0x08002aac       0x8c src\fatfs\diskio.o
                0x08002aac                disk_ioctl
 .text.mem_cpy  0x08002b38       0x3c src\fatfs\ff.o
 .text.mem_set  0x08002b74       0x34 src\fatfs\ff.o
 .text.mem_cmp  0x08002ba8       0x4c src\fatfs\ff.o
 .text.chk_chr  0x08002bf4       0x34 src\fatfs\ff.o
 .text.sync_window
                0x08002c28       0x8c src\fatfs\ff.o
 .text.move_window
                0x08002cb4       0x50 src\fatfs\ff.o
 .text.sync_fs  0x08002d04      0x138 src\fatfs\ff.o
 .text.clust2sect
                0x08002e3c       0x3c src\fatfs\ff.o
                0x08002e3c                clust2sect
 .text.get_fat  0x08002e78      0x164 src\fatfs\ff.o
                0x08002e78                get_fat
 .text.put_fat  0x08002fdc      0x204 src\fatfs\ff.o
                0x08002fdc                put_fat
 .text.remove_chain
                0x080031e0       0xa0 src\fatfs\ff.o
 .text.create_chain
                0x08003280      0x114 src\fatfs\ff.o
 .text.dir_sdi  0x08003394      0x104 src\fatfs\ff.o
 .text.dir_next
                0x08003498      0x1a4 src\fatfs\ff.o
 .text.dir_alloc
                0x0800363c       0x84 src\fatfs\ff.o
 .text.ld_clust
                0x080036c0       0x58 src\fatfs\ff.o
 .text.st_clust
                0x08003718       0x44 src\fatfs\ff.o
 .text.dir_find
                0x0800375c       0x98 src\fatfs\ff.o
 .text.dir_register
                0x080037f4       0x64 src\fatfs\ff.o
 .text.create_name
                0x08003858      0x180 src\fatfs\ff.o
 .text.follow_path
                0x080039d8       0xd4 src\fatfs\ff.o
 .text.check_fs
                0x08003aac       0xcc src\fatfs\ff.o
 .text.chk_mounted
                0x08003b78      0x550 src\fatfs\ff.o
 .text.validate
                0x080040c8       0x5c src\fatfs\ff.o
 .text.f_mount  0x08004124       0x54 src\fatfs\ff.o
                0x08004124                f_mount
 .text.f_open   0x08004178      0x274 src\fatfs\ff.o
                0x08004178                f_open
 .text.f_write  0x080043ec      0x304 src\fatfs\ff.o
                0x080043ec                f_write
 .text.f_sync   0x080046f0      0x148 src\fatfs\ff.o
                0x080046f0                f_sync
 .text.f_close  0x08004838       0x28 src\fatfs\ff.o
                0x08004838                f_close
 .text.f_lseek  0x08004860      0x2a0 src\fatfs\ff.o
                0x08004860                f_lseek
 .text.f_getfree
                0x08004b00      0x188 src\fatfs\ff.o
                0x08004b00                f_getfree
 .text.f_putc   0x08004c88       0x4c src\fatfs\ff.o
                0x08004c88                f_putc
 .text.f_puts   0x08004cd4       0x48 src\fatfs\ff.o
                0x08004cd4                f_puts
 .text.UB_ATADrive_Init
                0x08004d1c        0xc src\fatfs\stm32_ub_atadrive.o
                0x08004d1c                UB_ATADrive_Init
 .text.ATA_disk_initialize
                0x08004d28       0x18 src\fatfs\stm32_ub_atadrive.o
                0x08004d28                ATA_disk_initialize
 .text.ATA_disk_status
                0x08004d40       0x18 src\fatfs\stm32_ub_atadrive.o
                0x08004d40                ATA_disk_status
 .text.ATA_disk_read
                0x08004d58       0x20 src\fatfs\stm32_ub_atadrive.o
                0x08004d58                ATA_disk_read
 .text.ATA_disk_write
                0x08004d78       0x20 src\fatfs\stm32_ub_atadrive.o
                0x08004d78                ATA_disk_write
 .text.ATA_disk_ioctl
                0x08004d98       0x20 src\fatfs\stm32_ub_atadrive.o
                0x08004d98                ATA_disk_ioctl
 .text.UB_SDCard_Init
                0x08004db8       0x10 src\fatfs\stm32_ub_sdcard.o
                0x08004db8                UB_SDCard_Init
 .text.UB_SDCard_CheckMedia
                0x08004dc8       0x20 src\fatfs\stm32_ub_sdcard.o
                0x08004dc8                UB_SDCard_CheckMedia
 .text.MMC_disk_initialize
                0x08004de8       0x34 src\fatfs\stm32_ub_sdcard.o
                0x08004de8                MMC_disk_initialize
 .text.MMC_disk_status
                0x08004e1c       0x30 src\fatfs\stm32_ub_sdcard.o
                0x08004e1c                MMC_disk_status
 .text.MMC_disk_read
                0x08004e4c       0x64 src\fatfs\stm32_ub_sdcard.o
                0x08004e4c                MMC_disk_read
 .text.MMC_disk_write
                0x08004eb0       0x64 src\fatfs\stm32_ub_sdcard.o
                0x08004eb0                MMC_disk_write
 .text.MMC_disk_ioctl
                0x08004f14       0x70 src\fatfs\stm32_ub_sdcard.o
                0x08004f14                MMC_disk_ioctl
 .text.NVIC_Configuration
                0x08004f84       0x40 src\fatfs\stm32_ub_sdcard.o
 .text.SD_Init  0x08004fc4       0xb8 src\fatfs\stm32_ub_sdcard.o
                0x08004fc4                SD_Init
 .text.SD_GetStatus
                0x0800507c       0x30 src\fatfs\stm32_ub_sdcard.o
                0x0800507c                SD_GetStatus
 .text.SD_GetState
                0x080050ac       0x40 src\fatfs\stm32_ub_sdcard.o
                0x080050ac                SD_GetState
 .text.SD_Detect
                0x080050ec       0x30 src\fatfs\stm32_ub_sdcard.o
                0x080050ec                SD_Detect
 .text.SD_PowerON
                0x0800511c      0x22c src\fatfs\stm32_ub_sdcard.o
                0x0800511c                SD_PowerON
 .text.SD_InitializeCards
                0x08005348      0x18c src\fatfs\stm32_ub_sdcard.o
                0x08005348                SD_InitializeCards
 .text.SD_GetCardInfo
                0x080054d4      0x580 src\fatfs\stm32_ub_sdcard.o
                0x080054d4                SD_GetCardInfo
 .text.SD_EnableWideBusOperation
                0x08005a54       0xd8 src\fatfs\stm32_ub_sdcard.o
                0x08005a54                SD_EnableWideBusOperation
 .text.SD_SelectDeselect
                0x08005b2c       0x4c src\fatfs\stm32_ub_sdcard.o
                0x08005b2c                SD_SelectDeselect
 .text.SD_ReadMultiBlocks
                0x08005b78      0x134 src\fatfs\stm32_ub_sdcard.o
                0x08005b78                SD_ReadMultiBlocks
 .text.SD_WaitReadOperation
                0x08005cac       0xbc src\fatfs\stm32_ub_sdcard.o
                0x08005cac                SD_WaitReadOperation
 .text.SD_WriteMultiBlocks
                0x08005d68      0x1b0 src\fatfs\stm32_ub_sdcard.o
                0x08005d68                SD_WriteMultiBlocks
 .text.SD_WaitWriteOperation
                0x08005f18       0xbc src\fatfs\stm32_ub_sdcard.o
                0x08005f18                SD_WaitWriteOperation
 .text.SD_StopTransfer
                0x08005fd4       0x48 src\fatfs\stm32_ub_sdcard.o
                0x08005fd4                SD_StopTransfer
 .text.SD_SendStatus
                0x0800601c       0x78 src\fatfs\stm32_ub_sdcard.o
                0x0800601c                SD_SendStatus
 .text.SD_ProcessIRQSrc
                0x08006094       0xc8 src\fatfs\stm32_ub_sdcard.o
                0x08006094                SD_ProcessIRQSrc
 .text.SD_ProcessDMAIRQ
                0x0800615c       0x30 src\fatfs\stm32_ub_sdcard.o
                0x0800615c                SD_ProcessDMAIRQ
 .text.CmdError
                0x0800618c       0x4c src\fatfs\stm32_ub_sdcard.o
 .text.CmdResp7Error
                0x080061d8       0x78 src\fatfs\stm32_ub_sdcard.o
 .text.CmdResp1Error
                0x08006250      0x1a4 src\fatfs\stm32_ub_sdcard.o
 .text.CmdResp3Error
                0x080063f4       0x50 src\fatfs\stm32_ub_sdcard.o
 .text.CmdResp2Error
                0x08006444       0x68 src\fatfs\stm32_ub_sdcard.o
 .text.CmdResp6Error
                0x080064ac       0xd0 src\fatfs\stm32_ub_sdcard.o
 .text.SDEnWideBus
                0x0800657c      0x180 src\fatfs\stm32_ub_sdcard.o
 .text.FindSCR  0x080066fc      0x204 src\fatfs\stm32_ub_sdcard.o
 .text.SD_LowLevel_Init
                0x08006900       0xcc src\fatfs\stm32_ub_sdcard.o
                0x08006900                SD_LowLevel_Init
 .text.SD_LowLevel_DMA_TxConfig
                0x080069cc       0xa4 src\fatfs\stm32_ub_sdcard.o
                0x080069cc                SD_LowLevel_DMA_TxConfig
 .text.SD_LowLevel_DMA_RxConfig
                0x08006a70       0xa4 src\fatfs\stm32_ub_sdcard.o
                0x08006a70                SD_LowLevel_DMA_RxConfig
 .text.SDIO_IRQHandler
                0x08006b14        0xc src\fatfs\stm32_ub_sdcard.o
                0x08006b14                SDIO_IRQHandler
 .text.DMA2_Stream3_IRQHandler
                0x08006b20        0xc src\fatfs\stm32_ub_sdcard.o
                0x08006b20                DMA2_Stream3_IRQHandler
 .text.UB_USBDisk_Init
                0x08006b2c        0xc src\fatfs\stm32_ub_usbdisk.o
                0x08006b2c                UB_USBDisk_Init
 .text.USB_disk_initialize
                0x08006b38       0x18 src\fatfs\stm32_ub_usbdisk.o
                0x08006b38                USB_disk_initialize
 .text.USB_disk_status
                0x08006b50       0x18 src\fatfs\stm32_ub_usbdisk.o
                0x08006b50                USB_disk_status
 .text.USB_disk_read
                0x08006b68       0x20 src\fatfs\stm32_ub_usbdisk.o
                0x08006b68                USB_disk_read
 .text.USB_disk_write
                0x08006b88       0x20 src\fatfs\stm32_ub_usbdisk.o
                0x08006b88                USB_disk_write
 .text.USB_disk_ioctl
                0x08006ba8       0x20 src\fatfs\stm32_ub_usbdisk.o
                0x08006ba8                USB_disk_ioctl
 .text.GPS_Init
                0x08006bc8       0xbc src\gps.o
                0x08006bc8                GPS_Init
 .text.GPS_SendConfig
                0x08006c84      0x13c src\gps.o
                0x08006c84                GPS_SendConfig
 .text.GPS_UART_Capture
                0x08006dc0       0x6c src\gps.o
                0x08006dc0                GPS_UART_Capture
 .text.GPS_Decode
                0x08006e2c      0x1bc src\gps.o
                0x08006e2c                GPS_Decode
 .text.GPS_GetPosition
                0x08006fe8      0x108 src\gps.o
                0x08006fe8                GPS_GetPosition
 .text.USART6_IRQHandler
                0x080070f0       0x3c src\gps.o
                0x080070f0                USART6_IRQHandler
 .text.USART6SendChar
                0x0800712c       0x34 src\gps.o
                0x0800712c                USART6SendChar
 .text.USART6SendRaw
                0x08007160       0x38 src\gps.o
                0x08007160                USART6SendRaw
 .text.i2c_init_tmp
                0x08007198       0x9c src\i2c.o
                0x08007198                i2c_init_tmp
 .text.UB_I2C_Read
                0x08007234      0x130 src\i2c.o
                0x08007234                UB_I2C_Read
 .text.UB_I2C_ReadWord
                0x08007364      0x1f4 src\i2c.o
                0x08007364                UB_I2C_ReadWord
 .text.UB_I2C_Read24b
                0x08007558      0x16c src\i2c.o
                0x08007558                UB_I2C_Read24b
 .text.UB_I2C_WriteCommand
                0x080076c4      0x12c src\i2c.o
                0x080076c4                UB_I2C_WriteCommand
 .text.P_I2C_timeout
                0x080077f0       0x20 src\i2c.o
                0x080077f0                P_I2C_timeout
 .text.NVIC_SetPriority
                0x08007810       0x54 src\main.o
 .text.SysTick_Config
                0x08007864       0x44 src\main.o
 .text.main     0x080078a8      0x700 src\main.o
                0x080078a8                main
 .text.SysTick_Handler
                0x08007fa8       0x38 src\main.o
                0x08007fa8                SysTick_Handler
 .text.Default_Handler
                0x08007fe0        0x8 src\main.o
                0x08007fe0                Default_Handler
 .text.HardFault_Handler
                0x08007fe8        0x8 src\main.o
                0x08007fe8                HardFault_Handler
 .text.RTC_Alarm_IRQHandler
                0x08007ff0        0x8 src\main.o
                0x08007ff0                RTC_Alarm_IRQHandler
 .text.SD_add_string
                0x08007ff8       0x74 src\main.o
                0x08007ff8                SD_add_string
 .text.Reset_Handler
                0x0800806c       0x50 src\startup_stm32f2xx.o
                0x0800806c                Reset_Handler
 .text.UB_Fatfs_Init
                0x080080bc       0x14 src\stm32_ub_fatfs.o
                0x080080bc                UB_Fatfs_Init
 .text.UB_Fatfs_CheckMedia
                0x080080d0       0x3c src\stm32_ub_fatfs.o
                0x080080d0                UB_Fatfs_CheckMedia
 .text.UB_Fatfs_Mount
                0x0800810c       0x6c src\stm32_ub_fatfs.o
                0x0800810c                UB_Fatfs_Mount
 .text.UB_Fatfs_UnMount
                0x08008178       0x40 src\stm32_ub_fatfs.o
                0x08008178                UB_Fatfs_UnMount
 .text.UB_Fatfs_OpenFile
                0x080081b8       0xa8 src\stm32_ub_fatfs.o
                0x080081b8                UB_Fatfs_OpenFile
 .text.UB_Fatfs_CloseFile
                0x08008260       0x34 src\stm32_ub_fatfs.o
                0x08008260                UB_Fatfs_CloseFile
 .text.UB_Fatfs_WriteString
                0x08008294       0x40 src\stm32_ub_fatfs.o
                0x08008294                UB_Fatfs_WriteString
 .text.SystemInit
                0x080082d4       0x5c src\system_stm32f2xx.o
                0x080082d4                SystemInit
 .text.SetSysClock
                0x08008330       0x58 src\system_stm32f2xx.o
 .text.usart_init
                0x08008388       0x88 src\usart.o
                0x08008388                usart_init
 .text.usart_send_char
                0x08008410       0x34 src\usart.o
                0x08008410                usart_send_char
 .text.usart_send_string
                0x08008444       0x28 src\usart.o
                0x08008444                usart_send_string
 .text.USART1_IRQHandler
                0x0800846c       0x3c src\usart.o
                0x0800846c                USART1_IRQHandler
 .text.watchdog_init
                0x080084a8       0x4c src\watchdog.o
                0x080084a8                watchdog_init
 .text.watchdog_trigger
                0x080084f4        0xc src\watchdog.o
                0x080084f4                watchdog_trigger
 .text.__libc_init_array
                0x08008500       0x4c c:/program files (x86)/atollic/truestudio for arm 7.0.0/armtools/bin/../lib/gcc/arm-atollic-eabi/5.3.1/../../../../arm-atollic-eabi/lib/armv7-m\libc_nano.a(lib_a-init.o)
                0x08008500                __libc_init_array
 .text.snprintf
                0x0800854c       0x64 c:/program files (x86)/atollic/truestudio for arm 7.0.0/armtools/bin/../lib/gcc/arm-atollic-eabi/5.3.1/../../../../arm-atollic-eabi/lib/armv7-m\libc_nano.a(lib_a-snprintf.o)
                0x0800854c                sniprintf
                0x0800854c                snprintf
 .text.strncat  0x080085b0       0x24 c:/program files (x86)/atollic/truestudio for arm 7.0.0/armtools/bin/../lib/gcc/arm-atollic-eabi/5.3.1/../../../../arm-atollic-eabi/lib/armv7-m\libc_nano.a(lib_a-strncat.o)
                0x080085b0                strncat
 .text.strncmp  0x080085d4       0x2a c:/program files (x86)/atollic/truestudio for arm 7.0.0/armtools/bin/../lib/gcc/arm-atollic-eabi/5.3.1/../../../../arm-atollic-eabi/lib/armv7-m\libc_nano.a(lib_a-strncmp.o)
                0x080085d4                strncmp
 .text.strncpy  0x080085fe       0x26 c:/program files (x86)/atollic/truestudio for arm 7.0.0/armtools/bin/../lib/gcc/arm-atollic-eabi/5.3.1/../../../../arm-atollic-eabi/lib/armv7-m\libc_nano.a(lib_a-strncpy.o)
                0x080085fe                strncpy
 .text.strtok   0x08008624       0x64 c:/program files (x86)/atollic/truestudio for arm 7.0.0/armtools/bin/../lib/gcc/arm-atollic-eabi/5.3.1/../../../../arm-atollic-eabi/lib/armv7-m\libc_nano.a(lib_a-strtok.o)
                0x08008624                strtok
 .text.__strtok_r
                0x08008688       0x56 c:/program files (x86)/atollic/truestudio for arm 7.0.0/armtools/bin/../lib/gcc/arm-atollic-eabi/5.3.1/../../../../arm-atollic-eabi/lib/armv7-m\libc_nano.a(lib_a-strtok_r.o)
                0x08008688                __strtok_r
 *fill*         0x080086de        0x2 
 .text.malloc   0x080086e0       0x10 c:/program files (x86)/atollic/truestudio for arm 7.0.0/armtools/bin/../lib/gcc/arm-atollic-eabi/5.3.1/../../../../arm-atollic-eabi/lib/armv7-m\libc_nano.a(lib_a-malloc.o)
                0x080086e0                malloc
 .text._free_r  0x080086f0       0x98 c:/program files (x86)/atollic/truestudio for arm 7.0.0/armtools/bin/../lib/gcc/arm-atollic-eabi/5.3.1/../../../../arm-atollic-eabi/lib/armv7-m\libc_nano.a(lib_a-nano-freer.o)
                0x080086f0                _free_r
 .text._malloc_r
                0x08008788       0xbc c:/program files (x86)/atollic/truestudio for arm 7.0.0/armtools/bin/../lib/gcc/arm-atollic-eabi/5.3.1/../../../../arm-atollic-eabi/lib/armv7-m\libc_nano.a(lib_a-nano-mallocr.o)
                0x08008788                _malloc_r
 .text.__ssputs_r
                0x08008844       0xb2 c:/program files (x86)/atollic/truestudio for arm 7.0.0/armtools/bin/../lib/gcc/arm-atollic-eabi/5.3.1/../../../../arm-atollic-eabi/lib/armv7-m\libc_nano.a(lib_a-nano-svfprintf.o)
                0x08008844                __ssputs_r
 *fill*         0x080088f6        0x2 
 .text._svfprintf_r
                0x080088f8      0x1e8 c:/program files (x86)/atollic/truestudio for arm 7.0.0/armtools/bin/../lib/gcc/arm-atollic-eabi/5.3.1/../../../../arm-atollic-eabi/lib/armv7-m\libc_nano.a(lib_a-nano-svfprintf.o)
                0x080088f8                _svfiprintf_r
                0x080088f8                _svfprintf_r
 .text._printf_common
                0x08008ae0       0xec c:/program files (x86)/atollic/truestudio for arm 7.0.0/armtools/bin/../lib/gcc/arm-atollic-eabi/5.3.1/../../../../arm-atollic-eabi/lib/armv7-m\libc_nano.a(lib_a-nano-vfprintf_i.o)
                0x08008ae0                _printf_common
 .text._printf_i
                0x08008bcc      0x24c c:/program files (x86)/atollic/truestudio for arm 7.0.0/armtools/bin/../lib/gcc/arm-atollic-eabi/5.3.1/../../../../arm-atollic-eabi/lib/armv7-m\libc_nano.a(lib_a-nano-vfprintf_i.o)
                0x08008bcc                _printf_i
 .text._sbrk_r  0x08008e18       0x20 c:/program files (x86)/atollic/truestudio for arm 7.0.0/armtools/bin/../lib/gcc/arm-atollic-eabi/5.3.1/../../../../arm-atollic-eabi/lib/armv7-m\libc_nano.a(lib_a-sbrkr.o)
                0x08008e18                _sbrk_r
 .text.memchr   0x08008e38       0x1c c:/program files (x86)/atollic/truestudio for arm 7.0.0/armtools/bin/../lib/gcc/arm-atollic-eabi/5.3.1/../../../../arm-atollic-eabi/lib/armv7-m\libc_nano.a(lib_a-memchr-stub.o)
                0x08008e38                memchr
 .text.memcpy   0x08008e54       0x16 c:/program files (x86)/atollic/truestudio for arm 7.0.0/armtools/bin/../lib/gcc/arm-atollic-eabi/5.3.1/../../../../arm-atollic-eabi/lib/armv7-m\libc_nano.a(lib_a-memcpy-stub.o)
                0x08008e54                memcpy
 .text.memmove  0x08008e6a       0x36 c:/program files (x86)/atollic/truestudio for arm 7.0.0/armtools/bin/../lib/gcc/arm-atollic-eabi/5.3.1/../../../../arm-atollic-eabi/lib/armv7-m\libc_nano.a(lib_a-memmove.o)
                0x08008e6a                memmove
 .text.__malloc_lock
                0x08008ea0        0x2 c:/program files (x86)/atollic/truestudio for arm 7.0.0/armtools/bin/../lib/gcc/arm-atollic-eabi/5.3.1/../../../../arm-atollic-eabi/lib/armv7-m\libc_nano.a(lib_a-mlock.o)
                0x08008ea0                __malloc_lock
 .text.__malloc_unlock
                0x08008ea2        0x2 c:/program files (x86)/atollic/truestudio for arm 7.0.0/armtools/bin/../lib/gcc/arm-atollic-eabi/5.3.1/../../../../arm-atollic-eabi/lib/armv7-m\libc_nano.a(lib_a-mlock.o)
                0x08008ea2                __malloc_unlock
 .text._realloc_r
                0x08008ea4       0x4c c:/program files (x86)/atollic/truestudio for arm 7.0.0/armtools/bin/../lib/gcc/arm-atollic-eabi/5.3.1/../../../../arm-atollic-eabi/lib/armv7-m\libc_nano.a(lib_a-nano-reallocr.o)
                0x08008ea4                _realloc_r
 .text._malloc_usable_size_r
                0x08008ef0       0x14 c:/program files (x86)/atollic/truestudio for arm 7.0.0/armtools/bin/../lib/gcc/arm-atollic-eabi/5.3.1/../../../../arm-atollic-eabi/lib/armv7-m\libc_nano.a(lib_a-nano-msizer.o)
                0x08008ef0                _malloc_usable_size_r
 .text._sbrk    0x08008f04       0x1c c:/program files (x86)/atollic/truestudio for arm 7.0.0/armtools/bin/../lib/gcc/arm-atollic-eabi/5.3.1/../../../../arm-atollic-eabi/lib/armv7-m\libnosys.a(sbrk.o)
                0x08008f04                _sbrk
 *(.glue_7)
 .glue_7        0x08008f20        0x0 linker stubs
 *(.glue_7t)
 .glue_7t       0x08008f20        0x0 linker stubs
 *(.eh_frame)
 .eh_frame      0x08008f20        0x0 c:/program files (x86)/atollic/truestudio for arm 7.0.0/armtools/bin/../lib/gcc/arm-atollic-eabi/5.3.1/armv7-m/crtbegin.o
 *(.init)
 .init          0x08008f20        0x4 c:/program files (x86)/atollic/truestudio for arm 7.0.0/armtools/bin/../lib/gcc/arm-atollic-eabi/5.3.1/armv7-m/crti.o
                0x08008f20                _init
 .init          0x08008f24        0x8 c:/program files (x86)/atollic/truestudio for arm 7.0.0/armtools/bin/../lib/gcc/arm-atollic-eabi/5.3.1/armv7-m/crtn.o
 *(.fini)
 .fini          0x08008f2c        0x4 c:/program files (x86)/atollic/truestudio for arm 7.0.0/armtools/bin/../lib/gcc/arm-atollic-eabi/5.3.1/armv7-m/crti.o
                0x08008f2c                _fini
 .fini          0x08008f30        0x8 c:/program files (x86)/atollic/truestudio for arm 7.0.0/armtools/bin/../lib/gcc/arm-atollic-eabi/5.3.1/armv7-m/crtn.o
                0x08008f38                . = ALIGN (0x4)
                0x08008f38                _etext = .

.vfp11_veneer   0x08008f38        0x0
 .vfp11_veneer  0x08008f38        0x0 linker stubs

.v4_bx          0x08008f38        0x0
 .v4_bx         0x08008f38        0x0 linker stubs

.iplt           0x08008f38        0x0
 .iplt          0x08008f38        0x0 c:/program files (x86)/atollic/truestudio for arm 7.0.0/armtools/bin/../lib/gcc/arm-atollic-eabi/5.3.1/armv7-m/crtbegin.o

.rodata         0x08008f38      0x784
                0x08008f38                . = ALIGN (0x4)
 *(.rodata)
 .rodata        0x08008f38        0xf src\fatfs\ff.o
 *fill*         0x08008f47        0x1 
 .rodata        0x08008f48        0xe src\gps.o
 *fill*         0x08008f56        0x2 
 .rodata        0x08008f58       0x82 src\main.o
 *fill*         0x08008fda        0x2 
 .rodata        0x08008fdc        0x3 src\stm32_ub_fatfs.o
 *(.rodata*)
 *fill*         0x08008fdf        0x1 
 .rodata.sine_table
                0x08008fe0      0x5c4 src\Sine_table.o
                0x08008fe0                sine_table
 .rodata.ExCvt  0x080095a4       0x80 src\fatfs\ff.o
 .rodata.GPS_MSG_SETBAUD
                0x08009624       0x1c src\gps.o
                0x08009624                GPS_MSG_SETBAUD
 .rodata.GPS_MSG_SETAIRB
                0x08009640       0x2c src\gps.o
                0x08009640                GPS_MSG_SETAIRB
 .rodata.GPS_MSG_SETDATE
                0x0800966c       0x1a src\gps.o
                0x0800966c                GPS_MSG_SETDATE
 .rodata.str1.1
                0x08009686        0x2 c:/program files (x86)/atollic/truestudio for arm 7.0.0/armtools/bin/../lib/gcc/arm-atollic-eabi/5.3.1/../../../../arm-atollic-eabi/lib/armv7-m\libc_nano.a(lib_a-impure.o)
 .rodata.str1.1
                0x08009688       0x11 c:/program files (x86)/atollic/truestudio for arm 7.0.0/armtools/bin/../lib/gcc/arm-atollic-eabi/5.3.1/../../../../arm-atollic-eabi/lib/armv7-m\libc_nano.a(lib_a-nano-svfprintf.o)
 .rodata.str1.1
                0x08009699       0x22 c:/program files (x86)/atollic/truestudio for arm 7.0.0/armtools/bin/../lib/gcc/arm-atollic-eabi/5.3.1/../../../../arm-atollic-eabi/lib/armv7-m\libc_nano.a(lib_a-nano-vfprintf_i.o)
                0x080096bc                . = ALIGN (0x4)
 *fill*         0x080096bb        0x1 

.rel.dyn        0x080096bc        0x0
 .rel.iplt      0x080096bc        0x0 c:/program files (x86)/atollic/truestudio for arm 7.0.0/armtools/bin/../lib/gcc/arm-atollic-eabi/5.3.1/armv7-m/crtbegin.o

.ARM.extab
 *(.ARM.extab* .gnu.linkonce.armextab.*)

.ARM            0x080096bc        0x0
                0x080096bc                __exidx_start = .
 *(.ARM.exidx*)
                0x080096bc                __exidx_end = .

.preinit_array  0x080096bc        0x0
                0x080096bc                PROVIDE (__preinit_array_start, .)
 *(.preinit_array*)
                0x080096bc                PROVIDE (__preinit_array_end, .)

.init_array     0x080096bc        0x4
                0x080096bc                PROVIDE (__init_array_start, .)
 *(SORT(.init_array.*))
 *(.init_array*)
 .init_array    0x080096bc        0x4 c:/program files (x86)/atollic/truestudio for arm 7.0.0/armtools/bin/../lib/gcc/arm-atollic-eabi/5.3.1/armv7-m/crtbegin.o
                0x080096c0                PROVIDE (__init_array_end, .)

.fini_array     0x080096c0        0x4
                [!provide]                PROVIDE (__fini_array_start, .)
 *(SORT(.fini_array.*))
 *(.fini_array*)
 .fini_array    0x080096c0        0x4 c:/program files (x86)/atollic/truestudio for arm 7.0.0/armtools/bin/../lib/gcc/arm-atollic-eabi/5.3.1/armv7-m/crtbegin.o
                [!provide]                PROVIDE (__fini_array_end, .)
                0x080096c4                _sidata = LOADADDR (.data)

.data           0x20000000      0x140 load address 0x080096c4
                0x20000000                . = ALIGN (0x4)
                0x20000000                _sdata = .
 *(.data)
 *(.data*)
 .data.APBAHBPrescTable
                0x20000000       0x10 SPL\src\stm32f2xx_rcc.o
 .data.txString_length
                0x20000010        0x1 src\AF.o
 *fill*         0x20000011        0x3 
 .data.txString
                0x20000014       0xc8 src\AF.o
 .data.impure_data
                0x200000dc       0x60 c:/program files (x86)/atollic/truestudio for arm 7.0.0/armtools/bin/../lib/gcc/arm-atollic-eabi/5.3.1/../../../../arm-atollic-eabi/lib/armv7-m\libc_nano.a(lib_a-impure.o)
 .data._impure_ptr
                0x2000013c        0x4 c:/program files (x86)/atollic/truestudio for arm 7.0.0/armtools/bin/../lib/gcc/arm-atollic-eabi/5.3.1/../../../../arm-atollic-eabi/lib/armv7-m\libc_nano.a(lib_a-impure.o)
                0x2000013c                _impure_ptr
                0x20000140                . = ALIGN (0x4)
                0x20000140                _edata = .

.igot.plt       0x20000140        0x0 load address 0x08009804
 .igot.plt      0x20000140        0x0 c:/program files (x86)/atollic/truestudio for arm 7.0.0/armtools/bin/../lib/gcc/arm-atollic-eabi/5.3.1/armv7-m/crtbegin.o
                0x20000140                . = ALIGN (0x4)

.bss            0x20000140      0x64c load address 0x08009804
                0x20000140                _sbss = .
                0x20000140                __bss_start__ = _sbss
 *(.bss)
 .bss           0x20000140       0x1c c:/program files (x86)/atollic/truestudio for arm 7.0.0/armtools/bin/../lib/gcc/arm-atollic-eabi/5.3.1/armv7-m/crtbegin.o
 *(.bss*)
 .bss.rf_on     0x2000015c        0x1 src\AF.o
 .bss.BytePosition.6955
                0x2000015d        0x1 src\AF.o
 .bss.BitPosition.6956
                0x2000015e        0x1 src\AF.o
 *fill*         0x2000015f        0x1 
 .bss.calibration
                0x20000160       0x1c src\MS5607.o
 .bss.FatFs     0x2000017c        0x4 src\fatfs\ff.o
 .bss.Fsid      0x20000180        0x2 src\fatfs\ff.o
 *fill*         0x20000182        0x2 
 .bss.CardType  0x20000184        0x4 src\fatfs\stm32_ub_sdcard.o
 .bss.CSD_Tab   0x20000188       0x10 src\fatfs\stm32_ub_sdcard.o
 .bss.CID_Tab   0x20000198       0x10 src\fatfs\stm32_ub_sdcard.o
 .bss.RCA       0x200001a8        0x4 src\fatfs\stm32_ub_sdcard.o
 .bss.StopCondition
                0x200001ac        0x4 src\fatfs\stm32_ub_sdcard.o
                0x200001ac                StopCondition
 .bss.TransferError
                0x200001b0        0x1 src\fatfs\stm32_ub_sdcard.o
                0x200001b0                TransferError
 *fill*         0x200001b1        0x3 
 .bss.TransferEnd
                0x200001b4        0x4 src\fatfs\stm32_ub_sdcard.o
                0x200001b4                TransferEnd
 .bss.DMAEndOfTransfer
                0x200001b8        0x4 src\fatfs\stm32_ub_sdcard.o
                0x200001b8                DMAEndOfTransfer
 .bss.GPS_temp  0x200001bc       0x41 src\gps.o
 .bss.rxStringWritePos.6977
                0x200001fd        0x1 src\gps.o
 *fill*         0x200001fe        0x2 
 .bss.rxString.6976
                0x20000200       0x80 src\gps.o
 .bss.ret_wert  0x20000280        0x4 src\i2c.o
 .bss.timeout   0x20000284        0x4 src\main.o
 .bss.FileSystemObject
                0x20000288      0x234 src\stm32_ub_fatfs.o
 .bss.__malloc_sbrk_start
                0x200004bc        0x4 c:/program files (x86)/atollic/truestudio for arm 7.0.0/armtools/bin/../lib/gcc/arm-atollic-eabi/5.3.1/../../../../arm-atollic-eabi/lib/armv7-m\libc_nano.a(lib_a-nano-mallocr.o)
                0x200004bc                __malloc_sbrk_start
 .bss.__malloc_free_list
                0x200004c0        0x4 c:/program files (x86)/atollic/truestudio for arm 7.0.0/armtools/bin/../lib/gcc/arm-atollic-eabi/5.3.1/../../../../arm-atollic-eabi/lib/armv7-m\libc_nano.a(lib_a-nano-mallocr.o)
                0x200004c0                __malloc_free_list
 .bss.heap_end.4167
                0x200004c4        0x4 c:/program files (x86)/atollic/truestudio for arm 7.0.0/armtools/bin/../lib/gcc/arm-atollic-eabi/5.3.1/../../../../arm-atollic-eabi/lib/armv7-m\libnosys.a(sbrk.o)
 *(COMMON)
 COMMON         0x200004c8       0x10 src\DAC.o
                0x200004c8                DAC_InitStruct
 COMMON         0x200004d8       0xa0 src\fatfs\stm32_ub_sdcard.o
                0x200004d8                SDIO_CmdInitStructure
                0x200004f0                SDCardInfo
                0x20000548                SDIO_InitStructure
                0x20000560                SDIO_DataInitStructure
 COMMON         0x20000578      0x108 src\gps.o
                0x20000578                GPS_USART_RxRingBuffer
 COMMON         0x20000680      0x108 src\usart.o
                0x20000680                USART_RX_Buffer
 COMMON         0x20000788        0x4 c:/program files (x86)/atollic/truestudio for arm 7.0.0/armtools/bin/../lib/gcc/arm-atollic-eabi/5.3.1/../../../../arm-atollic-eabi/lib/armv7-m\libc_nano.a(lib_a-reent.o)
                0x20000788                errno
                0x2000078c                . = ALIGN (0x4)
                0x2000078c                _ebss = .
                0x2000078c                __bss_end__ = _ebss

._user_heap_stack
                0x2000078c      0x400 load address 0x08009804
                0x2000078c                . = ALIGN (0x4)
                0x2000078c                PROVIDE (end, .)
                [!provide]                PROVIDE (_end, .)
                0x2000078c                . = (. + _Min_Heap_Size)
                0x20000b8c                . = (. + _Min_Stack_Size)
 *fill*         0x2000078c      0x400 
                0x20000b8c                . = ALIGN (0x4)

.memory_b1_text
 *(.mb1text)
 *(.mb1text*)
 *(.mb1rodata)
 *(.mb1rodata*)

/DISCARD/
 libc.a(*)
 libm.a(*)
 libgcc.a(*)

.ARM.attributes
                0x00000000       0x29
 *(.ARM.attributes)
 .ARM.attributes
                0x00000000       0x1d c:/program files (x86)/atollic/truestudio for arm 7.0.0/armtools/bin/../lib/gcc/arm-atollic-eabi/5.3.1/armv7-m/crti.o
 .ARM.attributes
                0x0000001d       0x2d c:/program files (x86)/atollic/truestudio for arm 7.0.0/armtools/bin/../lib/gcc/arm-atollic-eabi/5.3.1/armv7-m/crtbegin.o
 .ARM.attributes
                0x0000004a       0x33 SPL\src\misc.o
 .ARM.attributes
                0x0000007d       0x33 SPL\src\stm32f2xx_adc.o
 .ARM.attributes
                0x000000b0       0x33 SPL\src\stm32f2xx_dac.o
 .ARM.attributes
                0x000000e3       0x33 SPL\src\stm32f2xx_dma.o
 .ARM.attributes
                0x00000116       0x33 SPL\src\stm32f2xx_gpio.o
 .ARM.attributes
                0x00000149       0x33 SPL\src\stm32f2xx_i2c.o
 .ARM.attributes
                0x0000017c       0x33 SPL\src\stm32f2xx_iwdg.o
 .ARM.attributes
                0x000001af       0x33 SPL\src\stm32f2xx_rcc.o
 .ARM.attributes
                0x000001e2       0x33 SPL\src\stm32f2xx_sdio.o
 .ARM.attributes
                0x00000215       0x33 SPL\src\stm32f2xx_tim.o
 .ARM.attributes
                0x00000248       0x33 SPL\src\stm32f2xx_usart.o
 .ARM.attributes
                0x0000027b       0x33 src\ADC.o
 .ARM.attributes
                0x000002ae       0x33 src\AF.o
 .ARM.attributes
                0x000002e1       0x33 src\DAC.o
 .ARM.attributes
                0x00000314       0x33 src\MCP9800.o
 .ARM.attributes
                0x00000347       0x33 src\MS5607.o
 .ARM.attributes
                0x0000037a       0x33 src\RingBuffer.o
 .ARM.attributes
                0x000003ad       0x33 src\Sine_table.o
 .ARM.attributes
                0x000003e0       0x33 src\fatfs\diskio.o
 .ARM.attributes
                0x00000413       0x33 src\fatfs\ff.o
 .ARM.attributes
                0x00000446       0x33 src\fatfs\stm32_ub_atadrive.o
 .ARM.attributes
                0x00000479       0x33 src\fatfs\stm32_ub_sdcard.o
 .ARM.attributes
                0x000004ac       0x33 src\fatfs\stm32_ub_usbdisk.o
 .ARM.attributes
                0x000004df       0x33 src\gps.o
 .ARM.attributes
                0x00000512       0x33 src\i2c.o
 .ARM.attributes
                0x00000545       0x33 src\main.o
 .ARM.attributes
                0x00000578       0x21 src\startup_stm32f2xx.o
 .ARM.attributes
                0x00000599       0x33 src\stm32_ub_fatfs.o
 .ARM.attributes
                0x000005cc       0x33 src\system_stm32f2xx.o
 .ARM.attributes
                0x000005ff       0x33 src\usart.o
 .ARM.attributes
                0x00000632       0x33 src\watchdog.o
 .ARM.attributes
                0x00000665       0x2d c:/program files (x86)/atollic/truestudio for arm 7.0.0/armtools/bin/../lib/gcc/arm-atollic-eabi/5.3.1/../../../../arm-atollic-eabi/lib/armv7-m\libc_nano.a(lib_a-init.o)
 .ARM.attributes
                0x00000692       0x2d c:/program files (x86)/atollic/truestudio for arm 7.0.0/armtools/bin/../lib/gcc/arm-atollic-eabi/5.3.1/../../../../arm-atollic-eabi/lib/armv7-m\libc_nano.a(lib_a-snprintf.o)
 .ARM.attributes
                0x000006bf       0x17 c:/program files (x86)/atollic/truestudio for arm 7.0.0/armtools/bin/../lib/gcc/arm-atollic-eabi/5.3.1/../../../../arm-atollic-eabi/lib/armv7-m\libc_nano.a(lib_a-strlen.o)
 .ARM.attributes
                0x000006d6       0x2d c:/program files (x86)/atollic/truestudio for arm 7.0.0/armtools/bin/../lib/gcc/arm-atollic-eabi/5.3.1/../../../../arm-atollic-eabi/lib/armv7-m\libc_nano.a(lib_a-strncat.o)
 .ARM.attributes
                0x00000703       0x2d c:/program files (x86)/atollic/truestudio for arm 7.0.0/armtools/bin/../lib/gcc/arm-atollic-eabi/5.3.1/../../../../arm-atollic-eabi/lib/armv7-m\libc_nano.a(lib_a-strncmp.o)
 .ARM.attributes
                0x00000730       0x2d c:/program files (x86)/atollic/truestudio for arm 7.0.0/armtools/bin/../lib/gcc/arm-atollic-eabi/5.3.1/../../../../arm-atollic-eabi/lib/armv7-m\libc_nano.a(lib_a-strncpy.o)
 .ARM.attributes
                0x0000075d       0x2d c:/program files (x86)/atollic/truestudio for arm 7.0.0/armtools/bin/../lib/gcc/arm-atollic-eabi/5.3.1/../../../../arm-atollic-eabi/lib/armv7-m\libc_nano.a(lib_a-strtok.o)
 .ARM.attributes
                0x0000078a       0x2d c:/program files (x86)/atollic/truestudio for arm 7.0.0/armtools/bin/../lib/gcc/arm-atollic-eabi/5.3.1/../../../../arm-atollic-eabi/lib/armv7-m\libc_nano.a(lib_a-strtok_r.o)
 .ARM.attributes
                0x000007b7       0x2d c:/program files (x86)/atollic/truestudio for arm 7.0.0/armtools/bin/../lib/gcc/arm-atollic-eabi/5.3.1/../../../../arm-atollic-eabi/lib/armv7-m\libc_nano.a(lib_a-impure.o)
 .ARM.attributes
                0x000007e4       0x2d c:/program files (x86)/atollic/truestudio for arm 7.0.0/armtools/bin/../lib/gcc/arm-atollic-eabi/5.3.1/../../../../arm-atollic-eabi/lib/armv7-m\libc_nano.a(lib_a-malloc.o)
 .ARM.attributes
                0x00000811       0x2d c:/program files (x86)/atollic/truestudio for arm 7.0.0/armtools/bin/../lib/gcc/arm-atollic-eabi/5.3.1/../../../../arm-atollic-eabi/lib/armv7-m\libc_nano.a(lib_a-nano-freer.o)
 .ARM.attributes
                0x0000083e       0x2d c:/program files (x86)/atollic/truestudio for arm 7.0.0/armtools/bin/../lib/gcc/arm-atollic-eabi/5.3.1/../../../../arm-atollic-eabi/lib/armv7-m\libc_nano.a(lib_a-nano-mallocr.o)
 .ARM.attributes
                0x0000086b       0x2d c:/program files (x86)/atollic/truestudio for arm 7.0.0/armtools/bin/../lib/gcc/arm-atollic-eabi/5.3.1/../../../../arm-atollic-eabi/lib/armv7-m\libc_nano.a(lib_a-nano-svfprintf.o)
 .ARM.attributes
                0x00000898       0x2d c:/program files (x86)/atollic/truestudio for arm 7.0.0/armtools/bin/../lib/gcc/arm-atollic-eabi/5.3.1/../../../../arm-atollic-eabi/lib/armv7-m\libc_nano.a(lib_a-nano-vfprintf_i.o)
 .ARM.attributes
                0x000008c5       0x2d c:/program files (x86)/atollic/truestudio for arm 7.0.0/armtools/bin/../lib/gcc/arm-atollic-eabi/5.3.1/../../../../arm-atollic-eabi/lib/armv7-m\libc_nano.a(lib_a-sbrkr.o)
 .ARM.attributes
                0x000008f2       0x2d c:/program files (x86)/atollic/truestudio for arm 7.0.0/armtools/bin/../lib/gcc/arm-atollic-eabi/5.3.1/../../../../arm-atollic-eabi/lib/armv7-m\libc_nano.a(lib_a-memchr-stub.o)
 .ARM.attributes
                0x0000091f       0x2d c:/program files (x86)/atollic/truestudio for arm 7.0.0/armtools/bin/../lib/gcc/arm-atollic-eabi/5.3.1/../../../../arm-atollic-eabi/lib/armv7-m\libc_nano.a(lib_a-memcpy-stub.o)
 .ARM.attributes
                0x0000094c       0x2d c:/program files (x86)/atollic/truestudio for arm 7.0.0/armtools/bin/../lib/gcc/arm-atollic-eabi/5.3.1/../../../../arm-atollic-eabi/lib/armv7-m\libc_nano.a(lib_a-memmove.o)
 .ARM.attributes
                0x00000979       0x2d c:/program files (x86)/atollic/truestudio for arm 7.0.0/armtools/bin/../lib/gcc/arm-atollic-eabi/5.3.1/../../../../arm-atollic-eabi/lib/armv7-m\libc_nano.a(lib_a-mlock.o)
 .ARM.attributes
                0x000009a6       0x2d c:/program files (x86)/atollic/truestudio for arm 7.0.0/armtools/bin/../lib/gcc/arm-atollic-eabi/5.3.1/../../../../arm-atollic-eabi/lib/armv7-m\libc_nano.a(lib_a-nano-reallocr.o)
 .ARM.attributes
                0x000009d3       0x2d c:/program files (x86)/atollic/truestudio for arm 7.0.0/armtools/bin/../lib/gcc/arm-atollic-eabi/5.3.1/../../../../arm-atollic-eabi/lib/armv7-m\libc_nano.a(lib_a-reent.o)
 .ARM.attributes
                0x00000a00       0x2d c:/program files (x86)/atollic/truestudio for arm 7.0.0/armtools/bin/../lib/gcc/arm-atollic-eabi/5.3.1/../../../../arm-atollic-eabi/lib/armv7-m\libc_nano.a(lib_a-nano-msizer.o)
 .ARM.attributes
                0x00000a2d       0x2d c:/program files (x86)/atollic/truestudio for arm 7.0.0/armtools/bin/../lib/gcc/arm-atollic-eabi/5.3.1/../../../../arm-atollic-eabi/lib/armv7-m\libnosys.a(sbrk.o)
 .ARM.attributes
                0x00000a5a       0x1d c:/program files (x86)/atollic/truestudio for arm 7.0.0/armtools/bin/../lib/gcc/arm-atollic-eabi/5.3.1/armv7-m/crtn.o
OUTPUT(Stratos_V2_Backup_True.elf elf32-littlearm)

.debug_info     0x00000000     0xf9e8
 .debug_info    0x00000000      0x55a SPL\src\misc.o
 .debug_info    0x0000055a      0xc44 SPL\src\stm32f2xx_adc.o
 .debug_info    0x0000119e      0x649 SPL\src\stm32f2xx_dac.o
 .debug_info    0x000017e7      0x745 SPL\src\stm32f2xx_dma.o
 .debug_info    0x00001f2c      0x621 SPL\src\stm32f2xx_gpio.o
 .debug_info    0x0000254d      0xb04 SPL\src\stm32f2xx_i2c.o
 .debug_info    0x00003051      0x212 SPL\src\stm32f2xx_iwdg.o
 .debug_info    0x00003263      0xc67 SPL\src\stm32f2xx_rcc.o
 .debug_info    0x00003eca      0x801 SPL\src\stm32f2xx_sdio.o
 .debug_info    0x000046cb     0x1c6d SPL\src\stm32f2xx_tim.o
 .debug_info    0x00006338      0x9ce SPL\src\stm32f2xx_usart.o
 .debug_info    0x00006d06      0x570 src\ADC.o
 .debug_info    0x00007276      0x7a9 src\AF.o
 .debug_info    0x00007a1f      0x70f src\DAC.o
 .debug_info    0x0000812e      0x269 src\MCP9800.o
 .debug_info    0x00008397      0x368 src\MS5607.o
 .debug_info    0x000086ff      0x207 src\RingBuffer.o
 .debug_info    0x00008906       0xad src\Sine_table.o
 .debug_info    0x000089b3      0x2eb src\fatfs\diskio.o
 .debug_info    0x00008c9e     0x19a5 src\fatfs\ff.o
 .debug_info    0x0000a643      0x251 src\fatfs\stm32_ub_atadrive.o
 .debug_info    0x0000a894     0x1b9c src\fatfs\stm32_ub_sdcard.o
 .debug_info    0x0000c430      0x251 src\fatfs\stm32_ub_usbdisk.o
 .debug_info    0x0000c681      0xabc src\gps.o
 .debug_info    0x0000d13d      0x6e5 src\i2c.o
 .debug_info    0x0000d822      0xd94 src\main.o
 .debug_info    0x0000e5b6       0xa8 src\startup_stm32f2xx.o
 .debug_info    0x0000e65e      0x82e src\stm32_ub_fatfs.o
 .debug_info    0x0000ee8c      0x547 src\system_stm32f2xx.o
 .debug_info    0x0000f3d3      0x4ee src\usart.o
 .debug_info    0x0000f8c1      0x127 src\watchdog.o

.debug_abbrev   0x00000000     0x29e2
 .debug_abbrev  0x00000000      0x149 SPL\src\misc.o
 .debug_abbrev  0x00000149      0x19a SPL\src\stm32f2xx_adc.o
 .debug_abbrev  0x000002e3      0x180 SPL\src\stm32f2xx_dac.o
 .debug_abbrev  0x00000463      0x159 SPL\src\stm32f2xx_dma.o
 .debug_abbrev  0x000005bc      0x1a9 SPL\src\stm32f2xx_gpio.o
 .debug_abbrev  0x00000765      0x168 SPL\src\stm32f2xx_i2c.o
 .debug_abbrev  0x000008cd      0x105 SPL\src\stm32f2xx_iwdg.o
 .debug_abbrev  0x000009d2      0x1e7 SPL\src\stm32f2xx_rcc.o
 .debug_abbrev  0x00000bb9      0x17b SPL\src\stm32f2xx_sdio.o
 .debug_abbrev  0x00000d34      0x18b SPL\src\stm32f2xx_tim.o
 .debug_abbrev  0x00000ebf      0x159 SPL\src\stm32f2xx_usart.o
 .debug_abbrev  0x00001018      0x14f src\ADC.o
 .debug_abbrev  0x00001167      0x16f src\AF.o
 .debug_abbrev  0x000012d6      0x15a src\DAC.o
 .debug_abbrev  0x00001430       0xfa src\MCP9800.o
 .debug_abbrev  0x0000152a       0xfd src\MS5607.o
 .debug_abbrev  0x00001627      0x115 src\RingBuffer.o
 .debug_abbrev  0x0000173c       0x5d src\Sine_table.o
 .debug_abbrev  0x00001799      0x139 src\fatfs\diskio.o
 .debug_abbrev  0x000018d2      0x1c2 src\fatfs\ff.o
 .debug_abbrev  0x00001a94       0xc7 src\fatfs\stm32_ub_atadrive.o
 .debug_abbrev  0x00001b5b      0x2bf src\fatfs\stm32_ub_sdcard.o
 .debug_abbrev  0x00001e1a       0xc7 src\fatfs\stm32_ub_usbdisk.o
 .debug_abbrev  0x00001ee1      0x22a src\gps.o
 .debug_abbrev  0x0000210b      0x1c5 src\i2c.o
 .debug_abbrev  0x000022d0      0x23e src\main.o
 .debug_abbrev  0x0000250e       0x14 src\startup_stm32f2xx.o
 .debug_abbrev  0x00002522      0x196 src\stm32_ub_fatfs.o
 .debug_abbrev  0x000026b8      0x117 src\system_stm32f2xx.o
 .debug_abbrev  0x000027cf      0x153 src\usart.o
 .debug_abbrev  0x00002922       0xc0 src\watchdog.o

.debug_aranges  0x00000000     0x12e8
 .debug_aranges
                0x00000000       0x40 SPL\src\misc.o
 .debug_aranges
                0x00000040      0x148 SPL\src\stm32f2xx_adc.o
 .debug_aranges
                0x00000188       0xa0 SPL\src\stm32f2xx_dac.o
 .debug_aranges
                0x00000228       0xb0 SPL\src\stm32f2xx_dma.o
 .debug_aranges
                0x000002d8       0x88 SPL\src\stm32f2xx_gpio.o
 .debug_aranges
                0x00000360      0x120 SPL\src\stm32f2xx_i2c.o
 .debug_aranges
                0x00000480       0x48 SPL\src\stm32f2xx_iwdg.o
 .debug_aranges
                0x000004c8      0x178 SPL\src\stm32f2xx_rcc.o
 .debug_aranges
                0x00000640      0x108 SPL\src\stm32f2xx_sdio.o
 .debug_aranges
                0x00000748      0x2f8 SPL\src\stm32f2xx_tim.o
 .debug_aranges
                0x00000a40      0x100 SPL\src\stm32f2xx_usart.o
 .debug_aranges
                0x00000b40       0x30 src\ADC.o
 .debug_aranges
                0x00000b70       0x30 src\AF.o
 .debug_aranges
                0x00000ba0       0x38 src\DAC.o
 .debug_aranges
                0x00000bd8       0x28 src\MCP9800.o
 .debug_aranges
                0x00000c00       0x28 src\MS5607.o
 .debug_aranges
                0x00000c28       0x40 src\RingBuffer.o
 .debug_aranges
                0x00000c68       0x18 src\Sine_table.o
 .debug_aranges
                0x00000c80       0x48 src\fatfs\diskio.o
 .debug_aranges
                0x00000cc8      0x198 src\fatfs\ff.o
 .debug_aranges
                0x00000e60       0x50 src\fatfs\stm32_ub_atadrive.o
 .debug_aranges
                0x00000eb0      0x1a8 src\fatfs\stm32_ub_sdcard.o
 .debug_aranges
                0x00001058       0x50 src\fatfs\stm32_ub_usbdisk.o
 .debug_aranges
                0x000010a8       0x60 src\gps.o
 .debug_aranges
                0x00001108       0x60 src\i2c.o
 .debug_aranges
                0x00001168       0x58 src\main.o
 .debug_aranges
                0x000011c0       0x20 src\startup_stm32f2xx.o
 .debug_aranges
                0x000011e0       0x78 src\stm32_ub_fatfs.o
 .debug_aranges
                0x00001258       0x30 src\system_stm32f2xx.o
 .debug_aranges
                0x00001288       0x38 src\usart.o
 .debug_aranges
                0x000012c0       0x28 src\watchdog.o

.debug_ranges   0x00000000     0x10f8
 .debug_ranges  0x00000000       0x30 SPL\src\misc.o
 .debug_ranges  0x00000030      0x138 SPL\src\stm32f2xx_adc.o
 .debug_ranges  0x00000168       0x90 SPL\src\stm32f2xx_dac.o
 .debug_ranges  0x000001f8       0xa0 SPL\src\stm32f2xx_dma.o
 .debug_ranges  0x00000298       0x78 SPL\src\stm32f2xx_gpio.o
 .debug_ranges  0x00000310      0x110 SPL\src\stm32f2xx_i2c.o
 .debug_ranges  0x00000420       0x38 SPL\src\stm32f2xx_iwdg.o
 .debug_ranges  0x00000458      0x168 SPL\src\stm32f2xx_rcc.o
 .debug_ranges  0x000005c0       0xf8 SPL\src\stm32f2xx_sdio.o
 .debug_ranges  0x000006b8      0x2e8 SPL\src\stm32f2xx_tim.o
 .debug_ranges  0x000009a0       0xf0 SPL\src\stm32f2xx_usart.o
 .debug_ranges  0x00000a90       0x20 src\ADC.o
 .debug_ranges  0x00000ab0       0x38 src\AF.o
 .debug_ranges  0x00000ae8       0x28 src\DAC.o
 .debug_ranges  0x00000b10       0x18 src\MCP9800.o
 .debug_ranges  0x00000b28       0x18 src\MS5607.o
 .debug_ranges  0x00000b40       0x30 src\RingBuffer.o
 .debug_ranges  0x00000b70       0x38 src\fatfs\diskio.o
 .debug_ranges  0x00000ba8      0x188 src\fatfs\ff.o
 .debug_ranges  0x00000d30       0x40 src\fatfs\stm32_ub_atadrive.o
 .debug_ranges  0x00000d70      0x198 src\fatfs\stm32_ub_sdcard.o
 .debug_ranges  0x00000f08       0x40 src\fatfs\stm32_ub_usbdisk.o
 .debug_ranges  0x00000f48       0x50 src\gps.o
 .debug_ranges  0x00000f98       0x50 src\i2c.o
 .debug_ranges  0x00000fe8       0x48 src\main.o
 .debug_ranges  0x00001030       0x68 src\stm32_ub_fatfs.o
 .debug_ranges  0x00001098       0x20 src\system_stm32f2xx.o
 .debug_ranges  0x000010b8       0x28 src\usart.o
 .debug_ranges  0x000010e0       0x18 src\watchdog.o

.debug_line     0x00000000     0x78fe
 .debug_line    0x00000000      0x25c SPL\src\misc.o
 .debug_line    0x0000025c      0x57b SPL\src\stm32f2xx_adc.o
 .debug_line    0x000007d7      0x370 SPL\src\stm32f2xx_dac.o
 .debug_line    0x00000b47      0x448 SPL\src\stm32f2xx_dma.o
 .debug_line    0x00000f8f      0x37e SPL\src\stm32f2xx_gpio.o
 .debug_line    0x0000130d      0x509 SPL\src\stm32f2xx_i2c.o
 .debug_line    0x00001816      0x1f4 SPL\src\stm32f2xx_iwdg.o
 .debug_line    0x00001a0a      0x5c3 SPL\src\stm32f2xx_rcc.o
 .debug_line    0x00001fcd      0x457 SPL\src\stm32f2xx_sdio.o
 .debug_line    0x00002424      0xadf SPL\src\stm32f2xx_tim.o
 .debug_line    0x00002f03      0x4d7 SPL\src\stm32f2xx_usart.o
 .debug_line    0x000033da      0x2cd src\ADC.o
 .debug_line    0x000036a7      0x286 src\AF.o
 .debug_line    0x0000392d      0x2a4 src\DAC.o
 .debug_line    0x00003bd1      0x1a6 src\MCP9800.o
 .debug_line    0x00003d77      0x1fc src\MS5607.o
 .debug_line    0x00003f73      0x1e4 src\RingBuffer.o
 .debug_line    0x00004157      0x115 src\Sine_table.o
 .debug_line    0x0000426c      0x214 src\fatfs\diskio.o
 .debug_line    0x00004480      0xe64 src\fatfs\ff.o
 .debug_line    0x000052e4      0x1d8 src\fatfs\stm32_ub_atadrive.o
 .debug_line    0x000054bc      0xbc5 src\fatfs\stm32_ub_sdcard.o
 .debug_line    0x00006081      0x1d7 src\fatfs\stm32_ub_usbdisk.o
 .debug_line    0x00006258      0x3ca src\gps.o
 .debug_line    0x00006622      0x474 src\i2c.o
 .debug_line    0x00006a96      0x445 src\main.o
 .debug_line    0x00006edb       0x69 src\startup_stm32f2xx.o
 .debug_line    0x00006f44      0x35c src\stm32_ub_fatfs.o
 .debug_line    0x000072a0      0x1e0 src\system_stm32f2xx.o
 .debug_line    0x00007480      0x2db src\usart.o
 .debug_line    0x0000775b      0x1a3 src\watchdog.o

.debug_str      0x00000000     0x51b7
 .debug_str     0x00000000      0x3c7 SPL\src\misc.o
                                0x420 (size before relaxing)
 .debug_str     0x000003c7      0x626 SPL\src\stm32f2xx_adc.o
                                0x856 (size before relaxing)
 .debug_str     0x000009ed      0x24c SPL\src\stm32f2xx_dac.o
                                0x4a5 (size before relaxing)
 .debug_str     0x00000c39      0x356 SPL\src\stm32f2xx_dma.o
                                0x594 (size before relaxing)
 .debug_str     0x00000f8f      0x2f5 SPL\src\stm32f2xx_gpio.o
                                0x4f5 (size before relaxing)
 .debug_str     0x00001284      0x429 SPL\src\stm32f2xx_i2c.o
                                0x6b7 (size before relaxing)
 .debug_str     0x000016ad       0xba SPL\src\stm32f2xx_iwdg.o
                                0x2be (size before relaxing)
 .debug_str     0x00001767      0x59b SPL\src\stm32f2xx_rcc.o
                                0x8a2 (size before relaxing)
 .debug_str     0x00001d02      0x458 SPL\src\stm32f2xx_sdio.o
                                0x692 (size before relaxing)
 .debug_str     0x0000215a      0xb47 SPL\src\stm32f2xx_tim.o
                                0xe22 (size before relaxing)
 .debug_str     0x00002ca1      0x402 SPL\src\stm32f2xx_usart.o
                                0x6e1 (size before relaxing)
 .debug_str     0x000030a3       0x61 src\ADC.o
                                0x570 (size before relaxing)
 .debug_str     0x00003104      0x5ac src\AF.o
                                0x9c7 (size before relaxing)
 .debug_str     0x000036b0       0x46 src\DAC.o
                                0x6ce (size before relaxing)
 .debug_str     0x000036f6       0x41 src\MCP9800.o
                                0x2ae (size before relaxing)
 .debug_str     0x00003737       0x67 src\MS5607.o
                                0x2e2 (size before relaxing)
 .debug_str     0x0000379e       0xdf src\RingBuffer.o
                                0x28b (size before relaxing)
 .debug_str     0x0000387d       0x14 src\Sine_table.o
                                0x1bc (size before relaxing)
 .debug_str     0x00003891       0x79 src\fatfs\diskio.o
                                0x27a (size before relaxing)
 .debug_str     0x0000390a      0x48e src\fatfs\ff.o
                                0x68b (size before relaxing)
 .debug_str     0x00003d98       0xa2 src\fatfs\stm32_ub_atadrive.o
                                0x27e (size before relaxing)
 .debug_str     0x00003e3a      0xc48 src\fatfs\stm32_ub_sdcard.o
                               0x18ee (size before relaxing)
 .debug_str     0x00004a82       0x97 src\fatfs\stm32_ub_usbdisk.o
                                0x27c (size before relaxing)
 .debug_str     0x00004b19      0x18a src\gps.o
                                0xc06 (size before relaxing)
 .debug_str     0x00004ca3       0xb4 src\i2c.o
                                0x543 (size before relaxing)
 .debug_str     0x00004d57      0x203 src\main.o
                                0xc13 (size before relaxing)
 .debug_str     0x00004f5a      0x14b src\stm32_ub_fatfs.o
                                0x636 (size before relaxing)
 .debug_str     0x000050a5       0x73 src\system_stm32f2xx.o
                                0x3bf (size before relaxing)
 .debug_str     0x00005118       0x5e src\usart.o
                                0x502 (size before relaxing)
 .debug_str     0x00005176       0x41 src\watchdog.o
                                0x215 (size before relaxing)

.comment        0x00000000       0x7e
 .comment       0x00000000       0x7e SPL\src\misc.o
                                 0x7f (size before relaxing)
 .comment       0x0000007e       0x7f SPL\src\stm32f2xx_adc.o
 .comment       0x0000007e       0x7f SPL\src\stm32f2xx_dac.o
 .comment       0x0000007e       0x7f SPL\src\stm32f2xx_dma.o
 .comment       0x0000007e       0x7f SPL\src\stm32f2xx_gpio.o
 .comment       0x0000007e       0x7f SPL\src\stm32f2xx_i2c.o
 .comment       0x0000007e       0x7f SPL\src\stm32f2xx_iwdg.o
 .comment       0x0000007e       0x7f SPL\src\stm32f2xx_rcc.o
 .comment       0x0000007e       0x7f SPL\src\stm32f2xx_sdio.o
 .comment       0x0000007e       0x7f SPL\src\stm32f2xx_tim.o
 .comment       0x0000007e       0x7f SPL\src\stm32f2xx_usart.o
 .comment       0x0000007e       0x7f src\ADC.o
 .comment       0x0000007e       0x7f src\AF.o
 .comment       0x0000007e       0x7f src\DAC.o
 .comment       0x0000007e       0x7f src\MCP9800.o
 .comment       0x0000007e       0x7f src\MS5607.o
 .comment       0x0000007e       0x7f src\RingBuffer.o
 .comment       0x0000007e       0x7f src\Sine_table.o
 .comment       0x0000007e       0x7f src\fatfs\diskio.o
 .comment       0x0000007e       0x7f src\fatfs\ff.o
 .comment       0x0000007e       0x7f src\fatfs\stm32_ub_atadrive.o
 .comment       0x0000007e       0x7f src\fatfs\stm32_ub_sdcard.o
 .comment       0x0000007e       0x7f src\fatfs\stm32_ub_usbdisk.o
 .comment       0x0000007e       0x7f src\gps.o
 .comment       0x0000007e       0x7f src\i2c.o
 .comment       0x0000007e       0x7f src\main.o
 .comment       0x0000007e       0x7f src\stm32_ub_fatfs.o
 .comment       0x0000007e       0x7f src\system_stm32f2xx.o
 .comment       0x0000007e       0x7f src\usart.o
 .comment       0x0000007e       0x7f src\watchdog.o

.debug_frame    0x00000000     0x5344
 .debug_frame   0x00000000       0xd8 SPL\src\misc.o
 .debug_frame   0x000000d8      0x5ec SPL\src\stm32f2xx_adc.o
 .debug_frame   0x000006c4      0x2ac SPL\src\stm32f2xx_dac.o
 .debug_frame   0x00000970      0x308 SPL\src\stm32f2xx_dma.o
 .debug_frame   0x00000c78      0x23c SPL\src\stm32f2xx_gpio.o
 .debug_frame   0x00000eb4      0x530 SPL\src\stm32f2xx_i2c.o
 .debug_frame   0x000013e4       0xf0 SPL\src\stm32f2xx_iwdg.o
 .debug_frame   0x000014d4      0x6d4 SPL\src\stm32f2xx_rcc.o
 .debug_frame   0x00001ba8      0x48c SPL\src\stm32f2xx_sdio.o
 .debug_frame   0x00002034      0xe54 SPL\src\stm32f2xx_tim.o
 .debug_frame   0x00002e88      0x490 SPL\src\stm32f2xx_usart.o
 .debug_frame   0x00003318       0x7c src\ADC.o
 .debug_frame   0x00003394       0x7c src\AF.o
 .debug_frame   0x00003410       0x98 src\DAC.o
 .debug_frame   0x000034a8       0x54 src\MCP9800.o
 .debug_frame   0x000034fc       0x68 src\MS5607.o
 .debug_frame   0x00003564       0xcc src\RingBuffer.o
 .debug_frame   0x00003630       0xe4 src\fatfs\diskio.o
 .debug_frame   0x00003714      0x72c src\fatfs\ff.o
 .debug_frame   0x00003e40      0x120 src\fatfs\stm32_ub_atadrive.o
 .debug_frame   0x00003f60      0x72c src\fatfs\stm32_ub_sdcard.o
 .debug_frame   0x0000468c      0x120 src\fatfs\stm32_ub_usbdisk.o
 .debug_frame   0x000047ac      0x14c src\gps.o
 .debug_frame   0x000048f8      0x158 src\i2c.o
 .debug_frame   0x00004a50      0x10c src\main.o
 .debug_frame   0x00004b5c      0x1bc src\stm32_ub_fatfs.o
 .debug_frame   0x00004d18       0x74 src\system_stm32f2xx.o
 .debug_frame   0x00004d8c       0xa0 src\usart.o
 .debug_frame   0x00004e2c       0x50 src\watchdog.o
 .debug_frame   0x00004e7c       0x2c c:/program files (x86)/atollic/truestudio for arm 7.0.0/armtools/bin/../lib/gcc/arm-atollic-eabi/5.3.1/../../../../arm-atollic-eabi/lib/armv7-m\libc_nano.a(lib_a-init.o)
 .debug_frame   0x00004ea8       0x74 c:/program files (x86)/atollic/truestudio for arm 7.0.0/armtools/bin/../lib/gcc/arm-atollic-eabi/5.3.1/../../../../arm-atollic-eabi/lib/armv7-m\libc_nano.a(lib_a-snprintf.o)
 .debug_frame   0x00004f1c       0x2c c:/program files (x86)/atollic/truestudio for arm 7.0.0/armtools/bin/../lib/gcc/arm-atollic-eabi/5.3.1/../../../../arm-atollic-eabi/lib/armv7-m\libc_nano.a(lib_a-strncat.o)
 .debug_frame   0x00004f48       0x2c c:/program files (x86)/atollic/truestudio for arm 7.0.0/armtools/bin/../lib/gcc/arm-atollic-eabi/5.3.1/../../../../arm-atollic-eabi/lib/armv7-m\libc_nano.a(lib_a-strncmp.o)
 .debug_frame   0x00004f74       0x28 c:/program files (x86)/atollic/truestudio for arm 7.0.0/armtools/bin/../lib/gcc/arm-atollic-eabi/5.3.1/../../../../arm-atollic-eabi/lib/armv7-m\libc_nano.a(lib_a-strncpy.o)
 .debug_frame   0x00004f9c       0x38 c:/program files (x86)/atollic/truestudio for arm 7.0.0/armtools/bin/../lib/gcc/arm-atollic-eabi/5.3.1/../../../../arm-atollic-eabi/lib/armv7-m\libc_nano.a(lib_a-strtok.o)
 .debug_frame   0x00004fd4       0x40 c:/program files (x86)/atollic/truestudio for arm 7.0.0/armtools/bin/../lib/gcc/arm-atollic-eabi/5.3.1/../../../../arm-atollic-eabi/lib/armv7-m\libc_nano.a(lib_a-strtok_r.o)
 .debug_frame   0x00005014       0x30 c:/program files (x86)/atollic/truestudio for arm 7.0.0/armtools/bin/../lib/gcc/arm-atollic-eabi/5.3.1/../../../../arm-atollic-eabi/lib/armv7-m\libc_nano.a(lib_a-malloc.o)
 .debug_frame   0x00005044       0x38 c:/program files (x86)/atollic/truestudio for arm 7.0.0/armtools/bin/../lib/gcc/arm-atollic-eabi/5.3.1/../../../../arm-atollic-eabi/lib/armv7-m\libc_nano.a(lib_a-nano-freer.o)
 .debug_frame   0x0000507c       0x2c c:/program files (x86)/atollic/truestudio for arm 7.0.0/armtools/bin/../lib/gcc/arm-atollic-eabi/5.3.1/../../../../arm-atollic-eabi/lib/armv7-m\libc_nano.a(lib_a-nano-mallocr.o)
 .debug_frame   0x000050a8       0x90 c:/program files (x86)/atollic/truestudio for arm 7.0.0/armtools/bin/../lib/gcc/arm-atollic-eabi/5.3.1/../../../../arm-atollic-eabi/lib/armv7-m\libc_nano.a(lib_a-nano-svfprintf.o)
 .debug_frame   0x00005138       0x60 c:/program files (x86)/atollic/truestudio for arm 7.0.0/armtools/bin/../lib/gcc/arm-atollic-eabi/5.3.1/../../../../arm-atollic-eabi/lib/armv7-m\libc_nano.a(lib_a-nano-vfprintf_i.o)
 .debug_frame   0x00005198       0x2c c:/program files (x86)/atollic/truestudio for arm 7.0.0/armtools/bin/../lib/gcc/arm-atollic-eabi/5.3.1/../../../../arm-atollic-eabi/lib/armv7-m\libc_nano.a(lib_a-sbrkr.o)
 .debug_frame   0x000051c4       0x28 c:/program files (x86)/atollic/truestudio for arm 7.0.0/armtools/bin/../lib/gcc/arm-atollic-eabi/5.3.1/../../../../arm-atollic-eabi/lib/armv7-m\libc_nano.a(lib_a-memchr-stub.o)
 .debug_frame   0x000051ec       0x28 c:/program files (x86)/atollic/truestudio for arm 7.0.0/armtools/bin/../lib/gcc/arm-atollic-eabi/5.3.1/../../../../arm-atollic-eabi/lib/armv7-m\libc_nano.a(lib_a-memcpy-stub.o)
 .debug_frame   0x00005214       0x28 c:/program files (x86)/atollic/truestudio for arm 7.0.0/armtools/bin/../lib/gcc/arm-atollic-eabi/5.3.1/../../../../arm-atollic-eabi/lib/armv7-m\libc_nano.a(lib_a-memmove.o)
 .debug_frame   0x0000523c       0x30 c:/program files (x86)/atollic/truestudio for arm 7.0.0/armtools/bin/../lib/gcc/arm-atollic-eabi/5.3.1/../../../../arm-atollic-eabi/lib/armv7-m\libc_nano.a(lib_a-mlock.o)
 .debug_frame   0x0000526c       0x3c c:/program files (x86)/atollic/truestudio for arm 7.0.0/armtools/bin/../lib/gcc/arm-atollic-eabi/5.3.1/../../../../arm-atollic-eabi/lib/armv7-m\libc_nano.a(lib_a-nano-reallocr.o)
 .debug_frame   0x000052a8       0x5c c:/program files (x86)/atollic/truestudio for arm 7.0.0/armtools/bin/../lib/gcc/arm-atollic-eabi/5.3.1/../../../../arm-atollic-eabi/lib/armv7-m\libc_nano.a(lib_a-reent.o)
 .debug_frame   0x00005304       0x20 c:/program files (x86)/atollic/truestudio for arm 7.0.0/armtools/bin/../lib/gcc/arm-atollic-eabi/5.3.1/../../../../arm-atollic-eabi/lib/armv7-m\libc_nano.a(lib_a-nano-msizer.o)
 .debug_frame   0x00005324       0x20 c:/program files (x86)/atollic/truestudio for arm 7.0.0/armtools/bin/../lib/gcc/arm-atollic-eabi/5.3.1/../../../../arm-atollic-eabi/lib/armv7-m\libnosys.a(sbrk.o)

Cross Reference Table

Symbol                                            File
ADC_AnalogWatchdogCmd                             SPL\src\stm32f2xx_adc.o
ADC_AnalogWatchdogSingleChannelConfig             SPL\src\stm32f2xx_adc.o
ADC_AnalogWatchdogThresholdsConfig                SPL\src\stm32f2xx_adc.o
ADC_AutoInjectedConvCmd                           SPL\src\stm32f2xx_adc.o
ADC_ClearFlag                                     SPL\src\stm32f2xx_adc.o
ADC_ClearITPendingBit                             SPL\src\stm32f2xx_adc.o
ADC_Cmd                                           SPL\src\stm32f2xx_adc.o
                                                  src\ADC.o
ADC_CommonInit                                    SPL\src\stm32f2xx_adc.o
                                                  src\ADC.o
ADC_CommonStructInit                              SPL\src\stm32f2xx_adc.o
ADC_ContinuousModeCmd                             SPL\src\stm32f2xx_adc.o
ADC_DMACmd                                        SPL\src\stm32f2xx_adc.o
ADC_DMARequestAfterLastTransferCmd                SPL\src\stm32f2xx_adc.o
ADC_DeInit                                        SPL\src\stm32f2xx_adc.o
ADC_DiscModeChannelCountConfig                    SPL\src\stm32f2xx_adc.o
ADC_DiscModeCmd                                   SPL\src\stm32f2xx_adc.o
ADC_EOCOnEachRegularChannelCmd                    SPL\src\stm32f2xx_adc.o
ADC_ExternalTrigInjectedConvConfig                SPL\src\stm32f2xx_adc.o
ADC_ExternalTrigInjectedConvEdgeConfig            SPL\src\stm32f2xx_adc.o
ADC_GetConversionValue                            SPL\src\stm32f2xx_adc.o
                                                  src\ADC.o
ADC_GetFlagStatus                                 SPL\src\stm32f2xx_adc.o
                                                  src\ADC.o
ADC_GetITStatus                                   SPL\src\stm32f2xx_adc.o
ADC_GetInjectedConversionValue                    SPL\src\stm32f2xx_adc.o
ADC_GetMultiModeConversionValue                   SPL\src\stm32f2xx_adc.o
ADC_GetSoftwareStartConvStatus                    SPL\src\stm32f2xx_adc.o
ADC_GetSoftwareStartInjectedConvCmdStatus         SPL\src\stm32f2xx_adc.o
ADC_ITConfig                                      SPL\src\stm32f2xx_adc.o
ADC_Init                                          SPL\src\stm32f2xx_adc.o
                                                  src\ADC.o
ADC_InjectedChannelConfig                         SPL\src\stm32f2xx_adc.o
ADC_InjectedDiscModeCmd                           SPL\src\stm32f2xx_adc.o
ADC_InjectedSequencerLengthConfig                 SPL\src\stm32f2xx_adc.o
ADC_MultiModeDMARequestAfterLastTransferCmd       SPL\src\stm32f2xx_adc.o
ADC_RegularChannelConfig                          SPL\src\stm32f2xx_adc.o
                                                  src\ADC.o
ADC_SetInjectedOffset                             SPL\src\stm32f2xx_adc.o
ADC_SoftwareStartConv                             SPL\src\stm32f2xx_adc.o
                                                  src\ADC.o
ADC_SoftwareStartInjectedConv                     SPL\src\stm32f2xx_adc.o
ADC_StructInit                                    SPL\src\stm32f2xx_adc.o
                                                  src\ADC.o
ADC_TempSensorVrefintCmd                          SPL\src\stm32f2xx_adc.o
ADC_VBATCmd                                       SPL\src\stm32f2xx_adc.o
AHBPrescTable                                     src\system_stm32f2xx.o
ATA_disk_initialize                               src\fatfs\stm32_ub_atadrive.o
                                                  src\fatfs\diskio.o
ATA_disk_ioctl                                    src\fatfs\stm32_ub_atadrive.o
                                                  src\fatfs\diskio.o
ATA_disk_read                                     src\fatfs\stm32_ub_atadrive.o
                                                  src\fatfs\diskio.o
ATA_disk_status                                   src\fatfs\stm32_ub_atadrive.o
                                                  src\fatfs\diskio.o
ATA_disk_write                                    src\fatfs\stm32_ub_atadrive.o
                                                  src\fatfs\diskio.o
DAC_ClearFlag                                     SPL\src\stm32f2xx_dac.o
DAC_ClearITPendingBit                             SPL\src\stm32f2xx_dac.o
DAC_Cmd                                           SPL\src\stm32f2xx_dac.o
                                                  src\DAC.o
DAC_DMACmd                                        SPL\src\stm32f2xx_dac.o
                                                  src\DAC.o
DAC_DeInit                                        SPL\src\stm32f2xx_dac.o
DAC_DualSoftwareTriggerCmd                        SPL\src\stm32f2xx_dac.o
DAC_GetDataOutputValue                            SPL\src\stm32f2xx_dac.o
DAC_GetFlagStatus                                 SPL\src\stm32f2xx_dac.o
DAC_GetITStatus                                   SPL\src\stm32f2xx_dac.o
DAC_ITConfig                                      SPL\src\stm32f2xx_dac.o
DAC_Init                                          SPL\src\stm32f2xx_dac.o
                                                  src\DAC.o
DAC_InitStruct                                    src\DAC.o
DAC_SetChannel1Data                               SPL\src\stm32f2xx_dac.o
DAC_SetChannel2Data                               SPL\src\stm32f2xx_dac.o
DAC_SetDualChannelData                            SPL\src\stm32f2xx_dac.o
DAC_SoftwareTriggerCmd                            SPL\src\stm32f2xx_dac.o
DAC_StructInit                                    SPL\src\stm32f2xx_dac.o
DAC_WaveGenerationCmd                             SPL\src\stm32f2xx_dac.o
DMA2_Stream3_IRQHandler                           src\fatfs\stm32_ub_sdcard.o
                                                  src\startup_stm32f2xx.o
DMAEndOfTransfer                                  src\fatfs\stm32_ub_sdcard.o
DMA_ClearFlag                                     SPL\src\stm32f2xx_dma.o
                                                  src\fatfs\stm32_ub_sdcard.o
DMA_ClearITPendingBit                             SPL\src\stm32f2xx_dma.o
DMA_Cmd                                           SPL\src\stm32f2xx_dma.o
                                                  src\fatfs\stm32_ub_sdcard.o
                                                  src\DAC.o
DMA_DeInit                                        SPL\src\stm32f2xx_dma.o
                                                  src\fatfs\stm32_ub_sdcard.o
                                                  src\DAC.o
DMA_DoubleBufferModeCmd                           SPL\src\stm32f2xx_dma.o
DMA_DoubleBufferModeConfig                        SPL\src\stm32f2xx_dma.o
DMA_FlowControllerConfig                          SPL\src\stm32f2xx_dma.o
                                                  src\fatfs\stm32_ub_sdcard.o
DMA_GetCmdStatus                                  SPL\src\stm32f2xx_dma.o
DMA_GetCurrDataCounter                            SPL\src\stm32f2xx_dma.o
DMA_GetCurrentMemoryTarget                        SPL\src\stm32f2xx_dma.o
DMA_GetFIFOStatus                                 SPL\src\stm32f2xx_dma.o
DMA_GetFlagStatus                                 SPL\src\stm32f2xx_dma.o
DMA_GetITStatus                                   SPL\src\stm32f2xx_dma.o
DMA_ITConfig                                      SPL\src\stm32f2xx_dma.o
                                                  src\fatfs\stm32_ub_sdcard.o
DMA_Init                                          SPL\src\stm32f2xx_dma.o
                                                  src\fatfs\stm32_ub_sdcard.o
                                                  src\DAC.o
DMA_MemoryTargetConfig                            SPL\src\stm32f2xx_dma.o
DMA_PeriphIncOffsetSizeConfig                     SPL\src\stm32f2xx_dma.o
DMA_SetCurrDataCounter                            SPL\src\stm32f2xx_dma.o
DMA_StructInit                                    SPL\src\stm32f2xx_dma.o
Default_Handler                                   src\main.o
                                                  src\startup_stm32f2xx.o
EXTI_ClearFlag                                    SPL\src\stm32f2xx_exti.o
EXTI_ClearITPendingBit                            SPL\src\stm32f2xx_exti.o
EXTI_DeInit                                       SPL\src\stm32f2xx_exti.o
EXTI_GenerateSWInterrupt                          SPL\src\stm32f2xx_exti.o
EXTI_GetFlagStatus                                SPL\src\stm32f2xx_exti.o
EXTI_GetITStatus                                  SPL\src\stm32f2xx_exti.o
EXTI_Init                                         SPL\src\stm32f2xx_exti.o
EXTI_StructInit                                   SPL\src\stm32f2xx_exti.o
FLASH_ClearFlag                                   SPL\src\stm32f2xx_flash.o
FLASH_DataCacheCmd                                SPL\src\stm32f2xx_flash.o
FLASH_DataCacheReset                              SPL\src\stm32f2xx_flash.o
FLASH_EraseAllSectors                             SPL\src\stm32f2xx_flash.o
FLASH_EraseSector                                 SPL\src\stm32f2xx_flash.o
FLASH_GetFlagStatus                               SPL\src\stm32f2xx_flash.o
FLASH_GetStatus                                   SPL\src\stm32f2xx_flash.o
FLASH_ITConfig                                    SPL\src\stm32f2xx_flash.o
FLASH_InstructionCacheCmd                         SPL\src\stm32f2xx_flash.o
FLASH_InstructionCacheReset                       SPL\src\stm32f2xx_flash.o
FLASH_Lock                                        SPL\src\stm32f2xx_flash.o
FLASH_OB_BORConfig                                SPL\src\stm32f2xx_flash.o
FLASH_OB_GetBOR                                   SPL\src\stm32f2xx_flash.o
FLASH_OB_GetRDP                                   SPL\src\stm32f2xx_flash.o
FLASH_OB_GetUser                                  SPL\src\stm32f2xx_flash.o
FLASH_OB_GetWRP                                   SPL\src\stm32f2xx_flash.o
FLASH_OB_Launch                                   SPL\src\stm32f2xx_flash.o
FLASH_OB_Lock                                     SPL\src\stm32f2xx_flash.o
FLASH_OB_RDPConfig                                SPL\src\stm32f2xx_flash.o
FLASH_OB_Unlock                                   SPL\src\stm32f2xx_flash.o
FLASH_OB_UserConfig                               SPL\src\stm32f2xx_flash.o
FLASH_OB_WRPConfig                                SPL\src\stm32f2xx_flash.o
FLASH_PrefetchBufferCmd                           SPL\src\stm32f2xx_flash.o
FLASH_ProgramByte                                 SPL\src\stm32f2xx_flash.o
FLASH_ProgramDoubleWord                           SPL\src\stm32f2xx_flash.o
FLASH_ProgramHalfWord                             SPL\src\stm32f2xx_flash.o
FLASH_ProgramWord                                 SPL\src\stm32f2xx_flash.o
FLASH_SetLatency                                  SPL\src\stm32f2xx_flash.o
FLASH_Unlock                                      SPL\src\stm32f2xx_flash.o
FLASH_WaitForLastOperation                        SPL\src\stm32f2xx_flash.o
GPIO_DeInit                                       SPL\src\stm32f2xx_gpio.o
GPIO_Init                                         SPL\src\stm32f2xx_gpio.o
                                                  src\usart.o
                                                  src\spi.o
                                                  src\i2c.o
                                                  src\heating.o
                                                  src\gps.o
                                                  src\fatfs\stm32_ub_sdcard.o
                                                  src\DAC.o
                                                  src\ADC.o
GPIO_PinAFConfig                                  SPL\src\stm32f2xx_gpio.o
                                                  src\usart.o
                                                  src\spi.o
                                                  src\i2c.o
                                                  src\gps.o
                                                  src\fatfs\stm32_ub_sdcard.o
GPIO_PinLockConfig                                SPL\src\stm32f2xx_gpio.o
GPIO_ReadInputData                                SPL\src\stm32f2xx_gpio.o
GPIO_ReadInputDataBit                             SPL\src\stm32f2xx_gpio.o
                                                  src\fatfs\stm32_ub_sdcard.o
GPIO_ReadOutputData                               SPL\src\stm32f2xx_gpio.o
GPIO_ReadOutputDataBit                            SPL\src\stm32f2xx_gpio.o
GPIO_ResetBits                                    SPL\src\stm32f2xx_gpio.o
                                                  src\DAC.o
                                                  src\AF.o
GPIO_SetBits                                      SPL\src\stm32f2xx_gpio.o
                                                  src\spi.o
                                                  src\AF.o
GPIO_StructInit                                   SPL\src\stm32f2xx_gpio.o
GPIO_ToggleBits                                   SPL\src\stm32f2xx_gpio.o
GPIO_Write                                        SPL\src\stm32f2xx_gpio.o
GPIO_WriteBit                                     SPL\src\stm32f2xx_gpio.o
                                                  src\heating.o
GPS_Decode                                        src\gps.o
GPS_GetPosition                                   src\gps.o
                                                  src\main.o
GPS_Init                                          src\gps.o
                                                  src\main.o
GPS_MSG_SETAIRB                                   src\gps.o
GPS_MSG_SETBAUD                                   src\gps.o
GPS_MSG_SETDATE                                   src\gps.o
GPS_SendConfig                                    src\gps.o
                                                  src\main.o
GPS_UART_Capture                                  src\gps.o
                                                  src\main.o
GPS_USART_RxRingBuffer                            src\gps.o
GetRingBufferCurrentFillState                     src\RingBuffer.o
HardFault_Handler                                 src\main.o
                                                  src\startup_stm32f2xx.o
I2C_ARPCmd                                        SPL\src\stm32f2xx_i2c.o
I2C_AcknowledgeConfig                             SPL\src\stm32f2xx_i2c.o
                                                  src\i2c.o
I2C_CalculatePEC                                  SPL\src\stm32f2xx_i2c.o
I2C_CheckEvent                                    SPL\src\stm32f2xx_i2c.o
I2C_ClearFlag                                     SPL\src\stm32f2xx_i2c.o
I2C_ClearITPendingBit                             SPL\src\stm32f2xx_i2c.o
I2C_Cmd                                           SPL\src\stm32f2xx_i2c.o
                                                  src\i2c.o
I2C_DMACmd                                        SPL\src\stm32f2xx_i2c.o
I2C_DMALastTransferCmd                            SPL\src\stm32f2xx_i2c.o