Archive member included to satisfy reference by file (symbol)

c:/program files (x86)/atollic/truestudio for stm32 9.0.1/armtools/bin/../lib/gcc/arm-atollic-eabi/6.3.1/../../../../arm-atollic-eabi/lib/armv7-m\libc_nano.a(lib_a-atoi.o)
                              src\main.o (atoi)
c:/program files (x86)/atollic/truestudio for stm32 9.0.1/armtools/bin/../lib/gcc/arm-atollic-eabi/6.3.1/../../../../arm-atollic-eabi/lib/armv7-m\libc_nano.a(lib_a-init.o)
                              src\startup_stm32f2xx.o (__libc_init_array)
c:/program files (x86)/atollic/truestudio for stm32 9.0.1/armtools/bin/../lib/gcc/arm-atollic-eabi/6.3.1/../../../../arm-atollic-eabi/lib/armv7-m\libc_nano.a(lib_a-memcpy-stub.o)
                              src\position.o (memcpy)
c:/program files (x86)/atollic/truestudio for stm32 9.0.1/armtools/bin/../lib/gcc/arm-atollic-eabi/6.3.1/../../../../arm-atollic-eabi/lib/armv7-m\libc_nano.a(lib_a-memset.o)
                              src\fatfs\stm32_ub_sdcard.o (memset)
c:/program files (x86)/atollic/truestudio for stm32 9.0.1/armtools/bin/../lib/gcc/arm-atollic-eabi/6.3.1/../../../../arm-atollic-eabi/lib/armv7-m\libc_nano.a(lib_a-snprintf.o)
                              src\commands.o (snprintf)
c:/program files (x86)/atollic/truestudio for stm32 9.0.1/armtools/bin/../lib/gcc/arm-atollic-eabi/6.3.1/../../../../arm-atollic-eabi/lib/armv7-m\libc_nano.a(lib_a-strcasecmp.o)
                              src\commands.o (strcasecmp)
c:/program files (x86)/atollic/truestudio for stm32 9.0.1/armtools/bin/../lib/gcc/arm-atollic-eabi/6.3.1/../../../../arm-atollic-eabi/lib/armv7-m\libc_nano.a(lib_a-strlen.o)
                              src\AF.o (strlen)
c:/program files (x86)/atollic/truestudio for stm32 9.0.1/armtools/bin/../lib/gcc/arm-atollic-eabi/6.3.1/../../../../arm-atollic-eabi/lib/armv7-m\libc_nano.a(lib_a-strncat.o)
                              src\main.o (strncat)
c:/program files (x86)/atollic/truestudio for stm32 9.0.1/armtools/bin/../lib/gcc/arm-atollic-eabi/6.3.1/../../../../arm-atollic-eabi/lib/armv7-m\libc_nano.a(lib_a-strncmp.o)
                              src\position.o (strncmp)
c:/program files (x86)/atollic/truestudio for stm32 9.0.1/armtools/bin/../lib/gcc/arm-atollic-eabi/6.3.1/../../../../arm-atollic-eabi/lib/armv7-m\libc_nano.a(lib_a-strtol.o)
                              c:/program files (x86)/atollic/truestudio for stm32 9.0.1/armtools/bin/../lib/gcc/arm-atollic-eabi/6.3.1/../../../../arm-atollic-eabi/lib/armv7-m\libc_nano.a(lib_a-atoi.o) (_strtol_r)
c:/program files (x86)/atollic/truestudio for stm32 9.0.1/armtools/bin/../lib/gcc/arm-atollic-eabi/6.3.1/../../../../arm-atollic-eabi/lib/armv7-m\libc_nano.a(lib_a-impure.o)
                              c:/program files (x86)/atollic/truestudio for stm32 9.0.1/armtools/bin/../lib/gcc/arm-atollic-eabi/6.3.1/../../../../arm-atollic-eabi/lib/armv7-m\libc_nano.a(lib_a-snprintf.o) (_impure_ptr)
c:/program files (x86)/atollic/truestudio for stm32 9.0.1/armtools/bin/../lib/gcc/arm-atollic-eabi/6.3.1/../../../../arm-atollic-eabi/lib/armv7-m\libc_nano.a(lib_a-locale.o)
                              c:/program files (x86)/atollic/truestudio for stm32 9.0.1/armtools/bin/../lib/gcc/arm-atollic-eabi/6.3.1/../../../../arm-atollic-eabi/lib/armv7-m\libc_nano.a(lib_a-strtol.o) (__locale_ctype_ptr_l)
c:/program files (x86)/atollic/truestudio for stm32 9.0.1/armtools/bin/../lib/gcc/arm-atollic-eabi/6.3.1/../../../../arm-atollic-eabi/lib/armv7-m\libc_nano.a(lib_a-mbtowc_r.o)
                              c:/program files (x86)/atollic/truestudio for stm32 9.0.1/armtools/bin/../lib/gcc/arm-atollic-eabi/6.3.1/../../../../arm-atollic-eabi/lib/armv7-m\libc_nano.a(lib_a-locale.o) (__ascii_mbtowc)
c:/program files (x86)/atollic/truestudio for stm32 9.0.1/armtools/bin/../lib/gcc/arm-atollic-eabi/6.3.1/../../../../arm-atollic-eabi/lib/armv7-m\libc_nano.a(lib_a-nano-svfprintf.o)
                              c:/program files (x86)/atollic/truestudio for stm32 9.0.1/armtools/bin/../lib/gcc/arm-atollic-eabi/6.3.1/../../../../arm-atollic-eabi/lib/armv7-m\libc_nano.a(lib_a-snprintf.o) (_svfprintf_r)
c:/program files (x86)/atollic/truestudio for stm32 9.0.1/armtools/bin/../lib/gcc/arm-atollic-eabi/6.3.1/../../../../arm-atollic-eabi/lib/armv7-m\libc_nano.a(lib_a-nano-vfprintf_i.o)
                              c:/program files (x86)/atollic/truestudio for stm32 9.0.1/armtools/bin/../lib/gcc/arm-atollic-eabi/6.3.1/../../../../arm-atollic-eabi/lib/armv7-m\libc_nano.a(lib_a-nano-svfprintf.o) (_printf_i)
c:/program files (x86)/atollic/truestudio for stm32 9.0.1/armtools/bin/../lib/gcc/arm-atollic-eabi/6.3.1/../../../../arm-atollic-eabi/lib/armv7-m\libc_nano.a(lib_a-strcmp.o)
                              c:/program files (x86)/atollic/truestudio for stm32 9.0.1/armtools/bin/../lib/gcc/arm-atollic-eabi/6.3.1/../../../../arm-atollic-eabi/lib/armv7-m\libc_nano.a(lib_a-locale.o) (strcmp)
[...]
Memory Configuration

Name             Origin             Length             Attributes
FLASH            0x08000000         0x00040000         xr
RAM              0x20000000         0x00014000         xrw
MEMORY_B1        0x60000000         0x00000000         xr
*default*        0x00000000         0xffffffff

Linker script and memory map

LOAD c:/program files (x86)/atollic/truestudio for stm32 9.0.1/armtools/bin/../lib/gcc/arm-atollic-eabi/6.3.1/armv7-m/crti.o
LOAD c:/program files (x86)/atollic/truestudio for stm32 9.0.1/armtools/bin/../lib/gcc/arm-atollic-eabi/6.3.1/armv7-m/crtbegin.o
LOAD SPL\src\misc.o
LOAD SPL\src\stm32f2xx_adc.o
LOAD SPL\src\stm32f2xx_dac.o
LOAD SPL\src\stm32f2xx_dma.o
LOAD SPL\src\stm32f2xx_exti.o
LOAD SPL\src\stm32f2xx_flash.o
LOAD SPL\src\stm32f2xx_gpio.o
LOAD SPL\src\stm32f2xx_i2c.o
LOAD SPL\src\stm32f2xx_iwdg.o
LOAD SPL\src\stm32f2xx_pwr.o
LOAD SPL\src\stm32f2xx_rcc.o
LOAD SPL\src\stm32f2xx_rng.o
LOAD SPL\src\stm32f2xx_rtc.o
LOAD SPL\src\stm32f2xx_sdio.o
LOAD SPL\src\stm32f2xx_spi.o
LOAD SPL\src\stm32f2xx_syscfg.o
LOAD SPL\src\stm32f2xx_tim.o
LOAD SPL\src\stm32f2xx_usart.o
LOAD SPL\src\stm32f2xx_wwdg.o
LOAD src\ADC.o
LOAD src\AF.o
LOAD src\DAC.o
LOAD src\LIS302.o
LOAD src\MCP9800.o
LOAD src\MS5607.o
LOAD src\RRC_Bat.o
LOAD src\RTC.o
LOAD src\RingBuffer.o
LOAD src\Sine_table.o
LOAD src\commands.o
LOAD src\fatfs\diskio.o
LOAD src\fatfs\ff.o
LOAD src\fatfs\stm32_ub_atadrive.o
LOAD src\fatfs\stm32_ub_sdcard.o
LOAD src\fatfs\stm32_ub_usbdisk.o
LOAD src\heating.o
LOAD src\i2c.o
LOAD src\main.o
LOAD src\position.o
LOAD src\sdio.o
LOAD src\spi.o
LOAD src\startup_stm32f2xx.o
LOAD src\stm32_ub_fatfs.o
LOAD src\system_stm32f2xx.o
LOAD src\watchdog.o
                0x00000080                malloc_getpagesize_P = 0x80
START GROUP
LOAD c:/program files (x86)/atollic/truestudio for stm32 9.0.1/armtools/bin/../lib/gcc/arm-atollic-eabi/6.3.1/../../../../arm-atollic-eabi/lib/armv7-m\libc_nano.a
LOAD c:/program files (x86)/atollic/truestudio for stm32 9.0.1/armtools/bin/../lib/gcc/arm-atollic-eabi/6.3.1/../../../../arm-atollic-eabi/lib/armv7-m\libm.a
END GROUP
START GROUP
LOAD c:/program files (x86)/atollic/truestudio for stm32 9.0.1/armtools/bin/../lib/gcc/arm-atollic-eabi/6.3.1/armv7-m\libgcc.a
LOAD c:/program files (x86)/atollic/truestudio for stm32 9.0.1/armtools/bin/../lib/gcc/arm-atollic-eabi/6.3.1/../../../../arm-atollic-eabi/lib/armv7-m\libc_nano.a
END GROUP
START GROUP
LOAD c:/program files (x86)/atollic/truestudio for stm32 9.0.1/armtools/bin/../lib/gcc/arm-atollic-eabi/6.3.1/armv7-m\libgcc.a
LOAD c:/program files (x86)/atollic/truestudio for stm32 9.0.1/armtools/bin/../lib/gcc/arm-atollic-eabi/6.3.1/../../../../arm-atollic-eabi/lib/armv7-m\libc_nano.a
LOAD c:/program files (x86)/atollic/truestudio for stm32 9.0.1/armtools/bin/../lib/gcc/arm-atollic-eabi/6.3.1/../../../../arm-atollic-eabi/lib/armv7-m\libnosys.a
END GROUP
START GROUP
LOAD c:/program files (x86)/atollic/truestudio for stm32 9.0.1/armtools/bin/../lib/gcc/arm-atollic-eabi/6.3.1/armv7-m\libgcc.a
LOAD c:/program files (x86)/atollic/truestudio for stm32 9.0.1/armtools/bin/../lib/gcc/arm-atollic-eabi/6.3.1/../../../../arm-atollic-eabi/lib/armv7-m\libc_nano.a
LOAD c:/program files (x86)/atollic/truestudio for stm32 9.0.1/armtools/bin/../lib/gcc/arm-atollic-eabi/6.3.1/../../../../arm-atollic-eabi/lib/armv7-m\libnosys.a
END GROUP
LOAD c:/program files (x86)/atollic/truestudio for stm32 9.0.1/armtools/bin/../lib/gcc/arm-atollic-eabi/6.3.1/armv7-m/crtend.o
LOAD c:/program files (x86)/atollic/truestudio for stm32 9.0.1/armtools/bin/../lib/gcc/arm-atollic-eabi/6.3.1/armv7-m/crtn.o
                0x20014000                _estack = 0x20014000
                0x00000000                _Min_Heap_Size = 0x0
                0x00000400                _Min_Stack_Size = 0x400

.isr_vector     0x08000000      0x184
                0x08000000                . = ALIGN (0x4)
 *(.isr_vector)
 .isr_vector    0x08000000      0x184 src\startup_stm32f2xx.o
                0x08000000                g_pfnVectors
                0x08000184                . = ALIGN (0x4)

.text           0x08000184     0x5edc
                0x08000184                . = ALIGN (0x4)
 *(.text)
 .text          0x08000184       0x40 c:/program files (x86)/atollic/truestudio for stm32 9.0.1/armtools/bin/../lib/gcc/arm-atollic-eabi/6.3.1/armv7-m/crtbegin.o
 .text          0x080001c4       0x10 c:/program files (x86)/atollic/truestudio for stm32 9.0.1/armtools/bin/../lib/gcc/arm-atollic-eabi/6.3.1/../../../../arm-atollic-eabi/lib/armv7-m\libc_nano.a(lib_a-strlen.o)
                0x080001c4                strlen
 *(.text*)
 .text.NVIC_PriorityGroupConfig
                0x080001d4       0x14 SPL\src\misc.o
                0x080001d4                NVIC_PriorityGroupConfig
 .text.NVIC_Init
                0x080001e8       0x6c SPL\src\misc.o
                0x080001e8                NVIC_Init
 .text.ADC_Init
                0x08000254       0x4c SPL\src\stm32f2xx_adc.o
                0x08000254                ADC_Init
 .text.ADC_StructInit
                0x080002a0       0x14 SPL\src\stm32f2xx_adc.o
                0x080002a0                ADC_StructInit
 .text.ADC_CommonInit
                0x080002b4       0x28 SPL\src\stm32f2xx_adc.o
                0x080002b4                ADC_CommonInit
 .text.ADC_Cmd  0x080002dc       0x16 SPL\src\stm32f2xx_adc.o
                0x080002dc                ADC_Cmd
 .text.ADC_RegularChannelConfig
                0x080002f2       0x90 SPL\src\stm32f2xx_adc.o
                0x080002f2                ADC_RegularChannelConfig
 .text.ADC_SoftwareStartConv
                0x08000382        0xa SPL\src\stm32f2xx_adc.o
                0x08000382                ADC_SoftwareStartConv
 .text.ADC_GetConversionValue
                0x0800038c        0x6 SPL\src\stm32f2xx_adc.o
                0x0800038c                ADC_GetConversionValue
 .text.ADC_GetFlagStatus
                0x08000392        0xe SPL\src\stm32f2xx_adc.o
                0x08000392                ADC_GetFlagStatus
 .text.DAC_Init
                0x080003a0       0x30 SPL\src\stm32f2xx_dac.o
                0x080003a0                DAC_Init
 .text.DAC_Cmd  0x080003d0       0x28 SPL\src\stm32f2xx_dac.o
                0x080003d0                DAC_Cmd
 .text.DAC_DMACmd
                0x080003f8       0x2c SPL\src\stm32f2xx_dac.o
                0x080003f8                DAC_DMACmd
 .text.DMA_DeInit
                0x08000424      0x158 SPL\src\stm32f2xx_dma.o
                0x08000424                DMA_DeInit
 .text.DMA_Init
                0x0800057c       0x58 SPL\src\stm32f2xx_dma.o
                0x0800057c                DMA_Init
 .text.DMA_Cmd  0x080005d4       0x16 SPL\src\stm32f2xx_dma.o
                0x080005d4                DMA_Cmd
 .text.DMA_FlowControllerConfig
                0x080005ea       0x16 SPL\src\stm32f2xx_dma.o
                0x080005ea                DMA_FlowControllerConfig
 .text.DMA_ClearFlag
                0x08000600       0x34 SPL\src\stm32f2xx_dma.o
                0x08000600                DMA_ClearFlag
 .text.DMA_ITConfig
                0x08000634       0x3a SPL\src\stm32f2xx_dma.o
                0x08000634                DMA_ITConfig
 .text.GPIO_Init
                0x0800066e       0x8a SPL\src\stm32f2xx_gpio.o
                0x0800066e                GPIO_Init
 .text.GPIO_ReadInputDataBit
                0x080006f8        0xe SPL\src\stm32f2xx_gpio.o
                0x080006f8                GPIO_ReadInputDataBit
 .text.GPIO_SetBits
                0x08000706        0x4 SPL\src\stm32f2xx_gpio.o
                0x08000706                GPIO_SetBits
 .text.GPIO_ResetBits
                0x0800070a        0x4 SPL\src\stm32f2xx_gpio.o
                0x0800070a                GPIO_ResetBits
 .text.GPIO_PinAFConfig
                0x0800070e       0x2e SPL\src\stm32f2xx_gpio.o
                0x0800070e                GPIO_PinAFConfig
 .text.I2C_DeInit
                0x0800073c       0x64 SPL\src\stm32f2xx_i2c.o
                0x0800073c                I2C_DeInit
 .text.I2C_Init
                0x080007a0       0xdc SPL\src\stm32f2xx_i2c.o
                0x080007a0                I2C_Init
 .text.I2C_Cmd  0x0800087c       0x1c SPL\src\stm32f2xx_i2c.o
                0x0800087c                I2C_Cmd
 .text.I2C_GenerateSTART
                0x08000898       0x1c SPL\src\stm32f2xx_i2c.o
                0x08000898                I2C_GenerateSTART
 .text.I2C_GenerateSTOP
                0x080008b4       0x1c SPL\src\stm32f2xx_i2c.o
                0x080008b4                I2C_GenerateSTOP
 .text.I2C_Send7bitAddress
                0x080008d0       0x12 SPL\src\stm32f2xx_i2c.o
                0x080008d0                I2C_Send7bitAddress
 .text.I2C_AcknowledgeConfig
                0x080008e2       0x1c SPL\src\stm32f2xx_i2c.o
                0x080008e2                I2C_AcknowledgeConfig
 .text.I2C_SendData
                0x080008fe        0x4 SPL\src\stm32f2xx_i2c.o
                0x080008fe                I2C_SendData
 .text.I2C_ReceiveData
                0x08000902        0x6 SPL\src\stm32f2xx_i2c.o
                0x08000902                I2C_ReceiveData
 .text.I2C_GetFlagStatus
                0x08000908       0x38 SPL\src\stm32f2xx_i2c.o
                0x08000908                I2C_GetFlagStatus
 .text.IWDG_WriteAccessCmd
                0x08000940        0xc SPL\src\stm32f2xx_iwdg.o
                0x08000940                IWDG_WriteAccessCmd
 .text.IWDG_SetPrescaler
                0x0800094c        0xc SPL\src\stm32f2xx_iwdg.o
                0x0800094c                IWDG_SetPrescaler
 .text.IWDG_SetReload
                0x08000958        0xc SPL\src\stm32f2xx_iwdg.o
                0x08000958                IWDG_SetReload
 .text.IWDG_ReloadCounter
                0x08000964       0x10 SPL\src\stm32f2xx_iwdg.o
                0x08000964                IWDG_ReloadCounter
 .text.IWDG_Enable
                0x08000974       0x10 SPL\src\stm32f2xx_iwdg.o
                0x08000974                IWDG_Enable
 .text.RCC_GetClocksFreq
                0x08000984       0xb4 SPL\src\stm32f2xx_rcc.o
                0x08000984                RCC_GetClocksFreq
 .text.RCC_AHB1PeriphClockCmd
                0x08000a38       0x1c SPL\src\stm32f2xx_rcc.o
                0x08000a38                RCC_AHB1PeriphClockCmd
 .text.RCC_APB1PeriphClockCmd
                0x08000a54       0x1c SPL\src\stm32f2xx_rcc.o
                0x08000a54                RCC_APB1PeriphClockCmd
 .text.RCC_APB2PeriphClockCmd
                0x08000a70       0x1c SPL\src\stm32f2xx_rcc.o
                0x08000a70                RCC_APB2PeriphClockCmd
 .text.RCC_APB1PeriphResetCmd
                0x08000a8c       0x1c SPL\src\stm32f2xx_rcc.o
                0x08000a8c                RCC_APB1PeriphResetCmd
 .text.RCC_APB2PeriphResetCmd
                0x08000aa8       0x1c SPL\src\stm32f2xx_rcc.o
                0x08000aa8                RCC_APB2PeriphResetCmd
 .text.RCC_GetFlagStatus
                0x08000ac4       0x34 SPL\src\stm32f2xx_rcc.o
                0x08000ac4                RCC_GetFlagStatus
 .text.RCC_ClearFlag
                0x08000af8       0x10 SPL\src\stm32f2xx_rcc.o
                0x08000af8                RCC_ClearFlag
 .text.SDIO_DeInit
                0x08000b08       0x18 SPL\src\stm32f2xx_sdio.o
                0x08000b08                SDIO_DeInit
 .text.SDIO_Init
                0x08000b20       0x30 SPL\src\stm32f2xx_sdio.o
                0x08000b20                SDIO_Init
 .text.SDIO_ClockCmd
                0x08000b50        0xc SPL\src\stm32f2xx_sdio.o
                0x08000b50                SDIO_ClockCmd
 .text.SDIO_SetPowerState
                0x08000b5c        0xc SPL\src\stm32f2xx_sdio.o
                0x08000b5c                SDIO_SetPowerState
 .text.SDIO_GetPowerState
                0x08000b68       0x10 SPL\src\stm32f2xx_sdio.o
                0x08000b68                SDIO_GetPowerState
 .text.SDIO_SendCommand
                0x08000b78       0x2c SPL\src\stm32f2xx_sdio.o
                0x08000b78                SDIO_SendCommand
 .text.SDIO_GetCommandResponse
                0x08000ba4        0xc SPL\src\stm32f2xx_sdio.o
                0x08000ba4                SDIO_GetCommandResponse
 .text.SDIO_GetResponse
                0x08000bb0       0x18 SPL\src\stm32f2xx_sdio.o
                0x08000bb0                SDIO_GetResponse
 .text.SDIO_DataConfig
                0x08000bc8       0x2c SPL\src\stm32f2xx_sdio.o
                0x08000bc8                SDIO_DataConfig
 .text.SDIO_ReadData
                0x08000bf4        0xc SPL\src\stm32f2xx_sdio.o
                0x08000bf4                SDIO_ReadData
 .text.SDIO_DMACmd
                0x08000c00        0xc SPL\src\stm32f2xx_sdio.o
                0x08000c00                SDIO_DMACmd
 .text.SDIO_ITConfig
                0x08000c0c       0x1c SPL\src\stm32f2xx_sdio.o
                0x08000c0c                SDIO_ITConfig
 .text.SDIO_GetFlagStatus
                0x08000c28       0x14 SPL\src\stm32f2xx_sdio.o
                0x08000c28                SDIO_GetFlagStatus
 .text.SDIO_ClearFlag
                0x08000c3c        0xc SPL\src\stm32f2xx_sdio.o
                0x08000c3c                SDIO_ClearFlag
 .text.SDIO_GetITStatus
                0x08000c48       0x14 SPL\src\stm32f2xx_sdio.o
                0x08000c48                SDIO_GetITStatus
 .text.SDIO_ClearITPendingBit
                0x08000c5c        0xc SPL\src\stm32f2xx_sdio.o
                0x08000c5c                SDIO_ClearITPendingBit
 .text.TIM_TimeBaseInit
                0x08000c68       0x7c SPL\src\stm32f2xx_tim.o
                0x08000c68                TIM_TimeBaseInit
 .text.TIM_TimeBaseStructInit
                0x08000ce4       0x12 SPL\src\stm32f2xx_tim.o
                0x08000ce4                TIM_TimeBaseStructInit
 .text.TIM_SetAutoreload
                0x08000cf6        0x4 SPL\src\stm32f2xx_tim.o
                0x08000cf6                TIM_SetAutoreload
 .text.TIM_ARRPreloadConfig
                0x08000cfa       0x1c SPL\src\stm32f2xx_tim.o
                0x08000cfa                TIM_ARRPreloadConfig
 .text.TIM_Cmd  0x08000d16       0x1c SPL\src\stm32f2xx_tim.o
                0x08000d16                TIM_Cmd
 .text.TIM_ITConfig
                0x08000d32       0x18 SPL\src\stm32f2xx_tim.o
                0x08000d32                TIM_ITConfig
 .text.TIM_GetITStatus
                0x08000d4a       0x18 SPL\src\stm32f2xx_tim.o
                0x08000d4a                TIM_GetITStatus
 .text.TIM_ClearITPendingBit
                0x08000d62        0x8 SPL\src\stm32f2xx_tim.o
                0x08000d62                TIM_ClearITPendingBit
 .text.TIM_SelectOutputTrigger
                0x08000d6a       0x16 SPL\src\stm32f2xx_tim.o
                0x08000d6a                TIM_SelectOutputTrigger
 .text.USART_Init
                0x08000d80       0xd0 SPL\src\stm32f2xx_usart.o
                0x08000d80                USART_Init
 .text.USART_Cmd
                0x08000e50       0x1c SPL\src\stm32f2xx_usart.o
                0x08000e50                USART_Cmd
 .text.USART_SendData
                0x08000e6c        0x8 SPL\src\stm32f2xx_usart.o
                0x08000e6c                USART_SendData
 .text.USART_ReceiveData
                0x08000e74        0x8 SPL\src\stm32f2xx_usart.o
                0x08000e74                USART_ReceiveData
 .text.USART_ITConfig
                0x08000e7c       0x38 SPL\src\stm32f2xx_usart.o
                0x08000e7c                USART_ITConfig
 .text.USART_GetFlagStatus
                0x08000eb4        0xe SPL\src\stm32f2xx_usart.o
                0x08000eb4                USART_GetFlagStatus
 .text.USART_GetITStatus
                0x08000ec2       0x4c SPL\src\stm32f2xx_usart.o
                0x08000ec2                USART_GetITStatus
 .text.USART_ClearITPendingBit
                0x08000f0e       0x10 SPL\src\stm32f2xx_usart.o
                0x08000f0e                USART_ClearITPendingBit
 *fill*         0x08000f1e        0x2 
 .text.my_ADC_Init
                0x08000f20       0x7c src\ADC.o
                0x08000f20                my_ADC_Init
 .text.UB_ADC1_SINGLE_Read
                0x08000f9c       0x30 src\ADC.o
                0x08000f9c                UB_ADC1_SINGLE_Read
 .text.UB_ADC1_AV_Read
                0x08000fcc       0x22 src\ADC.o
                0x08000fcc                UB_ADC1_AV_Read
 *fill*         0x08000fee        0x2 
 .text.af_init  0x08000ff0       0x68 src\AF.o
                0x08000ff0                af_init
 .text.TIM7_IRQHandler
                0x08001058       0xb8 src\AF.o
                0x08001058                TIM7_IRQHandler
 .text.rf_send_string
                0x08001110       0x80 src\AF.o
                0x08001110                rf_send_string
 .text.my_DAC_Init
                0x08001190       0xc8 src\DAC.o
                0x08001190                my_DAC_Init
 .text.startSine
                0x08001258       0x8c src\DAC.o
                0x08001258                startSine
 .text.stopSine
                0x080012e4       0x18 src\DAC.o
                0x080012e4                stopSine
 .text.transmit
                0x080012fc       0x1c src\DAC.o
                0x080012fc                transmit
 .text.MCP_9800_init
                0x08001318        0x2 src\MCP9800.o
                0x08001318                MCP_9800_init
 *fill*         0x0800131a        0x2 
 .text.MCP9800_get_tmp
                0x0800131c       0x38 src\MCP9800.o
                0x0800131c                MCP9800_get_tmp
 .text.MS5607_get_cal
                0x08001354       0x1c src\MS5607.o
                0x08001354                MS5607_get_cal
 .text.MS5607_init
                0x08001370       0xfc src\MS5607.o
                0x08001370                MS5607_init
 .text.MS5607_get_pressure
                0x0800146c      0x268 src\MS5607.o
                0x0800146c                MS5607_get_pressure
 .text.InitRingBuffer
                0x080016d4        0xc src\RingBuffer.o
                0x080016d4                InitRingBuffer
 .text.RingBufferRead
                0x080016e0       0x20 src\RingBuffer.o
                0x080016e0                RingBufferRead
 .text.RingBufferWrite
                0x08001700       0x20 src\RingBuffer.o
                0x08001700                RingBufferWrite
 .text.commands_init
                0x08001720       0xb4 src\commands.o
                0x08001720                commands_init
 .text.commands_send_char
                0x080017d4       0x1c src\commands.o
                0x080017d4                commands_send_char
 .text.commands_send_string
                0x080017f0       0x14 src\commands.o
                0x080017f0                commands_send_string
 .text.commands_string_decode
                0x08001804       0xd8 src\commands.o
 .text.USART1_IRQHandler
                0x080018dc       0x2c src\commands.o
                0x080018dc                USART1_IRQHandler
 .text.commands_UART_Capture
                0x08001908       0x68 src\commands.o
                0x08001908                commands_UART_Capture
 .text.disk_initialize
                0x08001970       0x34 src\fatfs\diskio.o
                0x08001970                disk_initialize
 .text.disk_status
                0x080019a4       0x34 src\fatfs\diskio.o
                0x080019a4                disk_status
 .text.disk_read
                0x080019d8       0x44 src\fatfs\diskio.o
                0x080019d8                disk_read
 .text.disk_write
                0x08001a1c       0x44 src\fatfs\diskio.o
                0x08001a1c                disk_write
 .text.get_fattime
                0x08001a60        0x8 src\fatfs\diskio.o
                0x08001a60                get_fattime
 .text.disk_ioctl
                0x08001a68       0x42 src\fatfs\diskio.o
                0x08001a68                disk_ioctl
 .text.mem_cpy  0x08001aaa       0x14 src\fatfs\ff.o
 .text.mem_set  0x08001abe       0x10 src\fatfs\ff.o
 .text.mem_cmp  0x08001ace       0x22 src\fatfs\ff.o
 .text.chk_chr  0x08001af0       0x10 src\fatfs\ff.o
 .text.ld_clust
                0x08001b00       0x20 src\fatfs\ff.o
 .text.st_clust
                0x08001b20       0x12 src\fatfs\ff.o
 *fill*         0x08001b32        0x2 
 .text.create_name
                0x08001b34      0x120 src\fatfs\ff.o
 .text.check_fs
                0x08001c54       0x90 src\fatfs\ff.o
 .text.sync_window
                0x08001ce4       0x5c src\fatfs\ff.o
 .text.move_window
                0x08001d40       0x36 src\fatfs\ff.o
 .text.validate
                0x08001d76       0x38 src\fatfs\ff.o
 *fill*         0x08001dae        0x2 
 .text.chk_mounted
                0x08001db0      0x33c src\fatfs\ff.o
 .text.sync_fs  0x080020ec       0xba src\fatfs\ff.o
 .text.clust2sect
                0x080021a6       0x18 src\fatfs\ff.o
                0x080021a6                clust2sect
 .text.get_fat  0x080021be       0xea src\fatfs\ff.o
                0x080021be                get_fat
 .text.dir_sdi  0x080022a8       0x96 src\fatfs\ff.o
 .text.put_fat  0x0800233e      0x11c src\fatfs\ff.o
                0x0800233e                put_fat
 .text.create_chain
                0x0800245a       0xb2 src\fatfs\ff.o
 .text.dir_next
                0x0800250c      0x116 src\fatfs\ff.o
 .text.dir_find
                0x08002622       0x4e src\fatfs\ff.o
 .text.follow_path
                0x08002670       0x7e src\fatfs\ff.o
 .text.dir_alloc
                0x080026ee       0x46 src\fatfs\ff.o
 .text.dir_register
                0x08002734       0x3c src\fatfs\ff.o
 .text.remove_chain
                0x08002770       0x64 src\fatfs\ff.o
 .text.f_mount  0x080027d4       0x28 src\fatfs\ff.o
                0x080027d4                f_mount
 .text.f_open   0x080027fc      0x15a src\fatfs\ff.o
                0x080027fc                f_open
 .text.f_write  0x08002956      0x1e4 src\fatfs\ff.o
                0x08002956                f_write
 .text.f_sync   0x08002b3a       0xa2 src\fatfs\ff.o
                0x08002b3a                f_sync
 .text.f_close  0x08002bdc       0x14 src\fatfs\ff.o
                0x08002bdc                f_close
 .text.f_lseek  0x08002bf0      0x1a6 src\fatfs\ff.o
                0x08002bf0                f_lseek
 .text.f_getfree
                0x08002d96       0xf2 src\fatfs\ff.o
                0x08002d96                f_getfree
 .text.f_putc   0x08002e88       0x36 src\fatfs\ff.o
                0x08002e88                f_putc
 .text.f_puts   0x08002ebe       0x24 src\fatfs\ff.o
                0x08002ebe                f_puts
 .text.UB_ATADrive_Init
                0x08002ee2        0x2 src\fatfs\stm32_ub_atadrive.o
                0x08002ee2                UB_ATADrive_Init
 .text.ATA_disk_initialize
                0x08002ee4        0x6 src\fatfs\stm32_ub_atadrive.o
                0x08002ee4                ATA_disk_initialize
 .text.ATA_disk_status
                0x08002eea        0x6 src\fatfs\stm32_ub_atadrive.o
                0x08002eea                ATA_disk_status
 .text.ATA_disk_read
                0x08002ef0        0x6 src\fatfs\stm32_ub_atadrive.o
                0x08002ef0                ATA_disk_read
 .text.ATA_disk_write
                0x08002ef6        0x6 src\fatfs\stm32_ub_atadrive.o
                0x08002ef6                ATA_disk_write
 .text.ATA_disk_ioctl
                0x08002efc        0x6 src\fatfs\stm32_ub_atadrive.o
                0x08002efc                ATA_disk_ioctl
 .text.NVIC_Configuration
                0x08002f02       0x3c src\fatfs\stm32_ub_sdcard.o
 .text.CmdError
                0x08002f3e       0x28 src\fatfs\stm32_ub_sdcard.o
 *fill*         0x08002f66        0x2 
 .text.CmdResp7Error
                0x08002f68       0x48 src\fatfs\stm32_ub_sdcard.o
 .text.CmdResp3Error
                0x08002fb0       0x34 src\fatfs\stm32_ub_sdcard.o
 .text.CmdResp2Error
                0x08002fe4       0x44 src\fatfs\stm32_ub_sdcard.o
 .text.CmdResp1Error
                0x08003028      0x124 src\fatfs\stm32_ub_sdcard.o
 .text.CmdResp6Error
                0x0800314c       0x84 src\fatfs\stm32_ub_sdcard.o
 .text.FindSCR  0x080031d0      0x168 src\fatfs\stm32_ub_sdcard.o
 .text.SDEnWideBus
                0x08003338       0xf4 src\fatfs\stm32_ub_sdcard.o
 .text.MMC_disk_ioctl
                0x0800342c       0x26 src\fatfs\stm32_ub_sdcard.o
                0x0800342c                MMC_disk_ioctl
 *fill*         0x08003452        0x2 
 .text.SD_Detect
                0x08003454       0x2c src\fatfs\stm32_ub_sdcard.o
                0x08003454                SD_Detect
 .text.UB_SDCard_CheckMedia
                0x08003480       0x1c src\fatfs\stm32_ub_sdcard.o
                0x08003480                UB_SDCard_CheckMedia
 .text.MMC_disk_status
                0x0800349c       0x14 src\fatfs\stm32_ub_sdcard.o
                0x0800349c                MMC_disk_status
 .text.SD_PowerON
                0x080034b0      0x1a4 src\fatfs\stm32_ub_sdcard.o
                0x080034b0                SD_PowerON
 .text.SD_InitializeCards
                0x08003654      0x110 src\fatfs\stm32_ub_sdcard.o
                0x08003654                SD_InitializeCards
 .text.SD_GetCardInfo
                0x08003764      0x2a0 src\fatfs\stm32_ub_sdcard.o
                0x08003764                SD_GetCardInfo
 .text.SD_EnableWideBusOperation
                0x08003a04       0x74 src\fatfs\stm32_ub_sdcard.o
                0x08003a04                SD_EnableWideBusOperation
 .text.SD_SelectDeselect
                0x08003a78       0x2c src\fatfs\stm32_ub_sdcard.o
                0x08003a78                SD_SelectDeselect
 .text.SD_Init  0x08003aa4       0x9c src\fatfs\stm32_ub_sdcard.o
                0x08003aa4                SD_Init
 .text.MMC_disk_initialize
                0x08003b40       0x10 src\fatfs\stm32_ub_sdcard.o
                0x08003b40                MMC_disk_initialize
 .text.SD_StopTransfer
                0x08003b50       0x28 src\fatfs\stm32_ub_sdcard.o
                0x08003b50                SD_StopTransfer
 .text.SD_WaitReadOperation
                0x08003b78       0x84 src\fatfs\stm32_ub_sdcard.o
                0x08003b78                SD_WaitReadOperation
 .text.SD_WaitWriteOperation
                0x08003bfc       0x84 src\fatfs\stm32_ub_sdcard.o
                0x08003bfc                SD_WaitWriteOperation
 .text.SD_SendStatus
                0x08003c80       0x48 src\fatfs\stm32_ub_sdcard.o
                0x08003c80                SD_SendStatus
 .text.SD_GetState
                0x08003cc8       0x2c src\fatfs\stm32_ub_sdcard.o
                0x08003cc8                SD_GetState
 .text.SD_GetStatus
                0x08003cf4       0x1a src\fatfs\stm32_ub_sdcard.o
                0x08003cf4                SD_GetStatus
 *fill*         0x08003d0e        0x2 
 .text.SD_ProcessIRQSrc
                0x08003d10       0xac src\fatfs\stm32_ub_sdcard.o
                0x08003d10                SD_ProcessIRQSrc
 .text.SD_ProcessDMAIRQ
                0x08003dbc       0x2c src\fatfs\stm32_ub_sdcard.o
                0x08003dbc                SD_ProcessDMAIRQ
 .text.SD_LowLevel_Init
                0x08003de8       0xc8 src\fatfs\stm32_ub_sdcard.o
                0x08003de8                SD_LowLevel_Init
 .text.UB_SDCard_Init
                0x08003eb0        0xc src\fatfs\stm32_ub_sdcard.o
                0x08003eb0                UB_SDCard_Init
 .text.SD_LowLevel_DMA_TxConfig
                0x08003ebc       0x94 src\fatfs\stm32_ub_sdcard.o
                0x08003ebc                SD_LowLevel_DMA_TxConfig
 .text.SD_WriteMultiBlocks
                0x08003f50      0x138 src\fatfs\stm32_ub_sdcard.o
                0x08003f50                SD_WriteMultiBlocks
 .text.MMC_disk_write
                0x08004088       0x30 src\fatfs\stm32_ub_sdcard.o
                0x08004088                MMC_disk_write
 .text.SD_LowLevel_DMA_RxConfig
                0x080040b8       0x94 src\fatfs\stm32_ub_sdcard.o
                0x080040b8                SD_LowLevel_DMA_RxConfig
 .text.SD_ReadMultiBlocks
                0x0800414c       0xdc src\fatfs\stm32_ub_sdcard.o
                0x0800414c                SD_ReadMultiBlocks
 .text.MMC_disk_read
                0x08004228       0x30 src\fatfs\stm32_ub_sdcard.o
                0x08004228                MMC_disk_read
 .text.SDIO_IRQHandler
                0x08004258        0x8 src\fatfs\stm32_ub_sdcard.o
                0x08004258                SDIO_IRQHandler
 .text.DMA2_Stream3_IRQHandler
                0x08004260        0x8 src\fatfs\stm32_ub_sdcard.o
                0x08004260                DMA2_Stream3_IRQHandler
 .text.UB_USBDisk_Init
                0x08004268        0x2 src\fatfs\stm32_ub_usbdisk.o
                0x08004268                UB_USBDisk_Init
 .text.USB_disk_initialize
                0x0800426a        0x6 src\fatfs\stm32_ub_usbdisk.o
                0x0800426a                USB_disk_initialize
 .text.USB_disk_status
                0x08004270        0x6 src\fatfs\stm32_ub_usbdisk.o
                0x08004270                USB_disk_status
 .text.USB_disk_read
                0x08004276        0x6 src\fatfs\stm32_ub_usbdisk.o
                0x08004276                USB_disk_read
 .text.USB_disk_write
                0x0800427c        0x6 src\fatfs\stm32_ub_usbdisk.o
                0x0800427c                USB_disk_write
 .text.USB_disk_ioctl
                0x08004282        0x6 src\fatfs\stm32_ub_usbdisk.o
                0x08004282                USB_disk_ioctl
 .text.i2c_init_tmp
                0x08004288       0xa0 src\i2c.o
                0x08004288                i2c_init_tmp
 .text.P_I2C_timeout
                0x08004328       0x12 src\i2c.o
                0x08004328                P_I2C_timeout
 *fill*         0x0800433a        0x2 
 .text.UB_I2C_Read
                0x0800433c       0xd4 src\i2c.o
                0x0800433c                UB_I2C_Read
 .text.UB_I2C_ReadWord
                0x08004410      0x160 src\i2c.o
                0x08004410                UB_I2C_ReadWord
 .text.UB_I2C_Read24b
                0x08004570       0xfc src\i2c.o
                0x08004570                UB_I2C_Read24b
 .text.UB_I2C_WriteCommand
                0x0800466c       0xbc src\i2c.o
                0x0800466c                UB_I2C_WriteCommand
 .text.SysTick_Handler
                0x08004728       0x10 src\main.o
                0x08004728                SysTick_Handler
 .text.Default_Handler
                0x08004738        0x2 src\main.o
                0x08004738                Default_Handler
 .text.HardFault_Handler
                0x0800473a        0x2 src\main.o
                0x0800473a                HardFault_Handler
 .text.RTC_Alarm_IRQHandler
                0x0800473c        0x2 src\main.o
                0x0800473c                RTC_Alarm_IRQHandler
 *fill*         0x0800473e        0x2 
 .text.SD_add_string
                0x08004740       0x50 src\main.o
                0x08004740                SD_add_string
 .text.main     0x08004790      0x5d8 src\main.o
                0x08004790                main
 .text.position_message_init_struct
                0x08004d68       0x62 src\position.o
                0x08004d68                position_message_init_struct
 *fill*         0x08004dca        0x2 
 .text.position_message_init
                0x08004dcc       0x10 src\position.o
                0x08004dcc                position_message_init
 .text.Position_Init
                0x08004ddc       0xc4 src\position.o
                0x08004ddc                Position_Init
 .text.Position_SendConfig
                0x08004ea0        0x2 src\position.o
                0x08004ea0                Position_SendConfig
 *fill*         0x08004ea2        0x2 
 .text.string_Decode_UB
                0x08004ea4       0xa4 src\position.o
                0x08004ea4                string_Decode_UB
 .text.USART6_IRQHandler
                0x08004f48       0x34 src\position.o
                0x08004f48                USART6_IRQHandler
 .text.USART6SendChar
                0x08004f7c       0x1c src\position.o
                0x08004f7c                USART6SendChar
 .text.USART6SendRaw
                0x08004f98       0x1a src\position.o
                0x08004f98                USART6SendRaw
 *fill*         0x08004fb2        0x2 
 .text.position_in_airbone
                0x08004fb4       0x14 src\position.o
                0x08004fb4                position_in_airbone
 .text.getNumToDelim
                0x08004fc8       0x18 src\position.o
                0x08004fc8                getNumToDelim
 .text.copyString
                0x08004fe0       0x34 src\position.o
                0x08004fe0                copyString
 .text.string_Decode_NMEA
                0x08005014      0x1e0 src\position.o
                0x08005014                string_Decode_NMEA
 .text.Position_UART_Capture
                0x080051f4      0x110 src\position.o
                0x080051f4                Position_UART_Capture
 .text.PositionCopy
                0x08005304        0xa src\position.o
                0x08005304                PositionCopy
 *fill*         0x0800530e        0x2 
 .text.Position_Get
                0x08005310       0x10 src\position.o
                0x08005310                Position_Get
 .text.Reset_Handler
                0x08005320       0x50 src\startup_stm32f2xx.o
                0x08005320                Reset_Handler
 .text.UB_Fatfs_Init
                0x08005370       0x10 src\stm32_ub_fatfs.o
                0x08005370                UB_Fatfs_Init
 .text.UB_Fatfs_CheckMedia
                0x08005380       0x22 src\stm32_ub_fatfs.o
                0x08005380                UB_Fatfs_CheckMedia
 *fill*         0x080053a2        0x2 
 .text.UB_Fatfs_Mount
                0x080053a4       0x38 src\stm32_ub_fatfs.o
                0x080053a4                UB_Fatfs_Mount
 .text.UB_Fatfs_UnMount
                0x080053dc       0x1c src\stm32_ub_fatfs.o
                0x080053dc                UB_Fatfs_UnMount
 .text.UB_Fatfs_OpenFile
                0x080053f8       0x66 src\stm32_ub_fatfs.o
                0x080053f8                UB_Fatfs_OpenFile
 .text.UB_Fatfs_CloseFile
                0x0800545e        0xc src\stm32_ub_fatfs.o
                0x0800545e                UB_Fatfs_CloseFile
 .text.UB_Fatfs_WriteString
                0x0800546a       0x20 src\stm32_ub_fatfs.o
                0x0800546a                UB_Fatfs_WriteString
 *fill*         0x0800548a        0x2 
 .text.SetSysClock
                0x0800548c       0x3c src\system_stm32f2xx.o
 .text.SystemInit
                0x080054c8       0x44 src\system_stm32f2xx.o
                0x080054c8                SystemInit
 .text.watchdog_init
                0x0800550c       0x36 src\watchdog.o
                0x0800550c                watchdog_init
 .text.watchdog_trigger
                0x08005542        0x8 src\watchdog.o
                0x08005542                watchdog_trigger
 .text.atoi     0x0800554a        0x8 c:/program files (x86)/atollic/truestudio for stm32 9.0.1/armtools/bin/../lib/gcc/arm-atollic-eabi/6.3.1/../../../../arm-atollic-eabi/lib/armv7-m\libc_nano.a(lib_a-atoi.o)
                0x0800554a                atoi
 *fill*         0x08005552        0x2 
 .text.__libc_init_array
                0x08005554       0x48 c:/program files (x86)/atollic/truestudio for stm32 9.0.1/armtools/bin/../lib/gcc/arm-atollic-eabi/6.3.1/../../../../arm-atollic-eabi/lib/armv7-m\libc_nano.a(lib_a-init.o)
                0x08005554                __libc_init_array
 .text.memcpy   0x0800559c       0x16 c:/program files (x86)/atollic/truestudio for stm32 9.0.1/armtools/bin/../lib/gcc/arm-atollic-eabi/6.3.1/../../../../arm-atollic-eabi/lib/armv7-m\libc_nano.a(lib_a-memcpy-stub.o)
                0x0800559c                memcpy
 *fill*         0x080055b2        0x2 
 .text.snprintf
                0x080055b4       0x68 c:/program files (x86)/atollic/truestudio for stm32 9.0.1/armtools/bin/../lib/gcc/arm-atollic-eabi/6.3.1/../../../../arm-atollic-eabi/lib/armv7-m\libc_nano.a(lib_a-snprintf.o)
                0x080055b4                sniprintf
                0x080055b4                snprintf
 .text.strcasecmp
                0x0800561c       0x3c c:/program files (x86)/atollic/truestudio for stm32 9.0.1/armtools/bin/../lib/gcc/arm-atollic-eabi/6.3.1/../../../../arm-atollic-eabi/lib/armv7-m\libc_nano.a(lib_a-strcasecmp.o)
                0x0800561c                strcasecmp
 .text.strncat  0x08005658       0x28 c:/program files (x86)/atollic/truestudio for stm32 9.0.1/armtools/bin/../lib/gcc/arm-atollic-eabi/6.3.1/../../../../arm-atollic-eabi/lib/armv7-m\libc_nano.a(lib_a-strncat.o)
                0x08005658                strncat
 .text.strncmp  0x08005680       0x24 c:/program files (x86)/atollic/truestudio for stm32 9.0.1/armtools/bin/../lib/gcc/arm-atollic-eabi/6.3.1/../../../../arm-atollic-eabi/lib/armv7-m\libc_nano.a(lib_a-strncmp.o)
                0x08005680                strncmp
 .text._strtol_l.isra.0
                0x080056a4      0x100 c:/program files (x86)/atollic/truestudio for stm32 9.0.1/armtools/bin/../lib/gcc/arm-atollic-eabi/6.3.1/../../../../arm-atollic-eabi/lib/armv7-m\libc_nano.a(lib_a-strtol.o)
 .text.strtol   0x080057a4       0x2c c:/program files (x86)/atollic/truestudio for stm32 9.0.1/armtools/bin/../lib/gcc/arm-atollic-eabi/6.3.1/../../../../arm-atollic-eabi/lib/armv7-m\libc_nano.a(lib_a-strtol.o)
                0x080057a4                strtol
 .text.__locale_ctype_ptr_l
                0x080057d0        0x6 c:/program files (x86)/atollic/truestudio for stm32 9.0.1/armtools/bin/../lib/gcc/arm-atollic-eabi/6.3.1/../../../../arm-atollic-eabi/lib/armv7-m\libc_nano.a(lib_a-locale.o)
                0x080057d0                __locale_ctype_ptr_l
 *fill*         0x080057d6        0x2 
 .text.__locale_ctype_ptr
                0x080057d8       0x1c c:/program files (x86)/atollic/truestudio for stm32 9.0.1/armtools/bin/../lib/gcc/arm-atollic-eabi/6.3.1/../../../../arm-atollic-eabi/lib/armv7-m\libc_nano.a(lib_a-locale.o)
                0x080057d8                __locale_ctype_ptr
 .text.__ascii_mbtowc
                0x080057f4       0x24 c:/program files (x86)/atollic/truestudio for stm32 9.0.1/armtools/bin/../lib/gcc/arm-atollic-eabi/6.3.1/../../../../arm-atollic-eabi/lib/armv7-m\libc_nano.a(lib_a-mbtowc_r.o)
                0x080057f4                __ascii_mbtowc
 .text.__ssputs_r
                0x08005818       0xb6 c:/program files (x86)/atollic/truestudio for stm32 9.0.1/armtools/bin/../lib/gcc/arm-atollic-eabi/6.3.1/../../../../arm-atollic-eabi/lib/armv7-m\libc_nano.a(lib_a-nano-svfprintf.o)
                0x08005818                __ssputs_r
 *fill*         0x080058ce        0x2 
 .text._svfprintf_r
                0x080058d0      0x1e8 c:/program files (x86)/atollic/truestudio for stm32 9.0.1/armtools/bin/../lib/gcc/arm-atollic-eabi/6.3.1/../../../../arm-atollic-eabi/lib/armv7-m\libc_nano.a(lib_a-nano-svfprintf.o)
                0x080058d0                _svfiprintf_r
                0x080058d0                _svfprintf_r
 .text._printf_common
                0x08005ab8       0xee c:/program files (x86)/atollic/truestudio for stm32 9.0.1/armtools/bin/../lib/gcc/arm-atollic-eabi/6.3.1/../../../../arm-atollic-eabi/lib/armv7-m\libc_nano.a(lib_a-nano-vfprintf_i.o)
                0x08005ab8                _printf_common
 *fill*         0x08005ba6        0x2 
 .text._printf_i
                0x08005ba8      0x240 c:/program files (x86)/atollic/truestudio for stm32 9.0.1/armtools/bin/../lib/gcc/arm-atollic-eabi/6.3.1/../../../../arm-atollic-eabi/lib/armv7-m\libc_nano.a(lib_a-nano-vfprintf_i.o)
                0x08005ba8                _printf_i
 .text.__ascii_wctomb
                0x08005de8       0x1a c:/program files (x86)/atollic/truestudio for stm32 9.0.1/armtools/bin/../lib/gcc/arm-atollic-eabi/6.3.1/../../../../arm-atollic-eabi/lib/armv7-m\libc_nano.a(lib_a-wctomb_r.o)
                0x08005de8                __ascii_wctomb
 .text.memchr   0x08005e02       0x1c c:/program files (x86)/atollic/truestudio for stm32 9.0.1/armtools/bin/../lib/gcc/arm-atollic-eabi/6.3.1/../../../../arm-atollic-eabi/lib/armv7-m\libc_nano.a(lib_a-memchr-stub.o)
                0x08005e02                memchr
 .text.memmove  0x08005e1e       0x34 c:/program files (x86)/atollic/truestudio for stm32 9.0.1/armtools/bin/../lib/gcc/arm-atollic-eabi/6.3.1/../../../../arm-atollic-eabi/lib/armv7-m\libc_nano.a(lib_a-memmove.o)
                0x08005e1e                memmove
 *fill*         0x08005e52        0x2 
 .text._free_r  0x08005e54       0x98 c:/program files (x86)/atollic/truestudio for stm32 9.0.1/armtools/bin/../lib/gcc/arm-atollic-eabi/6.3.1/../../../../arm-atollic-eabi/lib/armv7-m\libc_nano.a(lib_a-nano-freer.o)
                0x08005e54                _free_r
 .text._malloc_r
                0x08005eec       0xbc c:/program files (x86)/atollic/truestudio for stm32 9.0.1/armtools/bin/../lib/gcc/arm-atollic-eabi/6.3.1/../../../../arm-atollic-eabi/lib/armv7-m\libc_nano.a(lib_a-nano-mallocr.o)
                0x08005eec                _malloc_r
 .text._realloc_r
                0x08005fa8       0x4c c:/program files (x86)/atollic/truestudio for stm32 9.0.1/armtools/bin/../lib/gcc/arm-atollic-eabi/6.3.1/../../../../arm-atollic-eabi/lib/armv7-m\libc_nano.a(lib_a-nano-reallocr.o)
                0x08005fa8                _realloc_r
 .text._sbrk_r  0x08005ff4       0x20 c:/program files (x86)/atollic/truestudio for stm32 9.0.1/armtools/bin/../lib/gcc/arm-atollic-eabi/6.3.1/../../../../arm-atollic-eabi/lib/armv7-m\libc_nano.a(lib_a-sbrkr.o)
                0x08005ff4                _sbrk_r
 .text.__malloc_lock
                0x08006014        0x2 c:/program files (x86)/atollic/truestudio for stm32 9.0.1/armtools/bin/../lib/gcc/arm-atollic-eabi/6.3.1/../../../../arm-atollic-eabi/lib/armv7-m\libc_nano.a(lib_a-mlock.o)
                0x08006014                __malloc_lock
 .text.__malloc_unlock
                0x08006016        0x2 c:/program files (x86)/atollic/truestudio for stm32 9.0.1/armtools/bin/../lib/gcc/arm-atollic-eabi/6.3.1/../../../../arm-atollic-eabi/lib/armv7-m\libc_nano.a(lib_a-mlock.o)
                0x08006016                __malloc_unlock
 .text._malloc_usable_size_r
                0x08006018       0x12 c:/program files (x86)/atollic/truestudio for stm32 9.0.1/armtools/bin/../lib/gcc/arm-atollic-eabi/6.3.1/../../../../arm-atollic-eabi/lib/armv7-m\libc_nano.a(lib_a-nano-msizer.o)
                0x08006018                _malloc_usable_size_r
 *fill*         0x0800602a        0x2 
 .text._sbrk    0x0800602c       0x1c c:/program files (x86)/atollic/truestudio for stm32 9.0.1/armtools/bin/../lib/gcc/arm-atollic-eabi/6.3.1/../../../../arm-atollic-eabi/lib/armv7-m\libnosys.a(sbrk.o)
                0x0800602c                _sbrk
 *(.glue_7)
 .glue_7        0x08006048        0x0 linker stubs
 *(.glue_7t)
 .glue_7t       0x08006048        0x0 linker stubs
 *(.eh_frame)
 .eh_frame      0x08006048        0x0 c:/program files (x86)/atollic/truestudio for stm32 9.0.1/armtools/bin/../lib/gcc/arm-atollic-eabi/6.3.1/armv7-m/crtbegin.o
 *(.init)
 .init          0x08006048        0x4 c:/program files (x86)/atollic/truestudio for stm32 9.0.1/armtools/bin/../lib/gcc/arm-atollic-eabi/6.3.1/armv7-m/crti.o
                0x08006048                _init
 .init          0x0800604c        0x8 c:/program files (x86)/atollic/truestudio for stm32 9.0.1/armtools/bin/../lib/gcc/arm-atollic-eabi/6.3.1/armv7-m/crtn.o
 *(.fini)
 .fini          0x08006054        0x4 c:/program files (x86)/atollic/truestudio for stm32 9.0.1/armtools/bin/../lib/gcc/arm-atollic-eabi/6.3.1/armv7-m/crti.o
                0x08006054                _fini
 .fini          0x08006058        0x8 c:/program files (x86)/atollic/truestudio for stm32 9.0.1/armtools/bin/../lib/gcc/arm-atollic-eabi/6.3.1/armv7-m/crtn.o
                0x08006060                . = ALIGN (0x4)
                0x08006060                _etext = .

.vfp11_veneer   0x08006060        0x0
 .vfp11_veneer  0x08006060        0x0 linker stubs

.v4_bx          0x08006060        0x0
 .v4_bx         0x08006060        0x0 linker stubs

.iplt           0x08006060        0x0
 .iplt          0x08006060        0x0 c:/program files (x86)/atollic/truestudio for stm32 9.0.1/armtools/bin/../lib/gcc/arm-atollic-eabi/6.3.1/armv7-m/crtbegin.o

.rodata         0x08006060      0x8e4
                0x08006060                . = ALIGN (0x4)
 *(.rodata)
 *(.rodata*)
 .rodata.sine_table
                0x08006060      0x5c4 src\Sine_table.o
                0x08006060                sine_table
 .rodata.commands_string_decode.str1.4
                0x08006624       0x8d src\commands.o
 *fill*         0x080066b1        0x3 
 .rodata.ExCvt  0x080066b4       0x80 src\fatfs\ff.o
 .rodata.create_name.str1.4
                0x08006734        0xf src\fatfs\ff.o
 *fill*         0x08006743        0x1 
 .rodata.SD_add_string.str1.4
                0x08006744        0xe src\main.o
 *fill*         0x08006752        0x2 
 .rodata.main.str1.4
                0x08006754       0x60 src\main.o
                                 0x64 (size before relaxing)
 .rodata.GPS_MSG_GETAIRB
                0x080067b4        0x8 src\position.o
                0x080067b4                GPS_MSG_GETAIRB
 .rodata.string_Decode_NMEA.str1.4
                0x080067bc        0x8 src\position.o
 .rodata.string_Decode_UB.str1.4
                0x080067c4       0x3c src\position.o
 .rodata.UB_Fatfs_Mount.str1.4
                0x08006800        0x4 src\stm32_ub_fatfs.o
                                  0x3 (size before relaxing)
 .rodata._setlocale_r.str1.1
                0x08006804        0x8 c:/program files (x86)/atollic/truestudio for stm32 9.0.1/armtools/bin/../lib/gcc/arm-atollic-eabi/6.3.1/../../../../arm-atollic-eabi/lib/armv7-m\libc_nano.a(lib_a-locale.o)
                                  0x9 (size before relaxing)
 .rodata.str1.1
                0x0800680c        0x2 c:/program files (x86)/atollic/truestudio for stm32 9.0.1/armtools/bin/../lib/gcc/arm-atollic-eabi/6.3.1/../../../../arm-atollic-eabi/lib/armv7-m\libc_nano.a(lib_a-locale.o)
 .rodata._svfprintf_r.str1.1
                0x0800680e       0x11 c:/program files (x86)/atollic/truestudio for stm32 9.0.1/armtools/bin/../lib/gcc/arm-atollic-eabi/6.3.1/../../../../arm-atollic-eabi/lib/armv7-m\libc_nano.a(lib_a-nano-svfprintf.o)
 .rodata._printf_i.str1.1
                0x0800681f       0x22 c:/program files (x86)/atollic/truestudio for stm32 9.0.1/armtools/bin/../lib/gcc/arm-atollic-eabi/6.3.1/../../../../arm-atollic-eabi/lib/armv7-m\libc_nano.a(lib_a-nano-vfprintf_i.o)
 .rodata._ctype_
                0x08006841      0x101 c:/program files (x86)/atollic/truestudio for stm32 9.0.1/armtools/bin/../lib/gcc/arm-atollic-eabi/6.3.1/../../../../arm-atollic-eabi/lib/armv7-m\libc_nano.a(lib_a-ctype_.o)
                0x08006841                _ctype_
                0x08006944                . = ALIGN (0x4)
 *fill*         0x08006942        0x2 

.rel.dyn        0x08006944        0x0
 .rel.iplt      0x08006944        0x0 c:/program files (x86)/atollic/truestudio for stm32 9.0.1/armtools/bin/../lib/gcc/arm-atollic-eabi/6.3.1/armv7-m/crtbegin.o

.ARM.extab
 *(.ARM.extab* .gnu.linkonce.armextab.*)

.ARM            0x08006944        0x0
                0x08006944                __exidx_start = .
 *(.ARM.exidx*)
                0x08006944                __exidx_end = .

.preinit_array  0x08006944        0x0
                0x08006944                PROVIDE (__preinit_array_start, .)
 *(.preinit_array*)
                0x08006944                PROVIDE (__preinit_array_end, .)

.init_array     0x08006944        0x4
                0x08006944                PROVIDE (__init_array_start, .)
 *(SORT(.init_array.*))
 *(.init_array*)
 .init_array    0x08006944        0x4 c:/program files (x86)/atollic/truestudio for stm32 9.0.1/armtools/bin/../lib/gcc/arm-atollic-eabi/6.3.1/armv7-m/crtbegin.o
                0x08006948                PROVIDE (__init_array_end, .)

.fini_array     0x08006948        0x4
                [!provide]                PROVIDE (__fini_array_start, .)
 *(SORT(.fini_array.*))
 *(.fini_array*)
 .fini_array    0x08006948        0x4 c:/program files (x86)/atollic/truestudio for stm32 9.0.1/armtools/bin/../lib/gcc/arm-atollic-eabi/6.3.1/armv7-m/crtbegin.o
                [!provide]                PROVIDE (__fini_array_end, .)
                0x0800694c                _sidata = LOADADDR (.data)

.data           0x20000000      0x3e4 load address 0x0800694c
                0x20000000                . = ALIGN (0x4)
                0x20000000                _sdata = .
 *(.data)
 *(.data*)
 .data.APBAHBPrescTable
                0x20000000       0x10 SPL\src\stm32f2xx_rcc.o
 .data.txString
                0x20000010      0x200 src\AF.o
 .data.txString_length
                0x20000210        0x2 src\AF.o
 .data.rx_state.7803
                0x20000212        0x1 src\position.o
 *fill*         0x20000213        0x1 
 .data._impure_ptr
                0x20000214        0x4 c:/program files (x86)/atollic/truestudio for stm32 9.0.1/armtools/bin/../lib/gcc/arm-atollic-eabi/6.3.1/../../../../arm-atollic-eabi/lib/armv7-m\libc_nano.a(lib_a-impure.o)
                0x20000214                _impure_ptr
 .data.impure_data
                0x20000218       0x60 c:/program files (x86)/atollic/truestudio for stm32 9.0.1/armtools/bin/../lib/gcc/arm-atollic-eabi/6.3.1/../../../../arm-atollic-eabi/lib/armv7-m\libc_nano.a(lib_a-impure.o)
 .data.__global_locale
                0x20000278      0x16c c:/program files (x86)/atollic/truestudio for stm32 9.0.1/armtools/bin/../lib/gcc/arm-atollic-eabi/6.3.1/../../../../arm-atollic-eabi/lib/armv7-m\libc_nano.a(lib_a-locale.o)
                0x20000278                __global_locale
                0x200003e4                . = ALIGN (0x4)
                0x200003e4                _edata = .

.igot.plt       0x200003e4        0x0 load address 0x08006d30
 .igot.plt      0x200003e4        0x0 c:/program files (x86)/atollic/truestudio for stm32 9.0.1/armtools/bin/../lib/gcc/arm-atollic-eabi/6.3.1/armv7-m/crtbegin.o
                0x200003e4                . = ALIGN (0x4)

.bss            0x200003e8      0x988 load address 0x08006d30
                0x200003e8                _sbss = .
                0x200003e8                __bss_start__ = _sbss
 *(.bss)
 .bss           0x200003e8       0x1c c:/program files (x86)/atollic/truestudio for stm32 9.0.1/armtools/bin/../lib/gcc/arm-atollic-eabi/6.3.1/armv7-m/crtbegin.o
 *(.bss*)
 .bss.BitPosition.6943
                0x20000404        0x1 src\AF.o
 *fill*         0x20000405        0x1 
 .bss.BytePosition.6942
                0x20000406        0x2 src\AF.o
 .bss.rf_on     0x20000408        0x1 src\AF.o
 *fill*         0x20000409        0x3 
 .bss.calibration
                0x2000040c       0x1c src\MS5607.o
 .bss.rxString.7666
                0x20000428       0x80 src\commands.o
 .bss.rxStringWritePos.7667
                0x200004a8        0x1 src\commands.o
 *fill*         0x200004a9        0x3 
 .bss.FatFs     0x200004ac        0x4 src\fatfs\ff.o
 .bss.Fsid      0x200004b0        0x2 src\fatfs\ff.o
 *fill*         0x200004b2        0x2 
 .bss.CID_Tab   0x200004b4       0x10 src\fatfs\stm32_ub_sdcard.o
 .bss.CSD_Tab   0x200004c4       0x10 src\fatfs\stm32_ub_sdcard.o
 .bss.CardType  0x200004d4        0x4 src\fatfs\stm32_ub_sdcard.o
 .bss.DMAEndOfTransfer
                0x200004d8        0x4 src\fatfs\stm32_ub_sdcard.o
                0x200004d8                DMAEndOfTransfer
 .bss.RCA       0x200004dc        0x4 src\fatfs\stm32_ub_sdcard.o
 .bss.StopCondition
                0x200004e0        0x4 src\fatfs\stm32_ub_sdcard.o
                0x200004e0                StopCondition
 .bss.TransferEnd
                0x200004e4        0x4 src\fatfs\stm32_ub_sdcard.o
                0x200004e4                TransferEnd
 .bss.TransferError
                0x200004e8        0x1 src\fatfs\stm32_ub_sdcard.o
                0x200004e8                TransferError
 *fill*         0x200004e9        0x3 
 .bss.ret_wert  0x200004ec        0x4 src\i2c.o
 .bss.timeout   0x200004f0        0x4 src\main.o
 .bss.GP_temp   0x200004f4       0x46 src\position.o
 *fill*         0x2000053a        0x2 
 .bss.rxString.7796
                0x2000053c       0x80 src\position.o
 .bss.rxStringWritePos.7797
                0x200005bc        0x1 src\position.o
 *fill*         0x200005bd        0x3 
 .bss.ub_message_buffer
                0x200005c0      0x2a0 src\position.o
 .bss.ub_remaining_payload.7804
                0x20000860        0x2 src\position.o
 *fill*         0x20000862        0x2 
 .bss.FileSystemObject
                0x20000864      0x234 src\stm32_ub_fatfs.o
 .bss.__malloc_free_list
                0x20000a98        0x4 c:/program files (x86)/atollic/truestudio for stm32 9.0.1/armtools/bin/../lib/gcc/arm-atollic-eabi/6.3.1/../../../../arm-atollic-eabi/lib/armv7-m\libc_nano.a(lib_a-nano-mallocr.o)
                0x20000a98                __malloc_free_list
 .bss.__malloc_sbrk_start
                0x20000a9c        0x4 c:/program files (x86)/atollic/truestudio for stm32 9.0.1/armtools/bin/../lib/gcc/arm-atollic-eabi/6.3.1/../../../../arm-atollic-eabi/lib/armv7-m\libc_nano.a(lib_a-nano-mallocr.o)
                0x20000a9c                __malloc_sbrk_start
 .bss.heap_end.4116
                0x20000aa0        0x4 c:/program files (x86)/atollic/truestudio for stm32 9.0.1/armtools/bin/../lib/gcc/arm-atollic-eabi/6.3.1/../../../../arm-atollic-eabi/lib/armv7-m\libnosys.a(sbrk.o)
 *(COMMON)
 COMMON         0x20000aa4       0x10 src\DAC.o
                0x20000aa4                DAC_InitStruct
 COMMON         0x20000ab4      0x108 src\commands.o
                0x20000ab4                commands_RX_Buffer
 *fill*         0x20000bbc        0x4 
 COMMON         0x20000bc0       0xa0 src\fatfs\stm32_ub_sdcard.o
                0x20000bc0                SDIO_CmdInitStructure
                0x20000bd8                SDCardInfo
                0x20000c30                SDIO_InitStructure
                0x20000c48                SDIO_DataInitStructure
 COMMON         0x20000c60        0x2 src\main.o
                0x20000c60                settings
 *fill*         0x20000c62        0x2 
 COMMON         0x20000c64      0x108 src\position.o
                0x20000c64                GPS_USART_RxRingBuffer
 COMMON         0x20000d6c        0x4 c:/program files (x86)/atollic/truestudio for stm32 9.0.1/armtools/bin/../lib/gcc/arm-atollic-eabi/6.3.1/../../../../arm-atollic-eabi/lib/armv7-m\libc_nano.a(lib_a-reent.o)
                0x20000d6c                errno
                0x20000d70                . = ALIGN (0x4)
                0x20000d70                _ebss = .
                0x20000d70                __bss_end__ = _ebss

._user_heap_stack
                0x20000d70      0x400 load address 0x08006d30
                0x20000d70                . = ALIGN (0x4)
                0x20000d70                PROVIDE (end, .)
                [!provide]                PROVIDE (_end, .)
                0x20000d70                . = (. + _Min_Heap_Size)
                0x20001170                . = (. + _Min_Stack_Size)
 *fill*         0x20000d70      0x400 
                0x20001170                . = ALIGN (0x4)

.memory_b1_text
 *(.mb1text)
 *(.mb1text*)
 *(.mb1rodata)
 *(.mb1rodata*)

/DISCARD/
 libc.a(*)
 libm.a(*)
 libgcc.a(*)

.ARM.attributes
                0x00000000       0x29
 *(.ARM.attributes)
 .ARM.attributes
                0x00000000       0x1d c:/program files (x86)/atollic/truestudio for stm32 9.0.1/armtools/bin/../lib/gcc/arm-atollic-eabi/6.3.1/armv7-m/crti.o
 .ARM.attributes
                0x0000001d       0x2d c:/program files (x86)/atollic/truestudio for stm32 9.0.1/armtools/bin/../lib/gcc/arm-atollic-eabi/6.3.1/armv7-m/crtbegin.o
 .ARM.attributes
                0x0000004a       0x33 SPL\src\misc.o
 .ARM.attributes
                0x0000007d       0x33 SPL\src\stm32f2xx_adc.o
 .ARM.attributes
                0x000000b0       0x33 SPL\src\stm32f2xx_dac.o
 .ARM.attributes
                0x000000e3       0x33 SPL\src\stm32f2xx_dma.o
 .ARM.attributes
                0x00000116       0x33 SPL\src\stm32f2xx_gpio.o
 .ARM.attributes
                0x00000149       0x33 SPL\src\stm32f2xx_i2c.o
 .ARM.attributes
                0x0000017c       0x33 SPL\src\stm32f2xx_iwdg.o
 .ARM.attributes
                0x000001af       0x33 SPL\src\stm32f2xx_rcc.o
 .ARM.attributes
                0x000001e2       0x33 SPL\src\stm32f2xx_sdio.o
 .ARM.attributes
                0x00000215       0x33 SPL\src\stm32f2xx_tim.o
 .ARM.attributes
                0x00000248       0x33 SPL\src\stm32f2xx_usart.o
 .ARM.attributes
                0x0000027b       0x33 src\ADC.o
 .ARM.attributes
                0x000002ae       0x33 src\AF.o
 .ARM.attributes
                0x000002e1       0x33 src\DAC.o
 .ARM.attributes
                0x00000314       0x33 src\MCP9800.o
 .ARM.attributes
                0x00000347       0x33 src\MS5607.o
 .ARM.attributes
                0x0000037a       0x33 src\RingBuffer.o
 .ARM.attributes
                0x000003ad       0x33 src\Sine_table.o
 .ARM.attributes
                0x000003e0       0x33 src\commands.o
 .ARM.attributes
                0x00000413       0x33 src\fatfs\diskio.o
 .ARM.attributes
                0x00000446       0x33 src\fatfs\ff.o
 .ARM.attributes
                0x00000479       0x33 src\fatfs\stm32_ub_atadrive.o
 .ARM.attributes
                0x000004ac       0x33 src\fatfs\stm32_ub_sdcard.o
 .ARM.attributes
                0x000004df       0x33 src\fatfs\stm32_ub_usbdisk.o
 .ARM.attributes
                0x00000512       0x33 src\i2c.o
 .ARM.attributes
                0x00000545       0x33 src\main.o
 .ARM.attributes
                0x00000578       0x33 src\position.o
 .ARM.attributes
                0x000005ab       0x21 src\startup_stm32f2xx.o
 .ARM.attributes
                0x000005cc       0x33 src\stm32_ub_fatfs.o
 .ARM.attributes
                0x000005ff       0x33 src\system_stm32f2xx.o
 .ARM.attributes
                0x00000632       0x33 src\watchdog.o
 .ARM.attributes
                0x00000665       0x2d c:/program files (x86)/atollic/truestudio for stm32 9.0.1/armtools/bin/../lib/gcc/arm-atollic-eabi/6.3.1/../../../../arm-atollic-eabi/lib/armv7-m\libc_nano.a(lib_a-atoi.o)
 .ARM.attributes
                0x00000692       0x2d c:/program files (x86)/atollic/truestudio for stm32 9.0.1/armtools/bin/../lib/gcc/arm-atollic-eabi/6.3.1/../../../../arm-atollic-eabi/lib/armv7-m\libc_nano.a(lib_a-init.o)
 .ARM.attributes
                0x000006bf       0x2d c:/program files (x86)/atollic/truestudio for stm32 9.0.1/armtools/bin/../lib/gcc/arm-atollic-eabi/6.3.1/../../../../arm-atollic-eabi/lib/armv7-m\libc_nano.a(lib_a-memcpy-stub.o)
 .ARM.attributes
                0x000006ec       0x2d c:/program files (x86)/atollic/truestudio for stm32 9.0.1/armtools/bin/../lib/gcc/arm-atollic-eabi/6.3.1/../../../../arm-atollic-eabi/lib/armv7-m\libc_nano.a(lib_a-snprintf.o)
 .ARM.attributes
                0x00000719       0x2d c:/program files (x86)/atollic/truestudio for stm32 9.0.1/armtools/bin/../lib/gcc/arm-atollic-eabi/6.3.1/../../../../arm-atollic-eabi/lib/armv7-m\libc_nano.a(lib_a-strcasecmp.o)
 .ARM.attributes
                0x00000746       0x17 c:/program files (x86)/atollic/truestudio for stm32 9.0.1/armtools/bin/../lib/gcc/arm-atollic-eabi/6.3.1/../../../../arm-atollic-eabi/lib/armv7-m\libc_nano.a(lib_a-strlen.o)
 .ARM.attributes
                0x0000075d       0x2d c:/program files (x86)/atollic/truestudio for stm32 9.0.1/armtools/bin/../lib/gcc/arm-atollic-eabi/6.3.1/../../../../arm-atollic-eabi/lib/armv7-m\libc_nano.a(lib_a-strncat.o)
 .ARM.attributes
                0x0000078a       0x2d c:/program files (x86)/atollic/truestudio for stm32 9.0.1/armtools/bin/../lib/gcc/arm-atollic-eabi/6.3.1/../../../../arm-atollic-eabi/lib/armv7-m\libc_nano.a(lib_a-strncmp.o)
 .ARM.attributes
                0x000007b7       0x2d c:/program files (x86)/atollic/truestudio for stm32 9.0.1/armtools/bin/../lib/gcc/arm-atollic-eabi/6.3.1/../../../../arm-atollic-eabi/lib/armv7-m\libc_nano.a(lib_a-strtol.o)
 .ARM.attributes
                0x000007e4       0x2d c:/program files (x86)/atollic/truestudio for stm32 9.0.1/armtools/bin/../lib/gcc/arm-atollic-eabi/6.3.1/../../../../arm-atollic-eabi/lib/armv7-m\libc_nano.a(lib_a-impure.o)
 .ARM.attributes
                0x00000811       0x2d c:/program files (x86)/atollic/truestudio for stm32 9.0.1/armtools/bin/../lib/gcc/arm-atollic-eabi/6.3.1/../../../../arm-atollic-eabi/lib/armv7-m\libc_nano.a(lib_a-locale.o)
 .ARM.attributes
                0x0000083e       0x2d c:/program files (x86)/atollic/truestudio for stm32 9.0.1/armtools/bin/../lib/gcc/arm-atollic-eabi/6.3.1/../../../../arm-atollic-eabi/lib/armv7-m\libc_nano.a(lib_a-mbtowc_r.o)
 .ARM.attributes
                0x0000086b       0x2d c:/program files (x86)/atollic/truestudio for stm32 9.0.1/armtools/bin/../lib/gcc/arm-atollic-eabi/6.3.1/../../../../arm-atollic-eabi/lib/armv7-m\libc_nano.a(lib_a-nano-svfprintf.o)
 .ARM.attributes
                0x00000898       0x2d c:/program files (x86)/atollic/truestudio for stm32 9.0.1/armtools/bin/../lib/gcc/arm-atollic-eabi/6.3.1/../../../../arm-atollic-eabi/lib/armv7-m\libc_nano.a(lib_a-nano-vfprintf_i.o)
 .ARM.attributes
                0x000008c5       0x2d c:/program files (x86)/atollic/truestudio for stm32 9.0.1/armtools/bin/../lib/gcc/arm-atollic-eabi/6.3.1/../../../../arm-atollic-eabi/lib/armv7-m\libc_nano.a(lib_a-wctomb_r.o)
 .ARM.attributes
                0x000008f2       0x2d c:/program files (x86)/atollic/truestudio for stm32 9.0.1/armtools/bin/../lib/gcc/arm-atollic-eabi/6.3.1/../../../../arm-atollic-eabi/lib/armv7-m\libc_nano.a(lib_a-ctype_.o)
 .ARM.attributes
                0x0000091f       0x2d c:/program files (x86)/atollic/truestudio for stm32 9.0.1/armtools/bin/../lib/gcc/arm-atollic-eabi/6.3.1/../../../../arm-atollic-eabi/lib/armv7-m\libc_nano.a(lib_a-memchr-stub.o)
 .ARM.attributes
                0x0000094c       0x2d c:/program files (x86)/atollic/truestudio for stm32 9.0.1/armtools/bin/../lib/gcc/arm-atollic-eabi/6.3.1/../../../../arm-atollic-eabi/lib/armv7-m\libc_nano.a(lib_a-memmove.o)
 .ARM.attributes
                0x00000979       0x2d c:/program files (x86)/atollic/truestudio for stm32 9.0.1/armtools/bin/../lib/gcc/arm-atollic-eabi/6.3.1/../../../../arm-atollic-eabi/lib/armv7-m\libc_nano.a(lib_a-nano-freer.o)
 .ARM.attributes
                0x000009a6       0x2d c:/program files (x86)/atollic/truestudio for stm32 9.0.1/armtools/bin/../lib/gcc/arm-atollic-eabi/6.3.1/../../../../arm-atollic-eabi/lib/armv7-m\libc_nano.a(lib_a-nano-mallocr.o)
 .ARM.attributes
                0x000009d3       0x2d c:/program files (x86)/atollic/truestudio for stm32 9.0.1/armtools/bin/../lib/gcc/arm-atollic-eabi/6.3.1/../../../../arm-atollic-eabi/lib/armv7-m\libc_nano.a(lib_a-nano-reallocr.o)
 .ARM.attributes
                0x00000a00       0x2d c:/program files (x86)/atollic/truestudio for stm32 9.0.1/armtools/bin/../lib/gcc/arm-atollic-eabi/6.3.1/../../../../arm-atollic-eabi/lib/armv7-m\libc_nano.a(lib_a-sbrkr.o)
 .ARM.attributes
                0x00000a2d       0x2d c:/program files (x86)/atollic/truestudio for stm32 9.0.1/armtools/bin/../lib/gcc/arm-atollic-eabi/6.3.1/../../../../arm-atollic-eabi/lib/armv7-m\libc_nano.a(lib_a-mlock.o)
 .ARM.attributes
                0x00000a5a       0x2d c:/program files (x86)/atollic/truestudio for stm32 9.0.1/armtools/bin/../lib/gcc/arm-atollic-eabi/6.3.1/../../../../arm-atollic-eabi/lib/armv7-m\libc_nano.a(lib_a-nano-msizer.o)
 .ARM.attributes
                0x00000a87       0x2d c:/program files (x86)/atollic/truestudio for stm32 9.0.1/armtools/bin/../lib/gcc/arm-atollic-eabi/6.3.1/../../../../arm-atollic-eabi/lib/armv7-m\libc_nano.a(lib_a-reent.o)
 .ARM.attributes
                0x00000ab4       0x2d c:/program files (x86)/atollic/truestudio for stm32 9.0.1/armtools/bin/../lib/gcc/arm-atollic-eabi/6.3.1/../../../../arm-atollic-eabi/lib/armv7-m\libnosys.a(sbrk.o)
 .ARM.attributes
                0x00000ae1       0x1d c:/program files (x86)/atollic/truestudio for stm32 9.0.1/armtools/bin/../lib/gcc/arm-atollic-eabi/6.3.1/armv7-m/crtn.o
OUTPUT(Stratos-V2.elf elf32-littlearm)

.debug_info     0x00000000    0x186b6
 .debug_info    0x00000000      0x551 SPL\src\misc.o
 .debug_info    0x00000551      0xc92 SPL\src\stm32f2xx_adc.o
 .debug_info    0x000011e3      0x6a8 SPL\src\stm32f2xx_dac.o
 .debug_info    0x0000188b      0x745 SPL\src\stm32f2xx_dma.o
 .debug_info    0x00001fd0      0x7eb SPL\src\stm32f2xx_gpio.o
 .debug_info    0x000027bb      0xbc5 SPL\src\stm32f2xx_i2c.o
 .debug_info    0x00003380      0x218 SPL\src\stm32f2xx_iwdg.o
 .debug_info    0x00003598      0xca9 SPL\src\stm32f2xx_rcc.o
 .debug_info    0x00004241      0x849 SPL\src\stm32f2xx_sdio.o
 .debug_info    0x00004a8a     0x210a SPL\src\stm32f2xx_tim.o
 .debug_info    0x00006b94      0xb3a SPL\src\stm32f2xx_usart.o
 .debug_info    0x000076ce      0x713 src\ADC.o
 .debug_info    0x00007de1     0x11ab src\AF.o
 .debug_info    0x00008f8c      0xa39 src\DAC.o
 .debug_info    0x000099c5      0x2a1 src\MCP9800.o
 .debug_info    0x00009c66      0x621 src\MS5607.o
 .debug_info    0x0000a287      0x246 src\RingBuffer.o
 .debug_info    0x0000a4cd       0xad src\Sine_table.o
 .debug_info    0x0000a57a     0x1482 src\commands.o
 .debug_info    0x0000b9fc      0x4a8 src\fatfs\diskio.o
 .debug_info    0x0000bea4     0x2967 src\fatfs\ff.o
 .debug_info    0x0000e80b      0x264 src\fatfs\stm32_ub_atadrive.o
 .debug_info    0x0000ea6f     0x3280 src\fatfs\stm32_ub_sdcard.o
 .debug_info    0x00011cef      0x264 src\fatfs\stm32_ub_usbdisk.o
 .debug_info    0x00011f53     0x138c src\i2c.o
 .debug_info    0x000132df     0x232e src\main.o
 .debug_info    0x0001560d     0x1e06 src\position.o
 .debug_info    0x00017413       0x9d src\startup_stm32f2xx.o
 .debug_info    0x000174b0      0xa97 src\stm32_ub_fatfs.o
 .debug_info    0x00017f47      0x55d src\system_stm32f2xx.o
 .debug_info    0x000184a4      0x212 src\watchdog.o

.debug_abbrev   0x00000000     0x366b
 .debug_abbrev  0x00000000      0x181 SPL\src\misc.o
 .debug_abbrev  0x00000181      0x1e6 SPL\src\stm32f2xx_adc.o
 .debug_abbrev  0x00000367      0x1db SPL\src\stm32f2xx_dac.o
 .debug_abbrev  0x00000542      0x177 SPL\src\stm32f2xx_dma.o
 .debug_abbrev  0x000006b9      0x1f3 SPL\src\stm32f2xx_gpio.o
 .debug_abbrev  0x000008ac      0x1db SPL\src\stm32f2xx_i2c.o
 .debug_abbrev  0x00000a87      0x13d SPL\src\stm32f2xx_iwdg.o
 .debug_abbrev  0x00000bc4      0x21e SPL\src\stm32f2xx_rcc.o
 .debug_abbrev  0x00000de2      0x1b8 SPL\src\stm32f2xx_sdio.o
 .debug_abbrev  0x00000f9a      0x1d1 SPL\src\stm32f2xx_tim.o
 .debug_abbrev  0x0000116b      0x1cc SPL\src\stm32f2xx_usart.o
 .debug_abbrev  0x00001337      0x1a2 src\ADC.o
 .debug_abbrev  0x000014d9      0x288 src\AF.o
 .debug_abbrev  0x00001761      0x177 src\DAC.o
 .debug_abbrev  0x000018d8      0x133 src\MCP9800.o
 .debug_abbrev  0x00001a0b      0x179 src\MS5607.o
 .debug_abbrev  0x00001b84      0x126 src\RingBuffer.o
 .debug_abbrev  0x00001caa       0x5d src\Sine_table.o
 .debug_abbrev  0x00001d07      0x2c8 src\commands.o
 .debug_abbrev  0x00001fcf      0x1a4 src\fatfs\diskio.o
 .debug_abbrev  0x00002173      0x204 src\fatfs\ff.o
 .debug_abbrev  0x00002377       0xf6 src\fatfs\stm32_ub_atadrive.o
 .debug_abbrev  0x0000246d      0x33e src\fatfs\stm32_ub_sdcard.o
 .debug_abbrev  0x000027ab       0xf6 src\fatfs\stm32_ub_usbdisk.o
 .debug_abbrev  0x000028a1      0x21e src\i2c.o
 .debug_abbrev  0x00002abf      0x377 src\main.o
 .debug_abbrev  0x00002e36      0x3bd src\position.o
 .debug_abbrev  0x000031f3       0x14 src\startup_stm32f2xx.o
 .debug_abbrev  0x00003207      0x20b src\stm32_ub_fatfs.o
 .debug_abbrev  0x00003412      0x140 src\system_stm32f2xx.o
 .debug_abbrev  0x00003552      0x119 src\watchdog.o

.debug_loc      0x00000000     0xc14f
 .debug_loc     0x00000000      0x138 SPL\src\misc.o
 .debug_loc     0x00000138      0x910 SPL\src\stm32f2xx_adc.o
 .debug_loc     0x00000a48      0x55c SPL\src\stm32f2xx_dac.o
 .debug_loc     0x00000fa4      0x428 SPL\src\stm32f2xx_dma.o
 .debug_loc     0x000013cc      0x3a9 SPL\src\stm32f2xx_gpio.o
 .debug_loc     0x00001775      0x677 SPL\src\stm32f2xx_i2c.o
 .debug_loc     0x00001dec       0x65 SPL\src\stm32f2xx_iwdg.o
 .debug_loc     0x00001e51      0xa1a SPL\src\stm32f2xx_rcc.o
 .debug_loc     0x0000286b      0x232 SPL\src\stm32f2xx_sdio.o
 .debug_loc     0x00002a9d     0x1941 SPL\src\stm32f2xx_tim.o
 .debug_loc     0x000043de      0x7a1 SPL\src\stm32f2xx_usart.o
 .debug_loc     0x00004b7f       0xbd src\ADC.o
 .debug_loc     0x00004c3c      0x10e src\AF.o
 .debug_loc     0x00004d4a       0x3a src\DAC.o
 .debug_loc     0x00004d84       0x89 src\MCP9800.o
 .debug_loc     0x00004e0d      0x2e4 src\MS5607.o
 .debug_loc     0x000050f1       0xce src\RingBuffer.o
 .debug_loc     0x000051bf       0x7e src\commands.o
 .debug_loc     0x0000523d      0x668 src\fatfs\diskio.o
 .debug_loc     0x000058a5     0x38ae src\fatfs\ff.o
 .debug_loc     0x00009153       0x63 src\fatfs\stm32_ub_atadrive.o
 .debug_loc     0x000091b6     0x177b src\fatfs\stm32_ub_sdcard.o
 .debug_loc     0x0000a931       0x63 src\fatfs\stm32_ub_usbdisk.o
 .debug_loc     0x0000a994      0x5f1 src\i2c.o
 .debug_loc     0x0000af85      0x2c1 src\main.o
 .debug_loc     0x0000b246      0x53c src\position.o
 .debug_loc     0x0000b782      0x837 src\stm32_ub_fatfs.o
 .debug_loc     0x0000bfb9      0x13e src\system_stm32f2xx.o
 .debug_loc     0x0000c0f7       0x58 src\watchdog.o

.debug_aranges  0x00000000     0x1328
 .debug_aranges
                0x00000000       0x40 SPL\src\misc.o
 .debug_aranges
                0x00000040      0x148 SPL\src\stm32f2xx_adc.o
 .debug_aranges
                0x00000188       0xa0 SPL\src\stm32f2xx_dac.o
 .debug_aranges
                0x00000228       0xb0 SPL\src\stm32f2xx_dma.o
 .debug_aranges
                0x000002d8       0x88 SPL\src\stm32f2xx_gpio.o
 .debug_aranges
                0x00000360      0x120 SPL\src\stm32f2xx_i2c.o
 .debug_aranges
                0x00000480       0x48 SPL\src\stm32f2xx_iwdg.o
 .debug_aranges
                0x000004c8      0x178 SPL\src\stm32f2xx_rcc.o
 .debug_aranges
                0x00000640      0x108 SPL\src\stm32f2xx_sdio.o
 .debug_aranges
                0x00000748      0x2f8 SPL\src\stm32f2xx_tim.o
 .debug_aranges
                0x00000a40      0x100 SPL\src\stm32f2xx_usart.o
 .debug_aranges
                0x00000b40       0x30 src\ADC.o
 .debug_aranges
                0x00000b70       0x30 src\AF.o
 .debug_aranges
                0x00000ba0       0x38 src\DAC.o
 .debug_aranges
                0x00000bd8       0x28 src\MCP9800.o
 .debug_aranges
                0x00000c00       0x30 src\MS5607.o
 .debug_aranges
                0x00000c30       0x38 src\RingBuffer.o
 .debug_aranges
                0x00000c68       0x18 src\Sine_table.o
 .debug_aranges
                0x00000c80       0x48 src\commands.o
 .debug_aranges
                0x00000cc8       0x48 src\fatfs\diskio.o
 .debug_aranges
                0x00000d10      0x198 src\fatfs\ff.o
 .debug_aranges
                0x00000ea8       0x50 src\fatfs\stm32_ub_atadrive.o
 .debug_aranges
                0x00000ef8      0x1a8 src\fatfs\stm32_ub_sdcard.o
 .debug_aranges
                0x000010a0       0x50 src\fatfs\stm32_ub_usbdisk.o
 .debug_aranges
                0x000010f0       0x60 src\i2c.o
 .debug_aranges
                0x00001150       0x48 src\main.o
 .debug_aranges
                0x00001198       0xa0 src\position.o
 .debug_aranges
                0x00001238       0x20 src\startup_stm32f2xx.o
 .debug_aranges
                0x00001258       0x78 src\stm32_ub_fatfs.o
 .debug_aranges
                0x000012d0       0x30 src\system_stm32f2xx.o
 .debug_aranges
                0x00001300       0x28 src\watchdog.o

.debug_ranges   0x00000000     0x11e0
 .debug_ranges  0x00000000       0x30 SPL\src\misc.o
 .debug_ranges  0x00000030      0x138 SPL\src\stm32f2xx_adc.o
 .debug_ranges  0x00000168       0x90 SPL\src\stm32f2xx_dac.o
 .debug_ranges  0x000001f8       0xa0 SPL\src\stm32f2xx_dma.o
 .debug_ranges  0x00000298       0x78 SPL\src\stm32f2xx_gpio.o
 .debug_ranges  0x00000310      0x110 SPL\src\stm32f2xx_i2c.o
 .debug_ranges  0x00000420       0x38 SPL\src\stm32f2xx_iwdg.o
 .debug_ranges  0x00000458      0x168 SPL\src\stm32f2xx_rcc.o
 .debug_ranges  0x000005c0       0xf8 SPL\src\stm32f2xx_sdio.o
 .debug_ranges  0x000006b8      0x2e8 SPL\src\stm32f2xx_tim.o
 .debug_ranges  0x000009a0       0xf0 SPL\src\stm32f2xx_usart.o
 .debug_ranges  0x00000a90       0x38 src\ADC.o
 .debug_ranges  0x00000ac8       0x50 src\AF.o
 .debug_ranges  0x00000b18       0x28 src\DAC.o
 .debug_ranges  0x00000b40       0x18 src\MCP9800.o
 .debug_ranges  0x00000b58       0x38 src\MS5607.o
 .debug_ranges  0x00000b90       0x28 src\RingBuffer.o
 .debug_ranges  0x00000bb8       0x38 src\commands.o
 .debug_ranges  0x00000bf0       0x38 src\fatfs\diskio.o
 .debug_ranges  0x00000c28      0x1b8 src\fatfs\ff.o
 .debug_ranges  0x00000de0       0x40 src\fatfs\stm32_ub_atadrive.o
 .debug_ranges  0x00000e20      0x198 src\fatfs\stm32_ub_sdcard.o
 .debug_ranges  0x00000fb8       0x40 src\fatfs\stm32_ub_usbdisk.o
 .debug_ranges  0x00000ff8       0x50 src\i2c.o
 .debug_ranges  0x00001048       0x50 src\main.o
 .debug_ranges  0x00001098       0xa8 src\position.o
 .debug_ranges  0x00001140       0x68 src\stm32_ub_fatfs.o
 .debug_ranges  0x000011a8       0x20 src\system_stm32f2xx.o
 .debug_ranges  0x000011c8       0x18 src\watchdog.o

.debug_line     0x00000000     0x8026
 .debug_line    0x00000000      0x26a SPL\src\misc.o
 .debug_line    0x0000026a      0x574 SPL\src\stm32f2xx_adc.o
 .debug_line    0x000007de      0x382 SPL\src\stm32f2xx_dac.o
 .debug_line    0x00000b60      0x41c SPL\src\stm32f2xx_dma.o
 .debug_line    0x00000f7c      0x367 SPL\src\stm32f2xx_gpio.o
 .debug_line    0x000012e3      0x4e4 SPL\src\stm32f2xx_i2c.o
 .debug_line    0x000017c7      0x209 SPL\src\stm32f2xx_iwdg.o
 .debug_line    0x000019d0      0x595 SPL\src\stm32f2xx_rcc.o
 .debug_line    0x00001f65      0x461 SPL\src\stm32f2xx_sdio.o
 .debug_line    0x000023c6      0xa48 SPL\src\stm32f2xx_tim.o
 .debug_line    0x00002e0e      0x4b5 SPL\src\stm32f2xx_usart.o
 .debug_line    0x000032c3      0x2ec src\ADC.o
 .debug_line    0x000035af      0x415 src\AF.o
 .debug_line    0x000039c4      0x2c2 src\DAC.o
 .debug_line    0x00003c86      0x21f src\MCP9800.o
 .debug_line    0x00003ea5      0x2a1 src\MS5607.o
 .debug_line    0x00004146      0x1d8 src\RingBuffer.o
 .debug_line    0x0000431e      0x119 src\Sine_table.o
 .debug_line    0x00004437      0x490 src\commands.o
 .debug_line    0x000048c7      0x2a0 src\fatfs\diskio.o
 .debug_line    0x00004b67      0xccb src\fatfs\ff.o
 .debug_line    0x00005832      0x214 src\fatfs\stm32_ub_atadrive.o
 .debug_line    0x00005a46      0xb90 src\fatfs\stm32_ub_sdcard.o
 .debug_line    0x000065d6      0x213 src\fatfs\stm32_ub_usbdisk.o
 .debug_line    0x000067e9      0x3fa src\i2c.o
 .debug_line    0x00006be3      0x5b2 src\main.o
 .debug_line    0x00007195      0x621 src\position.o
 .debug_line    0x000077b6       0x69 src\startup_stm32f2xx.o
 .debug_line    0x0000781f      0x3cb src\stm32_ub_fatfs.o
 .debug_line    0x00007bea      0x1fb src\system_stm32f2xx.o
 .debug_line    0x00007de5      0x241 src\watchdog.o

.debug_str      0x00000000     0x5834
 .debug_str     0x00000000      0x3d9 SPL\src\misc.o
                                0x432 (size before relaxing)
 .debug_str     0x000003d9      0x63d SPL\src\stm32f2xx_adc.o
                                0x87f (size before relaxing)
 .debug_str     0x00000a16      0x25e SPL\src\stm32f2xx_dac.o
                                0x4ce (size before relaxing)
 .debug_str     0x00000c74      0x356 SPL\src\stm32f2xx_dma.o
                                0x5a6 (size before relaxing)
 .debug_str     0x00000fca      0x30c SPL\src\stm32f2xx_gpio.o
                                0x51e (size before relaxing)
 .debug_str     0x000012d6      0x434 SPL\src\stm32f2xx_i2c.o
                                0x6f2 (size before relaxing)
 .debug_str     0x0000170a       0xba SPL\src\stm32f2xx_iwdg.o
                                0x2d0 (size before relaxing)
 .debug_str     0x000017c4      0x544 SPL\src\stm32f2xx_rcc.o
                                0x8b4 (size before relaxing)
 .debug_str     0x00001d08      0x458 SPL\src\stm32f2xx_sdio.o
                                0x6bb (size before relaxing)
 .debug_str     0x00002160      0xb47 SPL\src\stm32f2xx_tim.o
                                0xe62 (size before relaxing)
 .debug_str     0x00002ca7      0x402 SPL\src\stm32f2xx_usart.o
                                0x733 (size before relaxing)
 .debug_str     0x000030a9       0x61 src\ADC.o
                                0x641 (size before relaxing)
 .debug_str     0x0000310a      0x998 src\AF.o
                                0xeb8 (size before relaxing)
 .debug_str     0x00003aa2       0x24 src\DAC.o
                                0x7ce (size before relaxing)
 .debug_str     0x00003ac6       0x51 src\MCP9800.o
                                0x2d0 (size before relaxing)
 .debug_str     0x00003b17       0xa5 src\MS5607.o
                                0x337 (size before relaxing)
 .debug_str     0x00003bbc       0xdf src\RingBuffer.o
                                0x28d (size before relaxing)
 .debug_str     0x00003c9b       0x14 src\Sine_table.o
                                0x1be (size before relaxing)
 .debug_str     0x00003caf      0x12a src\commands.o
                               0x10cd (size before relaxing)
 .debug_str     0x00003dd9      0x163 src\fatfs\diskio.o
                                0x390 (size before relaxing)
 .debug_str     0x00003f3c      0x488 src\fatfs\ff.o
                                0x6d5 (size before relaxing)
 .debug_str     0x000043c4       0x52 src\fatfs\stm32_ub_atadrive.o
                                0x2a4 (size before relaxing)
 .debug_str     0x00004416      0xbff src\fatfs\stm32_ub_sdcard.o
                               0x1adf (size before relaxing)
 .debug_str     0x00005015       0x47 src\fatfs\stm32_ub_usbdisk.o
                                0x2a2 (size before relaxing)
 .debug_str     0x0000505c       0x75 src\i2c.o
                                0x636 (size before relaxing)
 .debug_str     0x000050d1      0x3e7 src\main.o
                               0x1305 (size before relaxing)
 .debug_str     0x000054b8      0x228 src\position.o
                               0x1395 (size before relaxing)
 .debug_str     0x000056e0       0xcf src\stm32_ub_fatfs.o
                                0x6e3 (size before relaxing)
 .debug_str     0x000057af       0x63 src\system_stm32f2xx.o
                                0x3c1 (size before relaxing)
 .debug_str     0x00005812       0x22 src\watchdog.o
                                0x2af (size before relaxing)

.comment        0x00000000       0x7c
 .comment       0x00000000       0x7c SPL\src\misc.o
                                 0x7d (size before relaxing)
 .comment       0x0000007c       0x7d SPL\src\stm32f2xx_adc.o
 .comment       0x0000007c       0x7d SPL\src\stm32f2xx_dac.o
 .comment       0x0000007c       0x7d SPL\src\stm32f2xx_dma.o
 .comment       0x0000007c       0x7d SPL\src\stm32f2xx_gpio.o
 .comment       0x0000007c       0x7d SPL\src\stm32f2xx_i2c.o
 .comment       0x0000007c       0x7d SPL\src\stm32f2xx_iwdg.o
 .comment       0x0000007c       0x7d SPL\src\stm32f2xx_rcc.o
 .comment       0x0000007c       0x7d SPL\src\stm32f2xx_sdio.o
 .comment       0x0000007c       0x7d SPL\src\stm32f2xx_tim.o
 .comment       0x0000007c       0x7d SPL\src\stm32f2xx_usart.o
 .comment       0x0000007c       0x7d src\ADC.o
 .comment       0x0000007c       0x7d src\AF.o
 .comment       0x0000007c       0x7d src\DAC.o
 .comment       0x0000007c       0x7d src\MCP9800.o
 .comment       0x0000007c       0x7d src\MS5607.o
 .comment       0x0000007c       0x7d src\RingBuffer.o
 .comment       0x0000007c       0x7d src\Sine_table.o
 .comment       0x0000007c       0x7d src\commands.o
 .comment       0x0000007c       0x7d src\fatfs\diskio.o
 .comment       0x0000007c       0x7d src\fatfs\ff.o
 .comment       0x0000007c       0x7d src\fatfs\stm32_ub_atadrive.o
 .comment       0x0000007c       0x7d src\fatfs\stm32_ub_sdcard.o
 .comment       0x0000007c       0x7d src\fatfs\stm32_ub_usbdisk.o
 .comment       0x0000007c       0x7d src\i2c.o
 .comment       0x0000007c       0x7d src\main.o
 .comment       0x0000007c       0x7d src\position.o
 .comment       0x0000007c       0x7d src\stm32_ub_fatfs.o
 .comment       0x0000007c       0x7d src\system_stm32f2xx.o
 .comment       0x0000007c       0x7d src\watchdog.o

.debug_frame    0x00000000     0x3364
 .debug_frame   0x00000000       0x6c SPL\src\misc.o
 .debug_frame   0x0000006c      0x2d4 SPL\src\stm32f2xx_adc.o
 .debug_frame   0x00000340      0x14c SPL\src\stm32f2xx_dac.o
 .debug_frame   0x0000048c      0x158 SPL\src\stm32f2xx_dma.o
 .debug_frame   0x000005e4      0x120 SPL\src\stm32f2xx_gpio.o
 .debug_frame   0x00000704      0x254 SPL\src\stm32f2xx_i2c.o
 .debug_frame   0x00000958       0x70 SPL\src\stm32f2xx_iwdg.o
 .debug_frame   0x000009c8      0x2ec SPL\src\stm32f2xx_rcc.o
 .debug_frame   0x00000cb4      0x224 SPL\src\stm32f2xx_sdio.o
 .debug_frame   0x00000ed8      0x6d8 SPL\src\stm32f2xx_tim.o
 .debug_frame   0x000015b0      0x224 SPL\src\stm32f2xx_usart.o
 .debug_frame   0x000017d4       0x68 src\ADC.o
 .debug_frame   0x0000183c       0x60 src\AF.o
 .debug_frame   0x0000189c       0x88 src\DAC.o
 .debug_frame   0x00001924       0x3c src\MCP9800.o
 .debug_frame   0x00001960       0x68 src\MS5607.o
 .debug_frame   0x000019c8       0x50 src\RingBuffer.o
 .debug_frame   0x00001a18       0xcc src\commands.o
 .debug_frame   0x00001ae4       0x98 src\fatfs\diskio.o
 .debug_frame   0x00001b7c      0x618 src\fatfs\ff.o
 .debug_frame   0x00002194       0x80 src\fatfs\stm32_ub_atadrive.o
 .debug_frame   0x00002214      0x5a4 src\fatfs\stm32_ub_sdcard.o
 .debug_frame   0x000027b8       0x80 src\fatfs\stm32_ub_usbdisk.o
 .debug_frame   0x00002838      0x11c src\i2c.o
 .debug_frame   0x00002954       0x9c src\main.o
 .debug_frame   0x000029f0      0x1c4 src\position.o
 .debug_frame   0x00002bb4      0x154 src\stm32_ub_fatfs.o
 .debug_frame   0x00002d08       0x48 src\system_stm32f2xx.o
 .debug_frame   0x00002d50       0x44 src\watchdog.o
 .debug_frame   0x00002d94       0x30 c:/program files (x86)/atollic/truestudio for stm32 9.0.1/armtools/bin/../lib/gcc/arm-atollic-eabi/6.3.1/../../../../arm-atollic-eabi/lib/armv7-m\libc_nano.a(lib_a-atoi.o)
 .debug_frame   0x00002dc4       0x2c c:/program files (x86)/atollic/truestudio for stm32 9.0.1/armtools/bin/../lib/gcc/arm-atollic-eabi/6.3.1/../../../../arm-atollic-eabi/lib/armv7-m\libc_nano.a(lib_a-init.o)
 .debug_frame   0x00002df0       0x28 c:/program files (x86)/atollic/truestudio for stm32 9.0.1/armtools/bin/../lib/gcc/arm-atollic-eabi/6.3.1/../../../../arm-atollic-eabi/lib/armv7-m\libc_nano.a(lib_a-memcpy-stub.o)
 .debug_frame   0x00002e18       0x7c c:/program files (x86)/atollic/truestudio for stm32 9.0.1/armtools/bin/../lib/gcc/arm-atollic-eabi/6.3.1/../../../../arm-atollic-eabi/lib/armv7-m\libc_nano.a(lib_a-snprintf.o)
 .debug_frame   0x00002e94       0x30 c:/program files (x86)/atollic/truestudio for stm32 9.0.1/armtools/bin/../lib/gcc/arm-atollic-eabi/6.3.1/../../../../arm-atollic-eabi/lib/armv7-m\libc_nano.a(lib_a-strcasecmp.o)
 .debug_frame   0x00002ec4       0x2c c:/program files (x86)/atollic/truestudio for stm32 9.0.1/armtools/bin/../lib/gcc/arm-atollic-eabi/6.3.1/../../../../arm-atollic-eabi/lib/armv7-m\libc_nano.a(lib_a-strncat.o)
 .debug_frame   0x00002ef0       0x28 c:/program files (x86)/atollic/truestudio for stm32 9.0.1/armtools/bin/../lib/gcc/arm-atollic-eabi/6.3.1/../../../../arm-atollic-eabi/lib/armv7-m\libc_nano.a(lib_a-strncmp.o)
 .debug_frame   0x00002f18       0x88 c:/program files (x86)/atollic/truestudio for stm32 9.0.1/armtools/bin/../lib/gcc/arm-atollic-eabi/6.3.1/../../../../arm-atollic-eabi/lib/armv7-m\libc_nano.a(lib_a-strtol.o)
 .debug_frame   0x00002fa0       0x68 c:/program files (x86)/atollic/truestudio for stm32 9.0.1/armtools/bin/../lib/gcc/arm-atollic-eabi/6.3.1/../../../../arm-atollic-eabi/lib/armv7-m\libc_nano.a(lib_a-locale.o)
 .debug_frame   0x00003008       0x48 c:/program files (x86)/atollic/truestudio for stm32 9.0.1/armtools/bin/../lib/gcc/arm-atollic-eabi/6.3.1/../../../../arm-atollic-eabi/lib/armv7-m\libc_nano.a(lib_a-mbtowc_r.o)
 .debug_frame   0x00003050       0x90 c:/program files (x86)/atollic/truestudio for stm32 9.0.1/armtools/bin/../lib/gcc/arm-atollic-eabi/6.3.1/../../../../arm-atollic-eabi/lib/armv7-m\libc_nano.a(lib_a-nano-svfprintf.o)
 .debug_frame   0x000030e0       0x60 c:/program files (x86)/atollic/truestudio for stm32 9.0.1/armtools/bin/../lib/gcc/arm-atollic-eabi/6.3.1/../../../../arm-atollic-eabi/lib/armv7-m\libc_nano.a(lib_a-nano-vfprintf_i.o)
 .debug_frame   0x00003140       0x3c c:/program files (x86)/atollic/truestudio for stm32 9.0.1/armtools/bin/../lib/gcc/arm-atollic-eabi/6.3.1/../../../../arm-atollic-eabi/lib/armv7-m\libc_nano.a(lib_a-wctomb_r.o)
 .debug_frame   0x0000317c       0x28 c:/program files (x86)/atollic/truestudio for stm32 9.0.1/armtools/bin/../lib/gcc/arm-atollic-eabi/6.3.1/../../../../arm-atollic-eabi/lib/armv7-m\libc_nano.a(lib_a-memchr-stub.o)
 .debug_frame   0x000031a4       0x28 c:/program files (x86)/atollic/truestudio for stm32 9.0.1/armtools/bin/../lib/gcc/arm-atollic-eabi/6.3.1/../../../../arm-atollic-eabi/lib/armv7-m\libc_nano.a(lib_a-memmove.o)
 .debug_frame   0x000031cc       0x38 c:/program files (x86)/atollic/truestudio for stm32 9.0.1/armtools/bin/../lib/gcc/arm-atollic-eabi/6.3.1/../../../../arm-atollic-eabi/lib/armv7-m\libc_nano.a(lib_a-nano-freer.o)
 .debug_frame   0x00003204       0x2c c:/program files (x86)/atollic/truestudio for stm32 9.0.1/armtools/bin/../lib/gcc/arm-atollic-eabi/6.3.1/../../../../arm-atollic-eabi/lib/armv7-m\libc_nano.a(lib_a-nano-mallocr.o)
 .debug_frame   0x00003230       0x3c c:/program files (x86)/atollic/truestudio for stm32 9.0.1/armtools/bin/../lib/gcc/arm-atollic-eabi/6.3.1/../../../../arm-atollic-eabi/lib/armv7-m\libc_nano.a(lib_a-nano-reallocr.o)
 .debug_frame   0x0000326c       0x2c c:/program files (x86)/atollic/truestudio for stm32 9.0.1/armtools/bin/../lib/gcc/arm-atollic-eabi/6.3.1/../../../../arm-atollic-eabi/lib/armv7-m\libc_nano.a(lib_a-sbrkr.o)
 .debug_frame   0x00003298       0x30 c:/program files (x86)/atollic/truestudio for stm32 9.0.1/armtools/bin/../lib/gcc/arm-atollic-eabi/6.3.1/../../../../arm-atollic-eabi/lib/armv7-m\libc_nano.a(lib_a-mlock.o)
 .debug_frame   0x000032c8       0x20 c:/program files (x86)/atollic/truestudio for stm32 9.0.1/armtools/bin/../lib/gcc/arm-atollic-eabi/6.3.1/../../../../arm-atollic-eabi/lib/armv7-m\libc_nano.a(lib_a-nano-msizer.o)
 .debug_frame   0x000032e8       0x5c c:/program files (x86)/atollic/truestudio for stm32 9.0.1/armtools/bin/../lib/gcc/arm-atollic-eabi/6.3.1/../../../../arm-atollic-eabi/lib/armv7-m\libc_nano.a(lib_a-reent.o)
 .debug_frame   0x00003344       0x20 c:/program files (x86)/atollic/truestudio for stm32 9.0.1/armtools/bin/../lib/gcc/arm-atollic-eabi/6.3.1/../../../../arm-atollic-eabi/lib/armv7-m\libnosys.a(sbrk.o)

Cross Reference Table

Symbol                                            File
ADC_AnalogWatchdogCmd                             SPL\src\stm32f2xx_adc.o
ADC_AnalogWatchdogSingleChannelConfig             SPL\src\stm32f2xx_adc.o
ADC_AnalogWatchdogThresholdsConfig                SPL\src\stm32f2xx_adc.o
ADC_AutoInjectedConvCmd                           SPL\src\stm32f2xx_adc.o
ADC_ClearFlag                                     SPL\src\stm32f2xx_adc.o
ADC_ClearITPendingBit                             SPL\src\stm32f2xx_adc.o
ADC_Cmd                                           SPL\src\stm32f2xx_adc.o
                                                  src\ADC.o
ADC_CommonInit                                    SPL\src\stm32f2xx_adc.o
                                                  src\ADC.o
ADC_CommonStructInit                              SPL\src\stm32f2xx_adc.o
ADC_ContinuousModeCmd                             SPL\src\stm32f2xx_adc.o
ADC_DMACmd                                        SPL\src\stm32f2xx_adc.o
ADC_DMARequestAfterLastTransferCmd                SPL\src\stm32f2xx_adc.o
ADC_DeInit                                        SPL\src\stm32f2xx_adc.o
ADC_DiscModeChannelCountConfig                    SPL\src\stm32f2xx_adc.o
ADC_DiscModeCmd                                   SPL\src\stm32f2xx_adc.o
ADC_EOCOnEachRegularChannelCmd                    SPL\src\stm32f2xx_adc.o
ADC_ExternalTrigInjectedConvConfig                SPL\src\stm32f2xx_adc.o
ADC_ExternalTrigInjectedConvEdgeConfig            SPL\src\stm32f2xx_adc.o
ADC_GetConversionValue                            SPL\src\stm32f2xx_adc.o
                                                  src\ADC.o
ADC_GetFlagStatus                                 SPL\src\stm32f2xx_adc.o
                                                  src\ADC.o
ADC_GetITStatus                                   SPL\src\stm32f2xx_adc.o
ADC_GetInjectedConversionValue                    SPL\src\stm32f2xx_adc.o
ADC_GetMultiModeConversionValue                   SPL\src\stm32f2xx_adc.o
ADC_GetSoftwareStartConvStatus                    SPL\src\stm32f2xx_adc.o
ADC_GetSoftwareStartInjectedConvCmdStatus         SPL\src\stm32f2xx_adc.o
ADC_ITConfig                                      SPL\src\stm32f2xx_adc.o
ADC_Init                                          SPL\src\stm32f2xx_adc.o
                                                  src\ADC.o
ADC_InjectedChannelConfig                         SPL\src\stm32f2xx_adc.o
ADC_InjectedDiscModeCmd                           SPL\src\stm32f2xx_adc.o
ADC_InjectedSequencerLengthConfig                 SPL\src\stm32f2xx_adc.o
ADC_MultiModeDMARequestAfterLastTransferCmd       SPL\src\stm32f2xx_adc.o
ADC_RegularChannelConfig                          SPL\src\stm32f2xx_adc.o
                                                  src\ADC.o
ADC_SetInjectedOffset                             SPL\src\stm32f2xx_adc.o
ADC_SoftwareStartConv                             SPL\src\stm32f2xx_adc.o
                                                  src\ADC.o
ADC_SoftwareStartInjectedConv                     SPL\src\stm32f2xx_adc.o
ADC_StructInit                                    SPL\src\stm32f2xx_adc.o
                                                  src\ADC.o
ADC_TempSensorVrefintCmd                          SPL\src\stm32f2xx_adc.o
ADC_VBATCmd                                       SPL\src\stm32f2xx_adc.o
AHBPrescTable                                     src\system_stm32f2xx.o
ATA_disk_initialize                               src\fatfs\stm32_ub_atadrive.o
                                                  src\fatfs\diskio.o
ATA_disk_ioctl                                    src\fatfs\stm32_ub_atadrive.o
                                                  src\fatfs\diskio.o
ATA_disk_read                                     src\fatfs\stm32_ub_atadrive.o
                                                  src\fatfs\diskio.o
ATA_disk_status                                   src\fatfs\stm32_ub_atadrive.o
                                                  src\fatfs\diskio.o
ATA_disk_write                                    src\fatfs\stm32_ub_atadrive.o
                                                  src\fatfs\diskio.o
DAC_ClearFlag                                     SPL\src\stm32f2xx_dac.o
DAC_ClearITPendingBit                             SPL\src\stm32f2xx_dac.o
DAC_Cmd                                           SPL\src\stm32f2xx_dac.o
                                                  src\DAC.o
DAC_DMACmd                                        SPL\src\stm32f2xx_dac.o
                                                  src\DAC.o
DAC_DeInit                                        SPL\src\stm32f2xx_dac.o
DAC_DualSoftwareTriggerCmd                        SPL\src\stm32f2xx_dac.o
DAC_GetDataOutputValue                            SPL\src\stm32f2xx_dac.o
DAC_GetFlagStatus                                 SPL\src\stm32f2xx_dac.o
DAC_GetITStatus                                   SPL\src\stm32f2xx_dac.o
DAC_ITConfig                                      SPL\src\stm32f2xx_dac.o
DAC_Init                                          SPL\src\stm32f2xx_dac.o
                                                  src\DAC.o
DAC_InitStruct                                    src\DAC.o
DAC_SetChannel1Data                               SPL\src\stm32f2xx_dac.o
DAC_SetChannel2Data                               SPL\src\stm32f2xx_dac.o
DAC_SetDualChannelData                            SPL\src\stm32f2xx_dac.o
DAC_SoftwareTriggerCmd                            SPL\src\stm32f2xx_dac.o
DAC_StructInit                                    SPL\src\stm32f2xx_dac.o
DAC_WaveGenerationCmd                             SPL\src\stm32f2xx_dac.o
DMA2_Stream3_IRQHandler                           src\fatfs\stm32_ub_sdcard.o
                                                  src\startup_stm32f2xx.o
DMAEndOfTransfer                                  src\fatfs\stm32_ub_sdcard.o
DMA_ClearFlag                                     SPL\src\stm32f2xx_dma.o
                                                  src\fatfs\stm32_ub_sdcard.o
DMA_ClearITPendingBit                             SPL\src\stm32f2xx_dma.o
DMA_Cmd                                           SPL\src\stm32f2xx_dma.o
                                                  src\fatfs\stm32_ub_sdcard.o
                                                  src\DAC.o
DMA_DeInit                                        SPL\src\stm32f2xx_dma.o
                                                  src\fatfs\stm32_ub_sdcard.o
                                                  src\DAC.o
DMA_DoubleBufferModeCmd                           SPL\src\stm32f2xx_dma.o
DMA_DoubleBufferModeConfig                        SPL\src\stm32f2xx_dma.o
DMA_FlowControllerConfig                          SPL\src\stm32f2xx_dma.o
                                                  src\fatfs\stm32_ub_sdcard.o