ff.c:539:6:mem_cpy	0	static
ff.c:1897:6:get_fileinfo	12	static
ff.c:2235:9:validate	8	static
ff.c:1239:7:ld_clust.isra.0	0	static
ff.c:2041:6:check_fs	8	static
ff.c:2067:9:chk_mounted	24	static
ff.c:732:9:sync_window.part.3	24	static
ff.c:732:9:sync_window	0	static
ff.c:758:9:move_window	16	static
ff.c:784:9:sync_fs	8	static
ff.c:824:7:clust2sect	0	static
ff.c:842:7:get_fat	24	static
ff.c:1088:9:dir_sdi	16	static
ff.c:1642:9:dir_remove	8	static
ff.c:885:9:put_fat	24	static
ff.c:1001:7:create_chain	24	static
ff.c:1136:9:dir_next	32	static
ff.c:1979:9:follow_path	32	static
ff.c:1506:9:dir_read.constprop	8	static
ff.c:1564:9:dir_register	16	static
ff.c:948:9:remove_chain	24	static
ff.c:2268:9:f_mount	0	static
ff.c:2308:9:f_open	80	static
ff.c:2440:9:f_read	48	static
ff.c:2541:9:f_write	48	static
ff.c:2660:9:f_sync	16	static
ff.c:2708:9:f_close	8	static
ff.c:2877:9:f_lseek	24	static
ff.c:3035:9:f_opendir	40	static
ff.c:3082:9:f_readdir	32	static
ff.c:3124:9:f_stat	64	static
ff.c:3157:9:f_getfree	40	static
ff.c:3224:9:f_truncate	16	static
ff.c:3272:9:f_unlink	96	static
ff.c:3341:9:f_mkdir	120	static
ff.c:3414:9:f_chmod	64	static
ff.c:3456:9:f_utime	56	static
ff.c:3497:9:f_rename	120	static
ff.c:4109:8:f_gets	32	static
ff.c:4164:5:f_putc	24	static
ff.c:4208:5:f_puts	16	static
ff.c:4229:5:f_printf	68	static
