stm32_ub_sdcard.c:2043:17:CmdResp2Error	8	static
stm32_ub_sdcard.c:2249:17:IsCardProgramming	24	static
stm32_ub_sdcard.c:1877:17:CmdResp1Error	16	static
stm32_ub_sdcard.c:2403:17:FindSCR.isra.1	40	static
stm32_ub_sdcard.c:2139:17:SDEnWideBus	32	static
stm32_ub_sdcard.c:1622:10:SD_SendStatus.part.3	16	static
stm32_ub_sdcard.c:251:5:MMC_disk_ioctl	0	static
stm32_ub_sdcard.c:415:9:SD_Detect	16	static
stm32_ub_sdcard.c:129:9:UB_SDCard_CheckMedia	16	static
stm32_ub_sdcard.c:170:5:MMC_disk_status	8	static
stm32_ub_sdcard.c:393:13:SD_GetState	16	static
stm32_ub_sdcard.c:372:17:SD_GetStatus	8	static
stm32_ub_sdcard.c:428:10:SD_PowerON	40	static
stm32_ub_sdcard.c:568:10:SD_PowerOFF	8	static
stm32_ub_sdcard.c:579:10:SD_InitializeCards	16	static
stm32_ub_sdcard.c:663:10:SD_GetCardInfo	28	static
stm32_ub_sdcard.c:942:10:SD_EnableWideBusOperation	16	static
stm32_ub_sdcard.c:997:10:SD_SelectDeselect	8	static
stm32_ub_sdcard.c:320:10:SD_Init	16	static
stm32_ub_sdcard.c:146:5:MMC_disk_initialize	8	static
stm32_ub_sdcard.c:1500:17:SD_GetTransferState	0	static
stm32_ub_sdcard.c:1513:10:SD_StopTransfer	8	static
stm32_ub_sdcard.c:1195:10:SD_WaitReadOperation	16	static
stm32_ub_sdcard.c:1454:10:SD_WaitWriteOperation	16	static
stm32_ub_sdcard.c:1531:10:SD_Erase	32	static
stm32_ub_sdcard.c:1622:10:SD_SendStatus	0	static
stm32_ub_sdcard.c:1652:10:SD_SendSDStatus	32	static
stm32_ub_sdcard.c:866:10:SD_GetCardStatus	16	static
stm32_ub_sdcard.c:1765:10:SD_ProcessIRQSrc	8	static
stm32_ub_sdcard.c:1809:6:SD_ProcessDMAIRQ	0	static
stm32_ub_sdcard.c:2508:9:convert_from_bytes_to_power_of_two	0	static
stm32_ub_sdcard.c:2521:10:SD_HighSpeed	104	static
stm32_ub_sdcard.c:2651:6:SD_LowLevel_DeInit	24	static
stm32_ub_sdcard.c:310:6:SD_DeInit	0	static
stm32_ub_sdcard.c:2690:6:SD_LowLevel_Init	32	static
stm32_ub_sdcard.c:114:6:UB_SDCard_Init	16	static
stm32_ub_sdcard.c:2735:6:SD_LowLevel_DMA_TxConfig	80	static
stm32_ub_sdcard.c:1241:10:SD_WriteBlock	32	static
stm32_ub_sdcard.c:1362:10:SD_WriteMultiBlocks	40	static
stm32_ub_sdcard.c:222:5:MMC_disk_write	16	static
stm32_ub_sdcard.c:2772:6:SD_LowLevel_DMA_RxConfig	80	static
stm32_ub_sdcard.c:1015:10:SD_ReadBlock	32	static
stm32_ub_sdcard.c:1134:10:SD_ReadMultiBlocks	32	static
stm32_ub_sdcard.c:193:5:MMC_disk_read	16	static
stm32_ub_sdcard.c:2810:6:SDIO_IRQHandler	0	static
stm32_ub_sdcard.c:2817:6:DMA2_Stream3_IRQHandler	0	static
