stm32f2xx_adc.c:211:6:ADC_DeInit	8	static
stm32f2xx_adc.c:233:6:ADC_Init	4	static
stm32f2xx_adc.c:308:6:ADC_StructInit	0	static
stm32f2xx_adc.c:339:6:ADC_CommonInit	4	static
stm32f2xx_adc.c:375:6:ADC_CommonStructInit	0	static
stm32f2xx_adc.c:397:6:ADC_Cmd	0	static
stm32f2xx_adc.c:455:6:ADC_AnalogWatchdogCmd	0	static
stm32f2xx_adc.c:484:6:ADC_AnalogWatchdogThresholdsConfig	0	static
stm32f2xx_adc.c:525:6:ADC_AnalogWatchdogSingleChannelConfig	0	static
stm32f2xx_adc.c:590:6:ADC_TempSensorVrefintCmd	0	static
stm32f2xx_adc.c:612:6:ADC_VBATCmd	0	static
stm32f2xx_adc.c:713:6:ADC_RegularChannelConfig	12	static
stm32f2xx_adc.c:833:6:ADC_SoftwareStartConv	0	static
stm32f2xx_adc.c:847:12:ADC_GetSoftwareStartConvStatus	0	static
stm32f2xx_adc.c:877:6:ADC_EOCOnEachRegularChannelCmd	0	static
stm32f2xx_adc.c:902:6:ADC_ContinuousModeCmd	0	static
stm32f2xx_adc.c:928:6:ADC_DiscModeChannelCountConfig	0	static
stm32f2xx_adc.c:960:6:ADC_DiscModeCmd	0	static
stm32f2xx_adc.c:983:10:ADC_GetConversionValue	0	static
stm32f2xx_adc.c:1004:10:ADC_GetMultiModeConversionValue	0	static
stm32f2xx_adc.c:1053:6:ADC_DMACmd	0	static
stm32f2xx_adc.c:1077:6:ADC_DMARequestAfterLastTransferCmd	0	static
stm32f2xx_adc.c:1104:6:ADC_MultiModeDMARequestAfterLastTransferCmd	0	static
stm32f2xx_adc.c:1191:6:ADC_InjectedChannelConfig	12	static
stm32f2xx_adc.c:1254:6:ADC_InjectedSequencerLengthConfig	0	static
stm32f2xx_adc.c:1289:6:ADC_SetInjectedOffset	8	static
stm32f2xx_adc.c:1327:6:ADC_ExternalTrigInjectedConvConfig	0	static
stm32f2xx_adc.c:1361:6:ADC_ExternalTrigInjectedConvEdgeConfig	0	static
stm32f2xx_adc.c:1382:6:ADC_SoftwareStartInjectedConv	0	static
stm32f2xx_adc.c:1395:12:ADC_GetSoftwareStartInjectedConvCmdStatus	0	static
stm32f2xx_adc.c:1424:6:ADC_AutoInjectedConvCmd	0	static
stm32f2xx_adc.c:1450:6:ADC_InjectedDiscModeCmd	0	static
stm32f2xx_adc.c:1478:10:ADC_GetInjectedConversionValue	8	static
stm32f2xx_adc.c:1586:6:ADC_ITConfig	0	static
stm32f2xx_adc.c:1623:12:ADC_GetFlagStatus	0	static
stm32f2xx_adc.c:1658:6:ADC_ClearFlag	0	static
stm32f2xx_adc.c:1679:10:ADC_GetITStatus	4	static
stm32f2xx_adc.c:1720:6:ADC_ClearITPendingBit	0	static
