stm32f2xx_sdio.c:264:6:SDIO_DeInit	8	static
stm32f2xx_sdio.c:277:6:SDIO_Init	8	static
stm32f2xx_sdio.c:315:6:SDIO_StructInit	0	static
stm32f2xx_sdio.c:332:6:SDIO_ClockCmd	0	static
stm32f2xx_sdio.c:348:6:SDIO_SetPowerState	0	static
stm32f2xx_sdio.c:365:10:SDIO_GetPowerState	0	static
stm32f2xx_sdio.c:397:6:SDIO_SendCommand	8	static
stm32f2xx_sdio.c:433:6:SDIO_CmdStructInit	0	static
stm32f2xx_sdio.c:448:9:SDIO_GetCommandResponse	0	static
stm32f2xx_sdio.c:463:10:SDIO_GetResponse	8	static
stm32f2xx_sdio.c:501:6:SDIO_DataConfig	8	static
stm32f2xx_sdio.c:542:6:SDIO_DataStructInit	0	static
stm32f2xx_sdio.c:558:10:SDIO_GetDataCounter	0	static
stm32f2xx_sdio.c:568:10:SDIO_ReadData	0	static
stm32f2xx_sdio.c:578:6:SDIO_WriteData	0	static
stm32f2xx_sdio.c:588:10:SDIO_GetFIFOCount	0	static
stm32f2xx_sdio.c:617:6:SDIO_StartSDIOReadWait	0	static
stm32f2xx_sdio.c:631:6:SDIO_StopSDIOReadWait	0	static
stm32f2xx_sdio.c:647:6:SDIO_SetSDIOReadWaitMode	0	static
stm32f2xx_sdio.c:661:6:SDIO_SetSDIOOperation	0	static
stm32f2xx_sdio.c:675:6:SDIO_SendSDIOSuspendCmd	0	static
stm32f2xx_sdio.c:707:6:SDIO_CommandCompletionCmd	0	static
stm32f2xx_sdio.c:721:6:SDIO_CEATAITCmd	0	static
stm32f2xx_sdio.c:735:6:SDIO_SendCEATACmd	0	static
stm32f2xx_sdio.c:767:6:SDIO_DMACmd	0	static
stm32f2xx_sdio.c:825:6:SDIO_ITConfig	0	static
stm32f2xx_sdio.c:910:6:SDIO_ClearFlag	0	static
stm32f2xx_sdio.c:949:10:SDIO_GetITStatus	0	static
stm32f2xx_sdio.c:873:12:SDIO_GetFlagStatus	0	static
stm32f2xx_sdio.c:985:6:SDIO_ClearITPendingBit	0	static
