stm32f2xx_usart.c:183:6:USART_DeInit	8	static
stm32f2xx_usart.c:232:6:USART_Init	32	static
stm32f2xx_usart.c:345:6:USART_StructInit	0	static
stm32f2xx_usart.c:365:6:USART_ClockInit	12	static
stm32f2xx_usart.c:396:6:USART_ClockStructInit	0	static
stm32f2xx_usart.c:413:6:USART_Cmd	0	static
stm32f2xx_usart.c:439:6:USART_SetPrescaler	0	static
stm32f2xx_usart.c:460:6:USART_OverSampling8Cmd	0	static
stm32f2xx_usart.c:486:6:USART_OneBitMethodCmd	0	static
stm32f2xx_usart.c:543:6:USART_SendData	0	static
stm32f2xx_usart.c:559:10:USART_ReceiveData	0	static
stm32f2xx_usart.c:610:6:USART_SetAddress	0	static
stm32f2xx_usart.c:630:6:USART_ReceiverWakeUpCmd	0	static
stm32f2xx_usart.c:657:6:USART_WakeUpConfig	0	static
stm32f2xx_usart.c:726:6:USART_LINBreakDetectLengthConfig	0	static
stm32f2xx_usart.c:744:6:USART_LINCmd	0	static
stm32f2xx_usart.c:768:6:USART_SendBreak	0	static
stm32f2xx_usart.c:821:6:USART_HalfDuplexCmd	0	static
stm32f2xx_usart.c:906:6:USART_SetGuardTime	0	static
stm32f2xx_usart.c:925:6:USART_SmartCardCmd	0	static
stm32f2xx_usart.c:950:6:USART_SmartCardNACKCmd	0	static
stm32f2xx_usart.c:1021:6:USART_IrDAConfig	0	static
stm32f2xx_usart.c:1039:6:USART_IrDACmd	0	static
stm32f2xx_usart.c:1085:6:USART_DMACmd	0	static
stm32f2xx_usart.c:1213:6:USART_ITConfig	4	static
stm32f2xx_usart.c:1277:12:USART_GetFlagStatus	0	static
stm32f2xx_usart.c:1326:6:USART_ClearFlag	0	static
stm32f2xx_usart.c:1360:10:USART_GetITStatus	4	static
stm32f2xx_usart.c:1434:6:USART_ClearITPendingBit	0	static
