stm32f2xx_flash.c:170:6:FLASH_SetLatency	0	static
stm32f2xx_flash.c:185:6:FLASH_PrefetchBufferCmd	0	static
stm32f2xx_flash.c:207:6:FLASH_InstructionCacheCmd	0	static
stm32f2xx_flash.c:228:6:FLASH_DataCacheCmd	0	static
stm32f2xx_flash.c:249:6:FLASH_InstructionCacheReset	0	static
stm32f2xx_flash.c:260:6:FLASH_DataCacheReset	0	static
stm32f2xx_flash.c:304:6:FLASH_Unlock	0	static
stm32f2xx_flash.c:319:6:FLASH_Lock	0	static
stm32f2xx_flash.c:662:6:FLASH_OB_Unlock	0	static
stm32f2xx_flash.c:677:6:FLASH_OB_Lock	0	static
stm32f2xx_flash.c:793:6:FLASH_OB_BORConfig	0	static
stm32f2xx_flash.c:829:9:FLASH_OB_GetUser	0	static
stm32f2xx_flash.c:840:10:FLASH_OB_GetWRP	0	static
stm32f2xx_flash.c:853:12:FLASH_OB_GetRDP	0	static
stm32f2xx_flash.c:877:9:FLASH_OB_GetBOR	0	static
stm32f2xx_flash.c:907:6:FLASH_ITConfig	0	static
stm32f2xx_flash.c:938:12:FLASH_GetFlagStatus	0	static
stm32f2xx_flash.c:968:6:FLASH_ClearFlag	0	static
stm32f2xx_flash.c:983:14:FLASH_GetStatus	0	static
stm32f2xx_flash.c:1026:14:FLASH_WaitForLastOperation	16	static
stm32f2xx_flash.c:345:14:FLASH_EraseSector	16	static
stm32f2xx_flash.c:410:14:FLASH_EraseAllSectors	8	static
stm32f2xx_flash.c:463:14:FLASH_ProgramDoubleWord	24	static
stm32f2xx_flash.c:501:14:FLASH_ProgramWord	16	static
stm32f2xx_flash.c:539:14:FLASH_ProgramHalfWord	16	static
stm32f2xx_flash.c:577:14:FLASH_ProgramByte	16	static
stm32f2xx_flash.c:693:6:FLASH_OB_WRPConfig	16	static
stm32f2xx_flash.c:728:6:FLASH_OB_RDPConfig	8	static
stm32f2xx_flash.c:760:6:FLASH_OB_UserConfig	16	static
stm32f2xx_flash.c:810:14:FLASH_OB_Launch	0	static
