stm32f2xx_tim.c:3196:13:TI1_Config	12	static
stm32f2xx_tim.c:3237:13:TI2_Config	12	static
stm32f2xx_tim.c:199:6:TIM_DeInit	8	static
stm32f2xx_tim.c:287:6:TIM_TimeBaseInit	0	static
stm32f2xx_tim.c:339:6:TIM_TimeBaseStructInit	0	static
stm32f2xx_tim.c:359:6:TIM_PrescalerConfig	0	static
stm32f2xx_tim.c:382:6:TIM_CounterModeConfig	0	static
stm32f2xx_tim.c:408:6:TIM_SetCounter	0	static
stm32f2xx_tim.c:423:6:TIM_SetAutoreload	0	static
stm32f2xx_tim.c:437:10:TIM_GetCounter	0	static
stm32f2xx_tim.c:451:10:TIM_GetPrescaler	0	static
stm32f2xx_tim.c:467:6:TIM_UpdateDisableConfig	0	static
stm32f2xx_tim.c:496:6:TIM_UpdateRequestConfig	0	static
stm32f2xx_tim.c:521:6:TIM_ARRPreloadConfig	0	static
stm32f2xx_tim.c:548:6:TIM_SelectOnePulseMode	0	static
stm32f2xx_tim.c:571:6:TIM_SetClockDivision	0	static
stm32f2xx_tim.c:591:6:TIM_Cmd	0	static
stm32f2xx_tim.c:670:6:TIM_OC1Init	16	static
stm32f2xx_tim.c:751:6:TIM_OC2Init	16	static
stm32f2xx_tim.c:832:6:TIM_OC3Init	16	static
stm32f2xx_tim.c:912:6:TIM_OC4Init	16	static
stm32f2xx_tim.c:975:6:TIM_OCStructInit	0	static
stm32f2xx_tim.c:1011:6:TIM_SelectOCxM	12	static
stm32f2xx_tim.c:1057:6:TIM_SetCompare1	0	static
stm32f2xx_tim.c:1073:6:TIM_SetCompare2	0	static
stm32f2xx_tim.c:1088:6:TIM_SetCompare3	0	static
stm32f2xx_tim.c:1103:6:TIM_SetCompare4	0	static
stm32f2xx_tim.c:1121:6:TIM_ForcedOC1Config	0	static
stm32f2xx_tim.c:1150:6:TIM_ForcedOC2Config	0	static
stm32f2xx_tim.c:1178:6:TIM_ForcedOC3Config	0	static
stm32f2xx_tim.c:1207:6:TIM_ForcedOC4Config	0	static
stm32f2xx_tim.c:1235:6:TIM_OC1PreloadConfig	0	static
stm32f2xx_tim.c:1265:6:TIM_OC2PreloadConfig	0	static
stm32f2xx_tim.c:1294:6:TIM_OC3PreloadConfig	0	static
stm32f2xx_tim.c:1323:6:TIM_OC4PreloadConfig	0	static
stm32f2xx_tim.c:1352:6:TIM_OC1FastConfig	0	static
stm32f2xx_tim.c:1383:6:TIM_OC2FastConfig	0	static
stm32f2xx_tim.c:1413:6:TIM_OC3FastConfig	0	static
stm32f2xx_tim.c:1443:6:TIM_OC4FastConfig	0	static
stm32f2xx_tim.c:1473:6:TIM_ClearOC1Ref	0	static
stm32f2xx_tim.c:1503:6:TIM_ClearOC2Ref	0	static
stm32f2xx_tim.c:1532:6:TIM_ClearOC3Ref	0	static
stm32f2xx_tim.c:1561:6:TIM_ClearOC4Ref	0	static
stm32f2xx_tim.c:1590:6:TIM_OC1PolarityConfig	0	static
stm32f2xx_tim.c:1617:6:TIM_OC1NPolarityConfig	0	static
stm32f2xx_tim.c:1644:6:TIM_OC2PolarityConfig	0	static
stm32f2xx_tim.c:1671:6:TIM_OC2NPolarityConfig	0	static
stm32f2xx_tim.c:1698:6:TIM_OC3PolarityConfig	0	static
stm32f2xx_tim.c:1725:6:TIM_OC3NPolarityConfig	0	static
stm32f2xx_tim.c:1752:6:TIM_OC4PolarityConfig	0	static
stm32f2xx_tim.c:1783:6:TIM_CCxCmd	8	static
stm32f2xx_tim.c:1813:6:TIM_CCxNCmd	8	static
stm32f2xx_tim.c:1951:6:TIM_ICStructInit	0	static
stm32f2xx_tim.c:2027:10:TIM_GetCapture1	0	static
stm32f2xx_tim.c:2042:10:TIM_GetCapture2	0	static
stm32f2xx_tim.c:2056:10:TIM_GetCapture3	0	static
stm32f2xx_tim.c:2070:10:TIM_GetCapture4	0	static
stm32f2xx_tim.c:2090:6:TIM_SetIC1Prescaler	0	static
stm32f2xx_tim.c:2115:6:TIM_SetIC2Prescaler	0	static
stm32f2xx_tim.c:1970:6:TIM_PWMIConfig	24	static
stm32f2xx_tim.c:2139:6:TIM_SetIC3Prescaler	0	static
stm32f2xx_tim.c:2163:6:TIM_SetIC4Prescaler	0	static
stm32f2xx_tim.c:1895:6:TIM_ICInit	24	static
stm32f2xx_tim.c:2216:6:TIM_BDTRConfig	0	static
stm32f2xx_tim.c:2241:6:TIM_BDTRStructInit	0	static
stm32f2xx_tim.c:2260:6:TIM_CtrlPWMOutputs	0	static
stm32f2xx_tim.c:2285:6:TIM_SelectCOM	0	static
stm32f2xx_tim.c:2310:6:TIM_CCPreloadControl	0	static
stm32f2xx_tim.c:2405:6:TIM_GenerateEvent	0	static
stm32f2xx_tim.c:2438:12:TIM_GetFlagStatus	0	static
stm32f2xx_tim.c:2480:6:TIM_ClearFlag	0	static
stm32f2xx_tim.c:2508:10:TIM_GetITStatus	0	static
stm32f2xx_tim.c:2549:6:TIM_ClearITPendingBit	0	static
stm32f2xx_tim.c:2586:6:TIM_DMAConfig	0	static
stm32f2xx_tim.c:2613:6:TIM_DMACmd	0	static
stm32f2xx_tim.c:2367:6:TIM_ITConfig	0	static
stm32f2xx_tim.c:2639:6:TIM_SelectCCDMA	0	static
stm32f2xx_tim.c:2678:6:TIM_InternalClockConfig	0	static
stm32f2xx_tim.c:2699:6:TIM_ITRxExternalClockConfig	0	static
stm32f2xx_tim.c:2729:6:TIM_TIxExternalClockConfig	16	static
stm32f2xx_tim.c:2884:6:TIM_SelectInputTrigger	0	static
stm32f2xx_tim.c:2927:6:TIM_SelectOutputTrigger	0	static
stm32f2xx_tim.c:2951:6:TIM_SelectSlaveMode	0	static
stm32f2xx_tim.c:2974:6:TIM_SelectMasterSlaveMode	0	static
stm32f2xx_tim.c:3004:6:TIM_ETRConfig	8	static
stm32f2xx_tim.c:2769:6:TIM_ETRClockMode1Config	8	static
stm32f2xx_tim.c:2816:6:TIM_ETRClockMode2Config	8	static
stm32f2xx_tim.c:3062:6:TIM_EncoderInterfaceConfig	16	static
stm32f2xx_tim.c:3114:6:TIM_SelectHallSensor	0	static
stm32f2xx_tim.c:3165:6:TIM_RemapConfig	0	static
