stm32f2xx_dac.c:179:6:DAC_DeInit	8	static
stm32f2xx_dac.c:198:6:DAC_Init	12	static
stm32f2xx_dac.c:234:6:DAC_StructInit	0	static
stm32f2xx_dac.c:258:6:DAC_Cmd	0	static
stm32f2xx_dac.c:286:6:DAC_SoftwareTriggerCmd	0	static
stm32f2xx_dac.c:310:6:DAC_DualSoftwareTriggerCmd	0	static
stm32f2xx_dac.c:370:6:DAC_SetChannel1Data	8	static
stm32f2xx_dac.c:395:6:DAC_SetChannel2Data	8	static
stm32f2xx_dac.c:423:6:DAC_SetDualChannelData	0	static
stm32f2xx_dac.c:457:10:DAC_GetDataOutputValue	8	static
stm32f2xx_dac.c:502:6:DAC_DMACmd	0	static
stm32f2xx_dac.c:550:6:DAC_ITConfig	0	static
stm32f2xx_dac.c:341:6:DAC_WaveGenerationCmd	0	static
stm32f2xx_dac.c:582:12:DAC_GetFlagStatus	0	static
stm32f2xx_dac.c:617:6:DAC_ClearFlag	0	static
stm32f2xx_dac.c:640:10:DAC_GetITStatus	0	static
stm32f2xx_dac.c:680:6:DAC_ClearITPendingBit	0	static
