stm32f2xx_rcc.c:202:6:RCC_DeInit	0	static
stm32f2xx_rcc.c:243:6:RCC_HSEConfig	0	static
stm32f2xx_rcc.c:298:6:RCC_AdjustHSICalibrationValue	0	static
stm32f2xx_rcc.c:334:6:RCC_HSICmd	0	static
stm32f2xx_rcc.c:359:6:RCC_LSEConfig	0	static
stm32f2xx_rcc.c:399:6:RCC_LSICmd	0	static
stm32f2xx_rcc.c:442:6:RCC_PLLConfig	0	static
stm32f2xx_rcc.c:465:6:RCC_PLLCmd	0	static
stm32f2xx_rcc.c:492:6:RCC_PLLI2SConfig	0	static
stm32f2xx_rcc.c:508:6:RCC_PLLI2SCmd	0	static
stm32f2xx_rcc.c:526:6:RCC_ClockSecuritySystemCmd	0	static
stm32f2xx_rcc.c:551:6:RCC_MCO1Config	0	static
stm32f2xx_rcc.c:589:6:RCC_MCO2Config	0	static
stm32f2xx_rcc.c:694:6:RCC_SYSCLKConfig	0	static
stm32f2xx_rcc.c:722:9:RCC_GetSYSCLKSource	0	static
stm32f2xx_rcc.c:747:6:RCC_HCLKConfig	0	static
stm32f2xx_rcc.c:779:6:RCC_PCLK1Config	0	static
stm32f2xx_rcc.c:810:6:RCC_PCLK2Config	0	static
stm32f2xx_rcc.c:862:6:RCC_GetClocksFreq	4	static
stm32f2xx_rcc.c:987:6:RCC_RTCCLKConfig	0	static
stm32f2xx_rcc.c:1019:6:RCC_RTCCLKCmd	0	static
stm32f2xx_rcc.c:1036:6:RCC_BackupResetCmd	0	static
stm32f2xx_rcc.c:1056:6:RCC_I2SCLKConfig	0	static
stm32f2xx_rcc.c:1094:6:RCC_AHB1PeriphClockCmd	0	static
stm32f2xx_rcc.c:1126:6:RCC_AHB2PeriphClockCmd	0	static
stm32f2xx_rcc.c:1153:6:RCC_AHB3PeriphClockCmd	0	static
stm32f2xx_rcc.c:1203:6:RCC_APB1PeriphClockCmd	0	static
stm32f2xx_rcc.c:1243:6:RCC_APB2PeriphClockCmd	0	static
stm32f2xx_rcc.c:1282:6:RCC_AHB1PeriphResetCmd	0	static
stm32f2xx_rcc.c:1311:6:RCC_AHB2PeriphResetCmd	0	static
stm32f2xx_rcc.c:1335:6:RCC_AHB3PeriphResetCmd	0	static
stm32f2xx_rcc.c:1382:6:RCC_APB1PeriphResetCmd	0	static
stm32f2xx_rcc.c:1418:6:RCC_APB2PeriphResetCmd	0	static
stm32f2xx_rcc.c:1464:6:RCC_AHB1PeriphClockLPModeCmd	0	static
stm32f2xx_rcc.c:1496:6:RCC_AHB2PeriphClockLPModeCmd	0	static
stm32f2xx_rcc.c:1523:6:RCC_AHB3PeriphClockLPModeCmd	0	static
stm32f2xx_rcc.c:1573:6:RCC_APB1PeriphClockLPModeCmd	0	static
stm32f2xx_rcc.c:1613:6:RCC_APB2PeriphClockLPModeCmd	0	static
stm32f2xx_rcc.c:1658:6:RCC_ITConfig	0	static
stm32f2xx_rcc.c:1694:12:RCC_GetFlagStatus	0	static
stm32f2xx_rcc.c:267:13:RCC_WaitForHSEStartUp	16	static
stm32f2xx_rcc.c:1739:6:RCC_ClearFlag	0	static
stm32f2xx_rcc.c:1758:10:RCC_GetITStatus	0	static
stm32f2xx_rcc.c:1791:6:RCC_ClearITPendingBit	0	static
