stm32f2xx_spi.c:176:6:SPI_I2S_DeInit	8	static
stm32f2xx_spi.c:215:6:SPI_Init	24	static
stm32f2xx_spi.c:279:6:I2S_Init	16	static
stm32f2xx_spi.c:411:6:SPI_StructInit	0	static
stm32f2xx_spi.c:439:6:I2S_StructInit	0	static
stm32f2xx_spi.c:468:6:SPI_Cmd	0	static
stm32f2xx_spi.c:492:6:I2S_Cmd	0	static
stm32f2xx_spi.c:519:6:SPI_DataSizeConfig	0	static
stm32f2xx_spi.c:539:6:SPI_BiDirectionalLineConfig	0	static
stm32f2xx_spi.c:565:6:SPI_NSSInternalSoftwareConfig	0	static
stm32f2xx_spi.c:589:6:SPI_SSOutputCmd	0	static
stm32f2xx_spi.c:620:6:SPI_TIModeCmd	0	static
stm32f2xx_spi.c:671:10:SPI_I2S_ReceiveData	0	static
stm32f2xx_spi.c:687:6:SPI_I2S_SendData	0	static
stm32f2xx_spi.c:776:6:SPI_CalculateCRC	0	static
stm32f2xx_spi.c:798:6:SPI_TransmitCRC	0	static
stm32f2xx_spi.c:816:10:SPI_GetCRC	0	static
stm32f2xx_spi.c:841:10:SPI_GetCRCPolynomial	0	static
stm32f2xx_spi.c:878:6:SPI_I2S_DMACmd	0	static
stm32f2xx_spi.c:987:6:SPI_I2S_ITConfig	0	static
stm32f2xx_spi.c:1031:12:SPI_I2S_GetFlagStatus	0	static
stm32f2xx_spi.c:1072:6:SPI_I2S_ClearFlag	0	static
stm32f2xx_spi.c:1097:10:SPI_I2S_GetITStatus	4	static
stm32f2xx_spi.c:1152:6:SPI_I2S_ClearITPendingBit	0	static
