stm32f2xx_dma.c:193:6:DMA_DeInit	0	static
stm32f2xx_dma.c:316:6:DMA_Init	8	static
stm32f2xx_dma.c:400:6:DMA_StructInit	0	static
stm32f2xx_dma.c:475:6:DMA_Cmd	0	static
stm32f2xx_dma.c:511:6:DMA_PeriphIncOffsetSizeConfig	0	static
stm32f2xx_dma.c:547:6:DMA_FlowControllerConfig	0	static
stm32f2xx_dma.c:631:6:DMA_SetCurrDataCounter	0	static
stm32f2xx_dma.c:646:10:DMA_GetCurrDataCounter	0	static
stm32f2xx_dma.c:723:6:DMA_DoubleBufferModeConfig	0	static
stm32f2xx_dma.c:754:6:DMA_DoubleBufferModeCmd	0	static
stm32f2xx_dma.c:795:6:DMA_MemoryTargetConfig	0	static
stm32f2xx_dma.c:821:10:DMA_GetCurrentMemoryTarget	0	static
stm32f2xx_dma.c:930:17:DMA_GetCmdStatus	0	static
stm32f2xx_dma.c:964:10:DMA_GetFIFOStatus	0	static
stm32f2xx_dma.c:991:12:DMA_GetFlagStatus	8	static
stm32f2xx_dma.c:1105:6:DMA_ITConfig	0	static
stm32f2xx_dma.c:1157:10:DMA_GetITStatus	8	static
stm32f2xx_dma.c:1239:6:DMA_ClearITPendingBit	8	static
stm32f2xx_dma.c:1058:6:DMA_ClearFlag	0	static
