stm32f2xx_rtc.c:2206:16:RTC_ByteToBcd2	0	static
stm32f2xx_rtc.c:2224:16:RTC_Bcd2ToByte	0	static
stm32f2xx_rtc.c:475:6:RTC_StructInit	0	static
stm32f2xx_rtc.c:497:6:RTC_WriteProtectionCmd	0	static
stm32f2xx_rtc.c:524:13:RTC_EnterInitMode	8	static
stm32f2xx_rtc.c:569:6:RTC_ExitInitMode	0	static
stm32f2xx_rtc.c:429:13:RTC_Init	16	static
stm32f2xx_rtc.c:591:13:RTC_WaitForSynchro	16	static
stm32f2xx_rtc.c:351:13:RTC_DeInit	24	static
stm32f2xx_rtc.c:634:13:RTC_RefClockCmd	16	static
stm32f2xx_rtc.c:705:13:RTC_SetTime	16	static
stm32f2xx_rtc.c:801:6:RTC_TimeStructInit	0	static
stm32f2xx_rtc.c:820:6:RTC_GetTime	16	static
stm32f2xx_rtc.c:858:13:RTC_SetDate	16	static
stm32f2xx_rtc.c:941:6:RTC_DateStructInit	0	static
stm32f2xx_rtc.c:960:6:RTC_GetDate	16	static
stm32f2xx_rtc.c:1020:6:RTC_SetAlarm	32	static
stm32f2xx_rtc.c:1131:6:RTC_AlarmStructInit	0	static
stm32f2xx_rtc.c:1161:6:RTC_GetAlarm	24	static
stm32f2xx_rtc.c:1215:13:RTC_AlarmCmd	16	static
stm32f2xx_rtc.c:1296:6:RTC_WakeUpClockConfig	0	static
stm32f2xx_rtc.c:1323:6:RTC_SetWakeUpCounter	0	static
stm32f2xx_rtc.c:1344:10:RTC_GetWakeUpCounter	0	static
stm32f2xx_rtc.c:1356:13:RTC_WakeUpCmd	8	static
stm32f2xx_rtc.c:1433:6:RTC_DayLightSavingConfig	0	static
stm32f2xx_rtc.c:1460:10:RTC_GetStoreOperation	0	static
stm32f2xx_rtc.c:1499:6:RTC_OutputConfig	0	static
stm32f2xx_rtc.c:1553:13:RTC_CoarseCalibConfig	16	static
stm32f2xx_rtc.c:1594:13:RTC_CoarseCalibCmd	16	static
stm32f2xx_rtc.c:1640:6:RTC_CalibOutputCmd	0	static
stm32f2xx_rtc.c:1695:6:RTC_TimeStampCmd	0	static
stm32f2xx_rtc.c:1739:6:RTC_GetTimeStamp	24	static
stm32f2xx_rtc.c:1805:6:RTC_TamperTriggerConfig	0	static
stm32f2xx_rtc.c:1831:6:RTC_TamperCmd	0	static
stm32f2xx_rtc.c:1873:6:RTC_WriteBackupRegister	8	static
stm32f2xx_rtc.c:1894:10:RTC_ReadBackupRegister	8	static
stm32f2xx_rtc.c:1934:6:RTC_TamperPinSelection	0	static
stm32f2xx_rtc.c:1951:6:RTC_TimeStampPinSelection	0	static
stm32f2xx_rtc.c:1970:6:RTC_OutputTypeConfig	0	static
stm32f2xx_rtc.c:2041:6:RTC_ITConfig	0	static
stm32f2xx_rtc.c:2087:12:RTC_GetFlagStatus	0	static
stm32f2xx_rtc.c:2123:6:RTC_ClearFlag	0	static
stm32f2xx_rtc.c:2143:10:RTC_GetITStatus	0	static
stm32f2xx_rtc.c:2183:6:RTC_ClearITPendingBit	0	static
