position.c:45:6:position_message_init_struct	0	static
position.c:76:6:position_message_init	8	static
position.c:85:6:Position_Init	48	static
position.c:133:6:Position_SendConfig	0	static
position.c:277:6:position_store	0	static
position.c:406:6:string_Decode_UB	56	static
position.c:499:6:USART6_IRQHandler	8	static
position.c:509:6:USART6SendChar	8	static
position.c:515:6:USART6SendString	8	static
position.c:523:6:USART6SendRaw	16	static
position.c:463:9:position_in_airbone	8	static
position.c:531:9:getNumToDelim	0	static
position.c:544:6:copyString	4	static
position.c:282:6:string_Decode_NMEA	40	static
position.c:184:19:Position_UART_Capture	16	static
position.c:567:6:PositionCopy	8	static
position.c:449:6:Position_Get	8	static
