position.c:37:6:position_message_init_struct	0	static
position.c:68:6:position_message_init	0	static
position.c:77:6:Position_Init	48	static
position.c:122:6:Position_SendConfig	0	static
position.c:205:6:position_store	0	static
position.c:346:6:USART6_IRQHandler	8	static
position.c:356:6:USART6SendChar	8	static
position.c:362:6:USART6SendString	8	static
position.c:370:6:USART6SendRaw	16	static
position.c:378:9:getNumToDelim	8	static
position.c:391:6:copyString	12	static
position.c:210:6:string_Decode	40	static
position.c:173:19:Position_UART_Capture	16	static
position.c:414:6:PositionCopy	0	static
position.c:334:6:Position_Get	0	static
